../source/cJSON.c:70:28:cJSON_GetErrorPtr	4	static
../source/cJSON.c:75:22:cJSON_GetStringValue	16	static
../source/cJSON.c:88:27:cJSON_Version	16	static
../source/cJSON.c:97:12:case_insensitive_strcmp	24	static
../source/cJSON.c:149:23:cJSON_strdup	24	static
../source/cJSON.c:170:20:cJSON_InitHooks	16	static
../source/cJSON.c:202:15:cJSON_New_Item	24	static
../source/cJSON.c:214:20:cJSON_Delete	24	static
../source/cJSON.c:238:22:get_decimal_point	4	static
../source/cJSON.c:266:19:parse_number	104	static
../source/cJSON.c:343:22:cJSON_SetNumberHelper	24	static
../source/cJSON.c:373:23:ensure	24	static
../source/cJSON.c:461:13:update_offset	24	static
../source/cJSON.c:474:19:print_number	80	static
../source/cJSON.c:540:17:parse_hex4	24	static
../source/cJSON.c:577:22:utf16_literal_to_utf8	48	static
../source/cJSON.c:698:19:parse_string	48	static
../source/cJSON.c:827:19:print_string_ptr	40	static
../source/cJSON.c:949:19:print_string	16	static
../source/cJSON.c:963:22:buffer_skip_whitespace	16	static
../source/cJSON.c:984:22:skip_utf8_bom	16	static
../source/cJSON.c:1000:23:cJSON_ParseWithOpts	64	static
../source/cJSON.c:1080:23:cJSON_Parse	16	static
../source/cJSON.c:1087:23:print	64	static
../source/cJSON.c:1152:22:cJSON_Print	16	static
../source/cJSON.c:1157:22:cJSON_PrintUnformatted	16	static
../source/cJSON.c:1162:22:cJSON_PrintBuffered	64	static
../source/cJSON.c:1192:26:cJSON_PrintPreallocated	64	static
../source/cJSON.c:1212:19:parse_value	16	static
../source/cJSON.c:1267:19:print_value	24	static
../source/cJSON.c:1341:19:parse_array	32	static
../source/cJSON.c:1435:19:print_array	32	static
../source/cJSON.c:1497:19:parse_object	32	static
../source/cJSON.c:1606:19:print_object	40	static
../source/cJSON.c:1720:19:cJSON_GetArraySize	24	static
../source/cJSON.c:1743:15:get_array_item	24	static
../source/cJSON.c:1762:23:cJSON_GetArrayItem	16	static
../source/cJSON.c:1772:15:get_object_item	32	static
../source/cJSON.c:1804:23:cJSON_GetObjectItem	16	static
../source/cJSON.c:1809:23:cJSON_GetObjectItemCaseSensitive	16	static
../source/cJSON.c:1814:26:cJSON_HasObjectItem	16	static
../source/cJSON.c:1820:13:suffix_object	16	static
../source/cJSON.c:1827:15:create_reference	24	static
../source/cJSON.c:1848:19:add_item_to_array	24	static
../source/cJSON.c:1878:20:cJSON_AddItemToArray	16	static
../source/cJSON.c:1890:14:cast_away_const	16	static
../source/cJSON.c:1899:19:add_item_to_object	32	static
../source/cJSON.c:1936:20:cJSON_AddItemToObject	32	static
../source/cJSON.c:1942:20:cJSON_AddItemToObjectCS	32	static
../source/cJSON.c:1947:20:cJSON_AddItemReferenceToArray	16	static
../source/cJSON.c:1957:20:cJSON_AddItemReferenceToObject	32	static
../source/cJSON.c:1967:22:cJSON_AddNullToObject	32	static
../source/cJSON.c:1979:22:cJSON_AddTrueToObject	32	static
../source/cJSON.c:1991:22:cJSON_AddFalseToObject	32	static
../source/cJSON.c:2003:22:cJSON_AddBoolToObject	40	static
../source/cJSON.c:2015:22:cJSON_AddNumberToObject	40	static
../source/cJSON.c:2027:22:cJSON_AddStringToObject	40	static
../source/cJSON.c:2039:22:cJSON_AddRawToObject	40	static
../source/cJSON.c:2051:22:cJSON_AddObjectToObject	32	static
../source/cJSON.c:2063:22:cJSON_AddArrayToObject	32	static
../source/cJSON.c:2075:23:cJSON_DetachItemViaPointer	16	static
../source/cJSON.c:2105:23:cJSON_DetachItemFromArray	16	static
../source/cJSON.c:2115:20:cJSON_DeleteItemFromArray	16	static
../source/cJSON.c:2120:23:cJSON_DetachItemFromObject	24	static
../source/cJSON.c:2127:23:cJSON_DetachItemFromObjectCaseSensitive	24	static
../source/cJSON.c:2134:20:cJSON_DeleteItemFromObject	16	static
../source/cJSON.c:2139:20:cJSON_DeleteItemFromObjectCaseSensitive	16	static
../source/cJSON.c:2145:20:cJSON_InsertItemInArray	32	static
../source/cJSON.c:2174:26:cJSON_ReplaceItemViaPointer	24	static
../source/cJSON.c:2209:20:cJSON_ReplaceItemInArray	24	static
../source/cJSON.c:2219:19:replace_item_in_object	24	static
../source/cJSON.c:2239:20:cJSON_ReplaceItemInObject	24	static
../source/cJSON.c:2244:20:cJSON_ReplaceItemInObjectCaseSensitive	24	static
../source/cJSON.c:2250:23:cJSON_CreateNull	16	static
../source/cJSON.c:2261:23:cJSON_CreateTrue	16	static
../source/cJSON.c:2272:23:cJSON_CreateFalse	16	static
../source/cJSON.c:2283:23:cJSON_CreateBool	24	static
../source/cJSON.c:2294:23:cJSON_CreateNumber	24	static
../source/cJSON.c:2320:23:cJSON_CreateString	24	static
../source/cJSON.c:2337:23:cJSON_CreateStringReference	24	static
../source/cJSON.c:2349:23:cJSON_CreateObjectReference	24	static
../source/cJSON.c:2360:23:cJSON_CreateArrayReference	24	static
../source/cJSON.c:2370:23:cJSON_CreateRaw	24	static
../source/cJSON.c:2387:23:cJSON_CreateArray	16	static
../source/cJSON.c:2398:23:cJSON_CreateObject	16	static
../source/cJSON.c:2410:23:cJSON_CreateIntArray	32	static
../source/cJSON.c:2445:23:cJSON_CreateFloatArray	32	static
../source/cJSON.c:2481:23:cJSON_CreateDoubleArray	32	static
../source/cJSON.c:2517:23:cJSON_CreateStringArray	32	static
../source/cJSON.c:2554:23:cJSON_Duplicate	32	static
../source/cJSON.c:2633:20:cJSON_Minify	24	static
../source/cJSON.c:2703:26:cJSON_IsInvalid	16	static
../source/cJSON.c:2713:26:cJSON_IsFalse	16	static
../source/cJSON.c:2723:26:cJSON_IsTrue	16	static
../source/cJSON.c:2734:26:cJSON_IsBool	16	static
../source/cJSON.c:2743:26:cJSON_IsNull	16	static
../source/cJSON.c:2753:26:cJSON_IsNumber	16	static
../source/cJSON.c:2763:26:cJSON_IsString	16	static
../source/cJSON.c:2773:26:cJSON_IsArray	16	static
../source/cJSON.c:2783:26:cJSON_IsObject	16	static
../source/cJSON.c:2793:26:cJSON_IsRaw	16	static
../source/cJSON.c:2803:26:cJSON_Compare	40	static
../source/cJSON.c:2928:22:cJSON_malloc	16	static
../source/cJSON.c:2933:20:cJSON_free	16	static
