C:\Users\mateu\OneDrive\Pulpit\MCU\IoT_Lab2_vol4\drivers/fsl_i2c.h:714:24:I2C_MasterRepeatedStart	16	static
../source/MCP23017.c:16:9:bitForPin	16	static
../source/MCP23017.c:24:9:regForPin	16	static
../source/MCP23017.c:33:9:readRegister	24	static
../source/MCP23017.c:53:6:writeRegister	24	static
../source/MCP23017.c:72:6:updateRegisterBit	32	static
../source/MCP23017.c:90:6:selectExpander	16	static
../source/MCP23017.c:101:6:pinMode	16	static
../source/MCP23017.c:110:9:readGPIO	24	static
../source/MCP23017.c:130:6:writeGPIO	24	static
../source/MCP23017.c:144:10:readGPIOAB	24	static
../source/MCP23017.c:177:6:writeGPIOAB	24	static
../source/MCP23017.c:189:6:digitalWrite	24	static
../source/MCP23017.c:207:6:pullUp	16	static
../source/MCP23017.c:214:9:digitalRead	24	static
../source/MCP23017.c:229:6:setupInterrupts	24	static
../source/MCP23017.c:252:6:setupInterruptPin	16	static
../source/MCP23017.c:267:10:getLastInterruptValue	16	static
../source/MCP23017.c:278:9:getLastInterruptPinValue	16	static
