Archive member included to satisfy reference by file (symbol)

d:/mcuxpressoide/ide/plugins/com.nxp.mcuxpresso.tools.win32_11.7.0.202209140929/tools/bin/../lib/gcc/arm-none-eabi/10.3.1/../../../../arm-none-eabi/lib/thumb/v8-m.main+fp/hard\libcr_nohost_nf.a(_cr__main.o)
                              ./startup/startup_lpc55s69_cm33_core0.o (__main)
d:/mcuxpressoide/ide/plugins/com.nxp.mcuxpresso.tools.win32_11.7.0.202209140929/tools/bin/../lib/gcc/arm-none-eabi/10.3.1/../../../../arm-none-eabi/lib/thumb/v8-m.main+fp/hard\libcr_c.a(cosf.o)
                              ./source/oled.o (cosf)
d:/mcuxpressoide/ide/plugins/com.nxp.mcuxpresso.tools.win32_11.7.0.202209140929/tools/bin/../lib/gcc/arm-none-eabi/10.3.1/../../../../arm-none-eabi/lib/thumb/v8-m.main+fp/hard\libcr_c.a(sinf.o)
                              ./source/oled.o (sinf)
d:/mcuxpressoide/ide/plugins/com.nxp.mcuxpresso.tools.win32_11.7.0.202209140929/tools/bin/../lib/gcc/arm-none-eabi/10.3.1/../../../../arm-none-eabi/lib/thumb/v8-m.main+fp/hard\libcr_c.a(memcpy.o)
                              ./utilities/fsl_str.o (memcpy)
d:/mcuxpressoide/ide/plugins/com.nxp.mcuxpresso.tools.win32_11.7.0.202209140929/tools/bin/../lib/gcc/arm-none-eabi/10.3.1/../../../../arm-none-eabi/lib/thumb/v8-m.main+fp/hard\libcr_c.a(memset.o)
                              ./utilities/fsl_debug_console.o (memset)
d:/mcuxpressoide/ide/plugins/com.nxp.mcuxpresso.tools.win32_11.7.0.202209140929/tools/bin/../lib/gcc/arm-none-eabi/10.3.1/../../../../arm-none-eabi/lib/thumb/v8-m.main+fp/hard\libcr_c.a(alloc.o)
                              ./drivers/fsl_common.o (malloc)
d:/mcuxpressoide/ide/plugins/com.nxp.mcuxpresso.tools.win32_11.7.0.202209140929/tools/bin/../lib/gcc/arm-none-eabi/10.3.1/../../../../arm-none-eabi/lib/thumb/v8-m.main+fp/hard\libcr_c.a(errno.o)
                              ./utilities/fsl_str.o (errno)
d:/mcuxpressoide/ide/plugins/com.nxp.mcuxpresso.tools.win32_11.7.0.202209140929/tools/bin/../lib/gcc/arm-none-eabi/10.3.1/../../../../arm-none-eabi/lib/thumb/v8-m.main+fp/hard\libcr_c.a(fpprintf.o)
                              ./source/Auto-Lab01.o (sprintf)
d:/mcuxpressoide/ide/plugins/com.nxp.mcuxpresso.tools.win32_11.7.0.202209140929/tools/bin/../lib/gcc/arm-none-eabi/10.3.1/../../../../arm-none-eabi/lib/thumb/v8-m.main+fp/hard\libcr_c.a(initio.o)
                              d:/mcuxpressoide/ide/plugins/com.nxp.mcuxpresso.tools.win32_11.7.0.202209140929/tools/bin/../lib/gcc/arm-none-eabi/10.3.1/../../../../arm-none-eabi/lib/thumb/v8-m.main+fp/hard\libcr_nohost_nf.a(_cr__main.o) (_initio)
d:/mcuxpressoide/ide/plugins/com.nxp.mcuxpresso.tools.win32_11.7.0.202209140929/tools/bin/../lib/gcc/arm-none-eabi/10.3.1/../../../../arm-none-eabi/lib/thumb/v8-m.main+fp/hard\libcr_c.a(modf.o)
                              ./utilities/fsl_str.o (modf)
d:/mcuxpressoide/ide/plugins/com.nxp.mcuxpresso.tools.win32_11.7.0.202209140929/tools/bin/../lib/gcc/arm-none-eabi/10.3.1/../../../../arm-none-eabi/lib/thumb/v8-m.main+fp/hard\libcr_c.a(pow.o)
                              ./utilities/fsl_str.o (pow)
d:/mcuxpressoide/ide/plugins/com.nxp.mcuxpresso.tools.win32_11.7.0.202209140929/tools/bin/../lib/gcc/arm-none-eabi/10.3.1/../../../../arm-none-eabi/lib/thumb/v8-m.main+fp/hard\libcr_c.a(printf.o)
                              d:/mcuxpressoide/ide/plugins/com.nxp.mcuxpresso.tools.win32_11.7.0.202209140929/tools/bin/../lib/gcc/arm-none-eabi/10.3.1/../../../../arm-none-eabi/lib/thumb/v8-m.main+fp/hard\libcr_c.a(fpprintf.o) (__vfprintf)
d:/mcuxpressoide/ide/plugins/com.nxp.mcuxpresso.tools.win32_11.7.0.202209140929/tools/bin/../lib/gcc/arm-none-eabi/10.3.1/../../../../arm-none-eabi/lib/thumb/v8-m.main+fp/hard\libcr_c.a(scanf.o)
                              ./utilities/fsl_str.o (strtoul)
d:/mcuxpressoide/ide/plugins/com.nxp.mcuxpresso.tools.win32_11.7.0.202209140929/tools/bin/../lib/gcc/arm-none-eabi/10.3.1/../../../../arm-none-eabi/lib/thumb/v8-m.main+fp/hard\libcr_c.a(setvbuf.o)
                              d:/mcuxpressoide/ide/plugins/com.nxp.mcuxpresso.tools.win32_11.7.0.202209140929/tools/bin/../lib/gcc/arm-none-eabi/10.3.1/../../../../arm-none-eabi/lib/thumb/v8-m.main+fp/hard\libcr_c.a(initio.o) (setvbuf)
d:/mcuxpressoide/ide/plugins/com.nxp.mcuxpresso.tools.win32_11.7.0.202209140929/tools/bin/../lib/gcc/arm-none-eabi/10.3.1/../../../../arm-none-eabi/lib/thumb/v8-m.main+fp/hard\libcr_c.a(stdlib.o)
                              ./source/oled.o (abs)
d:/mcuxpressoide/ide/plugins/com.nxp.mcuxpresso.tools.win32_11.7.0.202209140929/tools/bin/../lib/gcc/arm-none-eabi/10.3.1/../../../../arm-none-eabi/lib/thumb/v8-m.main+fp/hard\libcr_c.a(strlen.o)
                              ./utilities/fsl_str.o (strlen)
d:/mcuxpressoide/ide/plugins/com.nxp.mcuxpresso.tools.win32_11.7.0.202209140929/tools/bin/../lib/gcc/arm-none-eabi/10.3.1/../../../../arm-none-eabi/lib/thumb/v8-m.main+fp/hard\libcr_c.a(ungetc.o)
[...]
Memory Configuration

Name             Origin             Length             Attributes
PROGRAM_FLASH    0x00000000         0x0009d800         xr
SRAM             0x20000000         0x00040000         xrw
SRAMX            0x04000000         0x00008000         xrw
USB_RAM          0x40100000         0x00004000         xrw
SRAM4            0x20040000         0x00004000         xrw
*default*        0x00000000         0xffffffff

Linker script and memory map

LOAD ./utilities/fsl_assert.o
LOAD ./utilities/fsl_debug_console.o
LOAD ./utilities/fsl_str.o
LOAD ./startup/boot_multicore_slave.o
LOAD ./startup/startup_lpc55s69_cm33_core0.o
LOAD ./source/Auto-Lab01.o
LOAD ./source/oled.o
LOAD ./source/semihost_hardfault.o
LOAD ./drivers/fsl_clock.o
LOAD ./drivers/fsl_common.o
LOAD ./drivers/fsl_common_arm.o
LOAD ./drivers/fsl_ctimer.o
LOAD ./drivers/fsl_flexcomm.o
LOAD ./drivers/fsl_gpio.o
LOAD ./drivers/fsl_i2c.o
LOAD ./drivers/fsl_lpadc.o
LOAD ./drivers/fsl_power.o
LOAD ./drivers/fsl_reset.o
LOAD ./drivers/fsl_usart.o
LOAD ./device/system_LPC55S69_cm33_core0.o
LOAD ./component/uart/fsl_adapter_usart.o
LOAD ./component/serial_manager/fsl_component_serial_manager.o
LOAD ./component/serial_manager/fsl_component_serial_port_uart.o
LOAD ./component/lists/fsl_component_generic_list.o
LOAD ./board/board.o
LOAD ./board/clock_config.o
LOAD ./board/peripherals.o
LOAD ./board/pin_mux.o
START GROUP
LOAD d:/mcuxpressoide/ide/plugins/com.nxp.mcuxpresso.tools.win32_11.7.0.202209140929/tools/bin/../lib/gcc/arm-none-eabi/10.3.1/../../../../arm-none-eabi/lib/thumb/v8-m.main+fp/hard\libcr_nohost_nf.a
LOAD d:/mcuxpressoide/ide/plugins/com.nxp.mcuxpresso.tools.win32_11.7.0.202209140929/tools/bin/../lib/gcc/arm-none-eabi/10.3.1/../../../../arm-none-eabi/lib/thumb/v8-m.main+fp/hard\libcr_c.a
LOAD d:/mcuxpressoide/ide/plugins/com.nxp.mcuxpresso.tools.win32_11.7.0.202209140929/tools/bin/../lib/gcc/arm-none-eabi/10.3.1/thumb/v8-m.main+fp/hard\libcr_eabihelpers.a
LOAD d:/mcuxpressoide/ide/plugins/com.nxp.mcuxpresso.tools.win32_11.7.0.202209140929/tools/bin/../lib/gcc/arm-none-eabi/10.3.1/thumb/v8-m.main+fp/hard\libgcc.a
END GROUP
                0x00000000                __base_PROGRAM_FLASH = 0x0
                0x00000000                __base_Flash = 0x0
                0x0009d800                __top_PROGRAM_FLASH = 0x9d800
                0x0009d800                __top_Flash = 0x9d800
                0x20000000                __base_SRAM = 0x20000000
                0x20000000                __base_RAM = 0x20000000
                0x20040000                __top_SRAM = 0x20040000
                0x20040000                __top_RAM = 0x20040000
                0x04000000                __base_SRAMX = 0x4000000
                0x04000000                __base_RAM2 = 0x4000000
                0x04008000                __top_SRAMX = 0x4008000
                0x04008000                __top_RAM2 = 0x4008000
                0x40100000                __base_USB_RAM = 0x40100000
                0x40100000                __base_RAM3 = 0x40100000
                0x40104000                __top_USB_RAM = 0x40104000
                0x40104000                __top_RAM3 = 0x40104000
                0x20040000                __base_SRAM4 = 0x20040000
                0x20040000                __base_RAM4 = 0x20040000
                0x20044000                __top_SRAM4 = 0x20044000
                0x20044000                __top_RAM4 = 0x20044000

.text           0x00000000     0x815c
 FILL mask 0xff
                0x00000000                __vectors_start__ = ABSOLUTE (.)
 *(SORT_BY_ALIGNMENT(.isr_vector))
 .isr_vector    0x00000000      0x130 ./startup/startup_lpc55s69_cm33_core0.o
                0x00000000                g_pfnVectors
                0x00000000                __Vectors
                0x00000130                . = ALIGN (0x4)
                0x00000130                __section_table_start = .
                0x00000130                __data_section_table = .
                0x00000130        0x4 LONG 0x815c LOADADDR (.data)
                0x00000134        0x4 LONG 0x20000000 ADDR (.data)
                0x00000138        0x4 LONG 0x3c SIZEOF (.data)
                0x0000013c        0x4 LONG 0x815c LOADADDR (.data_RAM2)
                0x00000140        0x4 LONG 0x4000000 ADDR (.data_RAM2)
                0x00000144        0x4 LONG 0x0 SIZEOF (.data_RAM2)
                0x00000148        0x4 LONG 0x815c LOADADDR (.data_RAM3)
                0x0000014c        0x4 LONG 0x40100000 ADDR (.data_RAM3)
                0x00000150        0x4 LONG 0x0 SIZEOF (.data_RAM3)
                0x00000154        0x4 LONG 0x815c LOADADDR (.data_RAM4)
                0x00000158        0x4 LONG 0x20040000 ADDR (.data_RAM4)
                0x0000015c        0x4 LONG 0x0 SIZEOF (.data_RAM4)
                0x00000160                __data_section_table_end = .
                0x00000160                __bss_section_table = .
                0x00000160        0x4 LONG 0x2000003c ADDR (.bss)
                0x00000164        0x4 LONG 0x594 SIZEOF (.bss)
                0x00000168        0x4 LONG 0x4000000 ADDR (.bss_RAM2)
                0x0000016c        0x4 LONG 0x0 SIZEOF (.bss_RAM2)
                0x00000170        0x4 LONG 0x40100000 ADDR (.bss_RAM3)
                0x00000174        0x4 LONG 0x0 SIZEOF (.bss_RAM3)
                0x00000178        0x4 LONG 0x20040000 ADDR (.bss_RAM4)
                0x0000017c        0x4 LONG 0x0 SIZEOF (.bss_RAM4)
                0x00000180                __bss_section_table_end = .
                0x00000180                __section_table_end = .
 *(SORT_BY_ALIGNMENT(.after_vectors*))
 .after_vectors.reset
                0x00000180       0x68 ./startup/startup_lpc55s69_cm33_core0.o
                0x00000180                ResetISR
 .after_vectors.init_data
                0x000001e8       0x1e ./startup/startup_lpc55s69_cm33_core0.o
                0x000001e8                data_init
 .after_vectors.init_bss
                0x00000206       0x12 ./startup/startup_lpc55s69_cm33_core0.o
                0x00000206                bss_init
 .after_vectors
                0x00000218       0x16 ./startup/startup_lpc55s69_cm33_core0.o
                0x00000218                NMI_Handler
                0x0000021c                MemManage_Handler
                0x0000021e                BusFault_Handler
                0x00000220                UsageFault_Handler
                0x00000222                SecureFault_Handler
                0x00000224                SVC_Handler
                0x00000226                DebugMon_Handler
                0x00000228                PendSV_Handler
                0x0000022a                SysTick_Handler
                0x0000022c                Reserved56_DriverIRQHandler
                0x0000022c                PIN_INT0_DriverIRQHandler
                0x0000022c                PIN_INT2_DriverIRQHandler
                0x0000022c                PIN_INT3_DriverIRQHandler
                0x0000022c                IntDefaultHandler
                0x0000022c                USB0_DriverIRQHandler
                0x0000022c                CASER_DriverIRQHandler
                0x0000022c                MRT0_DriverIRQHandler
                0x0000022c                UTICK0_DriverIRQHandler
                0x0000022c                Reserved41_DriverIRQHandler
                0x0000022c                PIN_INT4_DriverIRQHandler
                0x0000022c                PIN_INT5_DriverIRQHandler
                0x0000022c                SEC_GPIO_INT0_IRQ0_DriverIRQHandler
                0x0000022c                GINT1_DriverIRQHandler
                0x0000022c                PIN_INT7_DriverIRQHandler
                0x0000022c                Reserved55_DriverIRQHandler
                0x0000022c                SEC_VIO_DriverIRQHandler
                0x0000022c                USB0_NEEDCLK_DriverIRQHandler
                0x0000022c                Reserved42_DriverIRQHandler
                0x0000022c                PIN_INT6_DriverIRQHandler
                0x0000022c                PQ_DriverIRQHandler
                0x0000022c                MAILBOX_DriverIRQHandler
                0x0000022c                PIN_INT1_DriverIRQHandler
                0x0000022c                Reserved61_DriverIRQHandler
                0x0000022c                SEC_GPIO_INT0_IRQ1_DriverIRQHandler
                0x0000022c                PUF_DriverIRQHandler
                0x0000022c                RTC_DriverIRQHandler
                0x0000022c                DMA0_DriverIRQHandler
                0x0000022c                Reserved39_DriverIRQHandler
                0x0000022c                USB1_DriverIRQHandler
                0x0000022c                Reserved60_DriverIRQHandler
                0x0000022c                DMA1_DriverIRQHandler
                0x0000022c                ADC0_DriverIRQHandler
                0x0000022c                USB1_NEEDCLK_DriverIRQHandler
                0x0000022c                Reserved59_DriverIRQHandler
                0x0000022c                SDIO_DriverIRQHandler
                0x0000022c                GINT0_DriverIRQHandler
                0x0000022c                USB1_PHY_DriverIRQHandler
                0x0000022c                ACMP_DriverIRQHandler
                0x0000022c                Reserved57_DriverIRQHandler
                0x0000022c                HASHCRYPT_DriverIRQHandler
                0x0000022c                Reserved46_DriverIRQHandler
                0x0000022c                WDT_BOD_DriverIRQHandler
                0x0000022c                SCT0_DriverIRQHandler
                0x0000022c                PLU_DriverIRQHandler
                0x0000022c                OS_EVENT_DriverIRQHandler
                0x0000022c                SEC_HYPERVISOR_CALL_DriverIRQHandler
 *(SORT_BY_ALIGNMENT(.text*))
 *fill*         0x0000022e        0x2 ff
 .text.ConvertFloatRadixNumToString
                0x00000230      0x2c8 ./utilities/fsl_str.o
 .text.fp_display
                0x000004f8      0x964 d:/mcuxpressoide/ide/plugins/com.nxp.mcuxpresso.tools.win32_11.7.0.202209140929/tools/bin/../lib/gcc/arm-none-eabi/10.3.1/../../../../arm-none-eabi/lib/thumb/v8-m.main+fp/hard\libcr_c.a(fpprintf.o)
 *fill*         0x00000e5c        0x4 ff
 .text.pow      0x00000e60      0x564 d:/mcuxpressoide/ide/plugins/com.nxp.mcuxpresso.tools.win32_11.7.0.202209140929/tools/bin/../lib/gcc/arm-none-eabi/10.3.1/../../../../arm-none-eabi/lib/thumb/v8-m.main+fp/hard\libcr_c.a(pow.o)
                0x00000e60                pow
 *fill*         0x000013c4        0x4 ff
 .text._frexpl  0x000013c8       0x68 d:/mcuxpressoide/ide/plugins/com.nxp.mcuxpresso.tools.win32_11.7.0.202209140929/tools/bin/../lib/gcc/arm-none-eabi/10.3.1/../../../../arm-none-eabi/lib/thumb/v8-m.main+fp/hard\libcr_c.a(_frexpl.o)
                0x000013c8                _frexpl
 .text._ldexpl  0x00001430       0x5c d:/mcuxpressoide/ide/plugins/com.nxp.mcuxpresso.tools.win32_11.7.0.202209140929/tools/bin/../lib/gcc/arm-none-eabi/10.3.1/../../../../arm-none-eabi/lib/thumb/v8-m.main+fp/hard\libcr_c.a(_ldexpl.o)
                0x00001430                _ldexpl
 *fill*         0x0000148c        0x4 ff
 .text.frexp    0x00001490       0x68 d:/mcuxpressoide/ide/plugins/com.nxp.mcuxpresso.tools.win32_11.7.0.202209140929/tools/bin/../lib/gcc/arm-none-eabi/10.3.1/../../../../arm-none-eabi/lib/thumb/v8-m.main+fp/hard\libcr_c.a(frexp.o)
                0x00001490                frexp
 .text.ldexp    0x000014f8       0x5c d:/mcuxpressoide/ide/plugins/com.nxp.mcuxpresso.tools.win32_11.7.0.202209140929/tools/bin/../lib/gcc/arm-none-eabi/10.3.1/../../../../arm-none-eabi/lib/thumb/v8-m.main+fp/hard\libcr_c.a(ldexp.o)
                0x000014f8                ldexp
 .text.__assertion_failed
                0x00001554       0x18 ./utilities/fsl_assert.o
                0x00001554                __assertion_failed
 .text.DbgConsole_SendDataReliable
                0x0000156c       0x54 ./utilities/fsl_debug_console.o
                0x0000156c                DbgConsole_SendDataReliable
 .text.DbgConsole_Init
                0x000015c0      0x12c ./utilities/fsl_debug_console.o
                0x000015c0                DbgConsole_Init
 .text.DbgConsole_Vprintf
                0x000016ec       0x6c ./utilities/fsl_debug_console.o
                0x000016ec                DbgConsole_Vprintf
 .text.POWER_DisablePD
                0x00001758       0x20 ./source/Auto-Lab01.o
 .text.ADC0_IRQHandler
                0x00001778       0x3c ./source/Auto-Lab01.o
                0x00001778                ADC0_IRQHandler
 .text.main     0x000017b4      0x138 ./source/Auto-Lab01.o
                0x000017b4                main
 .text.OLED_Write_Byte
                0x000018ec       0x64 ./source/oled.o
 .text.OLED_Init
                0x00001950       0xf8 ./source/oled.o
                0x00001950                OLED_Init
 .text.OLED_Refresh_Gram
                0x00001a48       0x70 ./source/oled.o
                0x00001a48                OLED_Refresh_Gram
 .text.OLED_Clear_Screen
                0x00001ab8       0x6c ./source/oled.o
                0x00001ab8                OLED_Clear_Screen
 .text.OLED_Draw_Point
                0x00001b24       0xa8 ./source/oled.o
                0x00001b24                OLED_Draw_Point
 .text.OLED_Puts
                0x00001bcc       0xb0 ./source/oled.o
                0x00001bcc                OLED_Puts
 .text.POWER_EnablePD
                0x00001c7c       0x20 ./drivers/fsl_clock.o
 .text.POWER_DisablePD
                0x00001c9c       0x20 ./drivers/fsl_clock.o
 .text.CLOCK_AttachClk
                0x00001cbc       0xa0 ./drivers/fsl_clock.o
                0x00001cbc                CLOCK_AttachClk
 .text.CLOCK_SetClkDiv
                0x00001d5c       0x80 ./drivers/fsl_clock.o
                0x00001d5c                CLOCK_SetClkDiv
 .text.CLOCK_SetupFROClocking
                0x00001ddc       0x80 ./drivers/fsl_clock.o
                0x00001ddc                CLOCK_SetupFROClocking
 .text.CLOCK_SetFLASHAccessCyclesForFreq
                0x00001e5c      0x148 ./drivers/fsl_clock.o
                0x00001e5c                CLOCK_SetFLASHAccessCyclesForFreq
 .text.CLOCK_SetupExtClocking
                0x00001fa4       0x50 ./drivers/fsl_clock.o
                0x00001fa4                CLOCK_SetupExtClocking
 .text.CLOCK_GetFro1MFreq
                0x00001ff4       0x28 ./drivers/fsl_clock.o
                0x00001ff4                CLOCK_GetFro1MFreq
 .text.CLOCK_GetExtClkFreq
                0x0000201c       0x2c ./drivers/fsl_clock.o
                0x0000201c                CLOCK_GetExtClkFreq
 .text.CLOCK_GetOsc32KFreq
                0x00002048       0x58 ./drivers/fsl_clock.o
                0x00002048                CLOCK_GetOsc32KFreq
 .text.CLOCK_GetPLL0InClockRate
                0x000020a0       0x64 ./drivers/fsl_clock.o
                0x000020a0                CLOCK_GetPLL0InClockRate
 .text.CLOCK_SetPLL0Freq
                0x00002104      0x12c ./drivers/fsl_clock.o
                0x00002104                CLOCK_SetPLL0Freq
 .text.SDK_DelayAtLeastUs
                0x00002230       0x8c ./drivers/fsl_common_arm.o
                0x00002230                SDK_DelayAtLeastUs
 .text.__NVIC_EnableIRQ
                0x000022bc       0x3c ./drivers/fsl_ctimer.o
 .text.CTIMER_GetInstance
                0x000022f8       0x54 ./drivers/fsl_ctimer.o
 .text.CTIMER_Init
                0x0000234c       0x74 ./drivers/fsl_ctimer.o
                0x0000234c                CTIMER_Init
 .text.CTIMER_SetupMatch
                0x000023c0      0x11c ./drivers/fsl_ctimer.o
                0x000023c0                CTIMER_SetupMatch
 .text.CTIMER_GenericIRQHandler
                0x000024dc       0xb4 ./drivers/fsl_ctimer.o
 .text.FLEXCOMM_GetInstance
                0x00002590       0x50 ./drivers/fsl_flexcomm.o
                0x00002590                FLEXCOMM_GetInstance
 .text.FLEXCOMM_Init
                0x000025e0       0x50 ./drivers/fsl_flexcomm.o
                0x000025e0                FLEXCOMM_Init
 .text.FLEXCOMM0_DriverIRQHandler
                0x00002630       0x5c ./drivers/fsl_flexcomm.o
                0x00002630                FLEXCOMM0_DriverIRQHandler
 .text.FLEXCOMM1_DriverIRQHandler
                0x0000268c       0x5c ./drivers/fsl_flexcomm.o
                0x0000268c                FLEXCOMM1_DriverIRQHandler
 .text.FLEXCOMM2_DriverIRQHandler
                0x000026e8       0x5c ./drivers/fsl_flexcomm.o
                0x000026e8                FLEXCOMM2_DriverIRQHandler
 .text.FLEXCOMM3_DriverIRQHandler
                0x00002744       0x5c ./drivers/fsl_flexcomm.o
                0x00002744                FLEXCOMM3_DriverIRQHandler
 .text.FLEXCOMM4_DriverIRQHandler
                0x000027a0       0x5c ./drivers/fsl_flexcomm.o
                0x000027a0                FLEXCOMM4_DriverIRQHandler
 .text.FLEXCOMM5_DriverIRQHandler
                0x000027fc       0x5c ./drivers/fsl_flexcomm.o
                0x000027fc                FLEXCOMM5_DriverIRQHandler
 .text.FLEXCOMM6_DriverIRQHandler
                0x00002858       0x5c ./drivers/fsl_flexcomm.o
                0x00002858                FLEXCOMM6_DriverIRQHandler
 .text.FLEXCOMM7_DriverIRQHandler
                0x000028b4       0x5c ./drivers/fsl_flexcomm.o
                0x000028b4                FLEXCOMM7_DriverIRQHandler
 .text.FLEXCOMM8_DriverIRQHandler
                0x00002910       0x5c ./drivers/fsl_flexcomm.o
                0x00002910                FLEXCOMM8_DriverIRQHandler
 .text.GPIO_EnablePortClock
                0x0000296c       0x34 ./drivers/fsl_gpio.o
 .text.I2C_ClearStatusFlags
                0x000029a0       0x2c ./drivers/fsl_i2c.o
 .text.I2C_MasterSetBaudRate
                0x000029cc      0x13c ./drivers/fsl_i2c.o
                0x000029cc                I2C_MasterSetBaudRate
 .text.I2C_MasterSetTimeoutValue
                0x00002b08       0x74 ./drivers/fsl_i2c.o
                0x00002b08                I2C_MasterSetTimeoutValue
 .text.I2C_PendingStatusWait
                0x00002b7c       0x74 ./drivers/fsl_i2c.o
 .text.I2C_MasterWriteBlocking
                0x00002bf0       0xe4 ./drivers/fsl_i2c.o
                0x00002bf0                I2C_MasterWriteBlocking
 .text.LPADC_GetInstance
                0x00002cd4       0x44 ./drivers/fsl_lpadc.o
 .text.LPADC_Init
                0x00002d18      0x114 ./drivers/fsl_lpadc.o
                0x00002d18                LPADC_Init
 .text.LPADC_GetConvResult
                0x00002e2c       0x6c ./drivers/fsl_lpadc.o
                0x00002e2c                LPADC_GetConvResult
 .text.LPADC_SetConvTriggerConfig
                0x00002e98       0x8c ./drivers/fsl_lpadc.o
                0x00002e98                LPADC_SetConvTriggerConfig
 .text.LPADC_SetConvCommandConfig
                0x00002f24      0x110 ./drivers/fsl_lpadc.o
                0x00002f24                LPADC_SetConvCommandConfig
 .text.LPADC_DoAutoCalibration
                0x00003034       0xec ./drivers/fsl_lpadc.o
                0x00003034                LPADC_DoAutoCalibration
 .text.lowpower_set_system_voltage
                0x00003120      0x154 ./drivers/fsl_power.o
 .text.lowpower_set_dcdc_power_profile
                0x00003274       0xec ./drivers/fsl_power.o
 .text.lowpower_get_part_process_corner
                0x00003360       0x94 ./drivers/fsl_power.o
 .text.POWER_SetVoltageForFreq
                0x000033f4       0x50 ./drivers/fsl_power.o
                0x000033f4                POWER_SetVoltageForFreq
 .text.RESET_SetPeripheralReset
                0x00003444       0x5c ./drivers/fsl_reset.o
                0x00003444                RESET_SetPeripheralReset
 .text.RESET_ClearPeripheralReset
                0x000034a0       0x60 ./drivers/fsl_reset.o
                0x000034a0                RESET_ClearPeripheralReset
 .text.USART_Init
                0x00003500      0x1cc ./drivers/fsl_usart.o
                0x00003500                USART_Init
 .text.USART_GetDefaultConfig
                0x000036cc       0x80 ./drivers/fsl_usart.o
                0x000036cc                USART_GetDefaultConfig
 .text.USART_SetBaudRate
                0x0000374c      0x18c ./drivers/fsl_usart.o
                0x0000374c                USART_SetBaudRate
 .text.USART_WriteBlocking
                0x000038d8       0x8c ./drivers/fsl_usart.o
                0x000038d8                USART_WriteBlocking
 .text.SystemInit
                0x00003964       0x64 ./device/system_LPC55S69_cm33_core0.o
                0x00003964                SystemInit
 .text.HAL_UartInitCommon
                0x000039c8      0x110 ./component/uart/fsl_adapter_usart.o
 .text.HAL_UartSendBlocking
                0x00003ad8       0x64 ./component/uart/fsl_adapter_usart.o
                0x00003ad8                HAL_UartSendBlocking
 .text.BOARD_InitDebugConsole
                0x00003b3c       0x38 ./board/board.o
                0x00003b3c                BOARD_InitDebugConsole
 .text.POWER_DisablePD
                0x00003b74       0x20 ./board/clock_config.o
 .text.BOARD_BootClockPLL150M
                0x00003b94      0x120 ./board/clock_config.o
                0x00003b94                BOARD_BootClockPLL150M
 .text.__NVIC_EnableIRQ
                0x00003cb4       0x3c ./board/peripherals.o
 .text.__NVIC_SetPriority
                0x00003cf0       0x54 ./board/peripherals.o
 .text.POWER_DisablePD
                0x00003d44       0x20 ./board/peripherals.o
 .text.FLEXCOMM1_init
                0x00003d64       0x20 ./board/peripherals.o
 .text.CTIMER0_init
                0x00003d84       0x2c ./board/peripherals.o
 .text.ADC0_init
                0x00003db0       0x58 ./board/peripherals.o
 .text.BOARD_InitDEBUG_UARTPins
                0x00003e08       0x3c ./board/pin_mux.o
                0x00003e08                BOARD_InitDEBUG_UARTPins
 .text.BOARD_InitPMODPins
                0x00003e44       0xa4 ./board/pin_mux.o
                0x00003e44                BOARD_InitPMODPins
 .text.malloc   0x00003ee8       0xc8 d:/mcuxpressoide/ide/plugins/com.nxp.mcuxpresso.tools.win32_11.7.0.202209140929/tools/bin/../lib/gcc/arm-none-eabi/10.3.1/../../../../arm-none-eabi/lib/thumb/v8-m.main+fp/hard\libcr_c.a(alloc.o)
                0x00003ee8                malloc
 .text._Csys_alloc
                0x00003fb0       0x20 d:/mcuxpressoide/ide/plugins/com.nxp.mcuxpresso.tools.win32_11.7.0.202209140929/tools/bin/../lib/gcc/arm-none-eabi/10.3.1/../../../../arm-none-eabi/lib/thumb/v8-m.main+fp/hard\libcr_c.a(alloc.o)
                0x00003fb0                _Csys_alloc
 .text.sprintf  0x00003fd0       0x6c d:/mcuxpressoide/ide/plugins/com.nxp.mcuxpresso.tools.win32_11.7.0.202209140929/tools/bin/../lib/gcc/arm-none-eabi/10.3.1/../../../../arm-none-eabi/lib/thumb/v8-m.main+fp/hard\libcr_c.a(fpprintf.o)
                0x00003fd0                sprintf
 .text._initio  0x0000403c       0x78 d:/mcuxpressoide/ide/plugins/com.nxp.mcuxpresso.tools.win32_11.7.0.202209140929/tools/bin/../lib/gcc/arm-none-eabi/10.3.1/../../../../arm-none-eabi/lib/thumb/v8-m.main+fp/hard\libcr_c.a(initio.o)
                0x0000403c                _initio
 .text.modf     0x000040b4       0x8c d:/mcuxpressoide/ide/plugins/com.nxp.mcuxpresso.tools.win32_11.7.0.202209140929/tools/bin/../lib/gcc/arm-none-eabi/10.3.1/../../../../arm-none-eabi/lib/thumb/v8-m.main+fp/hard\libcr_c.a(modf.o)
                0x000040b4                modf
 .text.__vfprintf
                0x00004140      0xbf4 d:/mcuxpressoide/ide/plugins/com.nxp.mcuxpresso.tools.win32_11.7.0.202209140929/tools/bin/../lib/gcc/arm-none-eabi/10.3.1/../../../../arm-none-eabi/lib/thumb/v8-m.main+fp/hard\libcr_c.a(printf.o)
                0x00004140                __vfprintf
 .text._sbrk    0x00004d34       0x3c d:/mcuxpressoide/ide/plugins/com.nxp.mcuxpresso.tools.win32_11.7.0.202209140929/tools/bin/../lib/gcc/arm-none-eabi/10.3.1/../../../../arm-none-eabi/lib/thumb/v8-m.main+fp/hard\libcr_c.a(_cr_sbrk.o)
                0x00004d34                _sbrk
 .text._Cwritebuf
                0x00004d70       0x6c d:/mcuxpressoide/ide/plugins/com.nxp.mcuxpresso.tools.win32_11.7.0.202209140929/tools/bin/../lib/gcc/arm-none-eabi/10.3.1/../../../../arm-none-eabi/lib/thumb/v8-m.main+fp/hard\libcr_c.a(_writebuf.o)
                0x00004d70                _Cwritebuf
 .text.fflush   0x00004ddc       0x3c d:/mcuxpressoide/ide/plugins/com.nxp.mcuxpresso.tools.win32_11.7.0.202209140929/tools/bin/../lib/gcc/arm-none-eabi/10.3.1/../../../../arm-none-eabi/lib/thumb/v8-m.main+fp/hard\libcr_c.a(fflush.o)
                0x00004ddc                fflush
 .text.fseek    0x00004e18       0xfc d:/mcuxpressoide/ide/plugins/com.nxp.mcuxpresso.tools.win32_11.7.0.202209140929/tools/bin/../lib/gcc/arm-none-eabi/10.3.1/../../../../arm-none-eabi/lib/thumb/v8-m.main+fp/hard\libcr_c.a(fseek.o)
                0x00004e18                fseek
 .text.ftell    0x00004f14       0x44 d:/mcuxpressoide/ide/plugins/com.nxp.mcuxpresso.tools.win32_11.7.0.202209140929/tools/bin/../lib/gcc/arm-none-eabi/10.3.1/../../../../arm-none-eabi/lib/thumb/v8-m.main+fp/hard\libcr_c.a(ftell.o)
                0x00004f14                ftell
 .text.__check_heap_overflow
                0x00004f58       0x18 d:/mcuxpressoide/ide/plugins/com.nxp.mcuxpresso.tools.win32_11.7.0.202209140929/tools/bin/../lib/gcc/arm-none-eabi/10.3.1/../../../../arm-none-eabi/lib/thumb/v8-m.main+fp/hard\libcr_c.a(_cr_check_heap.o)
                0x00004f58                __check_heap_overflow
 .text.__aeabi_dmul
                0x00004f70       0xfc d:/mcuxpressoide/ide/plugins/com.nxp.mcuxpresso.tools.win32_11.7.0.202209140929/tools/bin/../lib/gcc/arm-none-eabi/10.3.1/thumb/v8-m.main+fp/hard\libcr_eabihelpers.a(double.o)
                0x00004f70                __aeabi_dmul
 .text.__aeabi_ddiv
                0x0000506c      0x13c d:/mcuxpressoide/ide/plugins/com.nxp.mcuxpresso.tools.win32_11.7.0.202209140929/tools/bin/../lib/gcc/arm-none-eabi/10.3.1/thumb/v8-m.main+fp/hard\libcr_eabihelpers.a(double.o)
                0x0000506c                __aeabi_ddiv
 .text.__aeabi_dsub
                0x000051a8      0x1ac d:/mcuxpressoide/ide/plugins/com.nxp.mcuxpresso.tools.win32_11.7.0.202209140929/tools/bin/../lib/gcc/arm-none-eabi/10.3.1/thumb/v8-m.main+fp/hard\libcr_eabihelpers.a(double.o)
                0x000051a8                __aeabi_dsub
 .text.__aeabi_dadd
                0x00005354      0x118 d:/mcuxpressoide/ide/plugins/com.nxp.mcuxpresso.tools.win32_11.7.0.202209140929/tools/bin/../lib/gcc/arm-none-eabi/10.3.1/thumb/v8-m.main+fp/hard\libcr_eabihelpers.a(double.o)
                0x00005354                __aeabi_dadd
 .text.__aeabi_d2f
                0x0000546c       0x58 d:/mcuxpressoide/ide/plugins/com.nxp.mcuxpresso.tools.win32_11.7.0.202209140929/tools/bin/../lib/gcc/arm-none-eabi/10.3.1/thumb/v8-m.main+fp/hard\libcr_eabihelpers.a(double.o)
                0x0000546c                __aeabi_d2f
 .text.__aeabi_f2d
                0x000054c4       0x38 d:/mcuxpressoide/ide/plugins/com.nxp.mcuxpresso.tools.win32_11.7.0.202209140929/tools/bin/../lib/gcc/arm-none-eabi/10.3.1/thumb/v8-m.main+fp/hard\libcr_eabihelpers.a(float.o)
                0x000054c4                __aeabi_f2d
 .text.DbgConsole_PrintCallback
                0x000054fc       0x66 ./utilities/fsl_debug_console.o
 .text.DbgConsole_Printf
                0x00005562       0x2c ./utilities/fsl_debug_console.o
                0x00005562                DbgConsole_Printf
 .text.PrintGetWidth
                0x0000558e       0x6a ./utilities/fsl_str.o
 .text.PrintGetPrecision
                0x000055f8       0x8c ./utilities/fsl_str.o
 .text.PrintIsobpu
                0x00005684       0x38 ./utilities/fsl_str.o
 .text.PrintIsdi
                0x000056bc       0x2c ./utilities/fsl_str.o
 .text.PrintOutputdifFobpu
                0x000056e8       0x44 ./utilities/fsl_str.o
 .text.PrintOutputxX
                0x0000572c       0x44 ./utilities/fsl_str.o
 .text.PrintIsfF
                0x00005770       0x2c ./utilities/fsl_str.o
 .text.PrintIsxX
                0x0000579c       0x2c ./utilities/fsl_str.o
 .text.PrintFilterLengthFlag
                0x000057c8       0x3e ./utilities/fsl_str.o
 .text.PrintGetRadixFromobpu
                0x00005806       0x40 ./utilities/fsl_str.o
 .text.ConvertRadixNumToString
                0x00005846       0xc2 ./utilities/fsl_str.o
 .text.StrFormatPrintf
                0x00005908      0x2f0 ./utilities/fsl_str.o
                0x00005908                StrFormatPrintf
 .text.WDT_BOD_IRQHandler
                0x00005bf8        0x8 ./startup/startup_lpc55s69_cm33_core0.o
                0x00005bf8                WDT_BOD_IRQHandler
 .text.DMA0_IRQHandler
                0x00005c00        0x8 ./startup/startup_lpc55s69_cm33_core0.o
                0x00005c00                DMA0_IRQHandler
 .text.GINT0_IRQHandler
                0x00005c08        0x8 ./startup/startup_lpc55s69_cm33_core0.o
                0x00005c08                GINT0_IRQHandler
 .text.GINT1_IRQHandler
                0x00005c10        0x8 ./startup/startup_lpc55s69_cm33_core0.o
                0x00005c10                GINT1_IRQHandler
 .text.PIN_INT0_IRQHandler
                0x00005c18        0x8 ./startup/startup_lpc55s69_cm33_core0.o
                0x00005c18                PIN_INT0_IRQHandler
 .text.PIN_INT1_IRQHandler
                0x00005c20        0x8 ./startup/startup_lpc55s69_cm33_core0.o
                0x00005c20                PIN_INT1_IRQHandler
 .text.PIN_INT2_IRQHandler
                0x00005c28        0x8 ./startup/startup_lpc55s69_cm33_core0.o
                0x00005c28                PIN_INT2_IRQHandler
 .text.PIN_INT3_IRQHandler
                0x00005c30        0x8 ./startup/startup_lpc55s69_cm33_core0.o
                0x00005c30                PIN_INT3_IRQHandler
 .text.UTICK0_IRQHandler
                0x00005c38        0x8 ./startup/startup_lpc55s69_cm33_core0.o
                0x00005c38                UTICK0_IRQHandler
 .text.MRT0_IRQHandler
                0x00005c40        0x8 ./startup/startup_lpc55s69_cm33_core0.o
                0x00005c40                MRT0_IRQHandler
 .text.CTIMER0_IRQHandler
                0x00005c48        0x8 ./startup/startup_lpc55s69_cm33_core0.o
                0x00005c48                CTIMER0_IRQHandler
 .text.CTIMER1_IRQHandler
                0x00005c50        0x8 ./startup/startup_lpc55s69_cm33_core0.o
                0x00005c50                CTIMER1_IRQHandler
 .text.SCT0_IRQHandler
                0x00005c58        0x8 ./startup/startup_lpc55s69_cm33_core0.o
                0x00005c58                SCT0_IRQHandler
 .text.CTIMER3_IRQHandler
                0x00005c60        0x8 ./startup/startup_lpc55s69_cm33_core0.o
                0x00005c60                CTIMER3_IRQHandler
 .text.FLEXCOMM0_IRQHandler
                0x00005c68        0x8 ./startup/startup_lpc55s69_cm33_core0.o
                0x00005c68                FLEXCOMM0_IRQHandler
 .text.FLEXCOMM1_IRQHandler
                0x00005c70        0x8 ./startup/startup_lpc55s69_cm33_core0.o
                0x00005c70                FLEXCOMM1_IRQHandler
 .text.FLEXCOMM2_IRQHandler
                0x00005c78        0x8 ./startup/startup_lpc55s69_cm33_core0.o
                0x00005c78                FLEXCOMM2_IRQHandler
 .text.FLEXCOMM3_IRQHandler
                0x00005c80        0x8 ./startup/startup_lpc55s69_cm33_core0.o
                0x00005c80                FLEXCOMM3_IRQHandler
 .text.FLEXCOMM4_IRQHandler
                0x00005c88        0x8 ./startup/startup_lpc55s69_cm33_core0.o
                0x00005c88                FLEXCOMM4_IRQHandler
 .text.FLEXCOMM5_IRQHandler
                0x00005c90        0x8 ./startup/startup_lpc55s69_cm33_core0.o
                0x00005c90                FLEXCOMM5_IRQHandler
 .text.FLEXCOMM6_IRQHandler
                0x00005c98        0x8 ./startup/startup_lpc55s69_cm33_core0.o
                0x00005c98                FLEXCOMM6_IRQHandler
 .text.FLEXCOMM7_IRQHandler
                0x00005ca0        0x8 ./startup/startup_lpc55s69_cm33_core0.o
                0x00005ca0                FLEXCOMM7_IRQHandler
 .text.Reserved39_IRQHandler
                0x00005ca8        0x8 ./startup/startup_lpc55s69_cm33_core0.o
                0x00005ca8                Reserved39_IRQHandler
 .text.ACMP_IRQHandler
                0x00005cb0        0x8 ./startup/startup_lpc55s69_cm33_core0.o
                0x00005cb0                ACMP_IRQHandler
 .text.Reserved41_IRQHandler
                0x00005cb8        0x8 ./startup/startup_lpc55s69_cm33_core0.o
                0x00005cb8                Reserved41_IRQHandler
 .text.Reserved42_IRQHandler
                0x00005cc0        0x8 ./startup/startup_lpc55s69_cm33_core0.o
                0x00005cc0                Reserved42_IRQHandler
 .text.USB0_NEEDCLK_IRQHandler
                0x00005cc8        0x8 ./startup/startup_lpc55s69_cm33_core0.o
                0x00005cc8                USB0_NEEDCLK_IRQHandler
 .text.USB0_IRQHandler
                0x00005cd0        0x8 ./startup/startup_lpc55s69_cm33_core0.o
                0x00005cd0                USB0_IRQHandler
 .text.RTC_IRQHandler
                0x00005cd8        0x8 ./startup/startup_lpc55s69_cm33_core0.o
                0x00005cd8                RTC_IRQHandler
 .text.Reserved46_IRQHandler
                0x00005ce0        0x8 ./startup/startup_lpc55s69_cm33_core0.o
                0x00005ce0                Reserved46_IRQHandler
 .text.MAILBOX_IRQHandler
                0x00005ce8        0x8 ./startup/startup_lpc55s69_cm33_core0.o
                0x00005ce8                MAILBOX_IRQHandler
 .text.PIN_INT4_IRQHandler
                0x00005cf0        0x8 ./startup/startup_lpc55s69_cm33_core0.o
                0x00005cf0                PIN_INT4_IRQHandler
 .text.PIN_INT5_IRQHandler
                0x00005cf8        0x8 ./startup/startup_lpc55s69_cm33_core0.o
                0x00005cf8                PIN_INT5_IRQHandler
 .text.PIN_INT6_IRQHandler
                0x00005d00        0x8 ./startup/startup_lpc55s69_cm33_core0.o
                0x00005d00                PIN_INT6_IRQHandler
 .text.PIN_INT7_IRQHandler
                0x00005d08        0x8 ./startup/startup_lpc55s69_cm33_core0.o
                0x00005d08                PIN_INT7_IRQHandler
 .text.CTIMER2_IRQHandler
                0x00005d10        0x8 ./startup/startup_lpc55s69_cm33_core0.o
                0x00005d10                CTIMER2_IRQHandler
 .text.CTIMER4_IRQHandler
                0x00005d18        0x8 ./startup/startup_lpc55s69_cm33_core0.o
                0x00005d18                CTIMER4_IRQHandler
 .text.OS_EVENT_IRQHandler
                0x00005d20        0x8 ./startup/startup_lpc55s69_cm33_core0.o
                0x00005d20                OS_EVENT_IRQHandler
 .text.Reserved55_IRQHandler
                0x00005d28        0x8 ./startup/startup_lpc55s69_cm33_core0.o
                0x00005d28                Reserved55_IRQHandler
 .text.Reserved56_IRQHandler
                0x00005d30        0x8 ./startup/startup_lpc55s69_cm33_core0.o
                0x00005d30                Reserved56_IRQHandler
 .text.Reserved57_IRQHandler
                0x00005d38        0x8 ./startup/startup_lpc55s69_cm33_core0.o
                0x00005d38                Reserved57_IRQHandler
 .text.SDIO_IRQHandler
                0x00005d40        0x8 ./startup/startup_lpc55s69_cm33_core0.o
                0x00005d40                SDIO_IRQHandler
 .text.Reserved59_IRQHandler
                0x00005d48        0x8 ./startup/startup_lpc55s69_cm33_core0.o
                0x00005d48                Reserved59_IRQHandler
 .text.Reserved60_IRQHandler
                0x00005d50        0x8 ./startup/startup_lpc55s69_cm33_core0.o
                0x00005d50                Reserved60_IRQHandler
 .text.Reserved61_IRQHandler
                0x00005d58        0x8 ./startup/startup_lpc55s69_cm33_core0.o
                0x00005d58                Reserved61_IRQHandler
 .text.USB1_PHY_IRQHandler
                0x00005d60        0x8 ./startup/startup_lpc55s69_cm33_core0.o
                0x00005d60                USB1_PHY_IRQHandler
 .text.USB1_IRQHandler
                0x00005d68        0x8 ./startup/startup_lpc55s69_cm33_core0.o
                0x00005d68                USB1_IRQHandler
 .text.USB1_NEEDCLK_IRQHandler
                0x00005d70        0x8 ./startup/startup_lpc55s69_cm33_core0.o
                0x00005d70                USB1_NEEDCLK_IRQHandler
 .text.SEC_HYPERVISOR_CALL_IRQHandler
                0x00005d78        0x8 ./startup/startup_lpc55s69_cm33_core0.o
                0x00005d78                SEC_HYPERVISOR_CALL_IRQHandler
 .text.SEC_GPIO_INT0_IRQ0_IRQHandler
                0x00005d80        0x8 ./startup/startup_lpc55s69_cm33_core0.o
                0x00005d80                SEC_GPIO_INT0_IRQ0_IRQHandler
 .text.SEC_GPIO_INT0_IRQ1_IRQHandler
                0x00005d88        0x8 ./startup/startup_lpc55s69_cm33_core0.o
                0x00005d88                SEC_GPIO_INT0_IRQ1_IRQHandler
 .text.PLU_IRQHandler
                0x00005d90        0x8 ./startup/startup_lpc55s69_cm33_core0.o
                0x00005d90                PLU_IRQHandler
 .text.SEC_VIO_IRQHandler
                0x00005d98        0x8 ./startup/startup_lpc55s69_cm33_core0.o
                0x00005d98                SEC_VIO_IRQHandler
 .text.HASHCRYPT_IRQHandler
                0x00005da0        0x8 ./startup/startup_lpc55s69_cm33_core0.o
                0x00005da0                HASHCRYPT_IRQHandler
 .text.CASER_IRQHandler
                0x00005da8        0x8 ./startup/startup_lpc55s69_cm33_core0.o
                0x00005da8                CASER_IRQHandler
 .text.PUF_IRQHandler
                0x00005db0        0x8 ./startup/startup_lpc55s69_cm33_core0.o
                0x00005db0                PUF_IRQHandler
 .text.PQ_IRQHandler
                0x00005db8        0x8 ./startup/startup_lpc55s69_cm33_core0.o
                0x00005db8                PQ_IRQHandler
 .text.DMA1_IRQHandler
                0x00005dc0        0x8 ./startup/startup_lpc55s69_cm33_core0.o
                0x00005dc0                DMA1_IRQHandler
 .text.FLEXCOMM8_IRQHandler
                0x00005dc8        0x8 ./startup/startup_lpc55s69_cm33_core0.o
                0x00005dc8                FLEXCOMM8_IRQHandler
 .text.OLED_Display_On
                0x00005dd0       0x20 ./source/oled.o
                0x00005dd0                OLED_Display_On
 .text.OLED_Draw_Line
                0x00005df0      0x18c ./source/oled.o
                0x00005df0                OLED_Draw_Line
 .text.OLED_Progressbar_Frame
                0x00005f7c       0x86 ./source/oled.o
                0x00005f7c                OLED_Progressbar_Frame
 .text.OLED_Progressbar_Value
                0x00006002      0x112 ./source/oled.o
                0x00006002                OLED_Progressbar_Value
 .text.HardFault_Handler
                0x00006114       0x2c ./source/semihost_hardfault.o
                0x00006114                HardFault_Handler
 .text.CLOCK_IsPLL0Locked
                0x00006140       0x24 ./drivers/fsl_clock.o
 .text.findPll0PreDiv
                0x00006164       0x3e ./drivers/fsl_clock.o
 .text.DelayLoop
                0x000061a2       0x20 ./drivers/fsl_common_arm.o
 .text.CLOCK_EnableClock
                0x000061c2       0x30 ./drivers/fsl_ctimer.o
 .text.EnableIRQ
                0x000061f2       0x32 ./drivers/fsl_ctimer.o
 .text.CTIMER_GetStatusFlags
                0x00006224       0x18 ./drivers/fsl_ctimer.o
 .text.CTIMER_ClearStatusFlags
                0x0000623c       0x1c ./drivers/fsl_ctimer.o
 .text.CTIMER0_DriverIRQHandler
                0x00006258        0xe ./drivers/fsl_ctimer.o
                0x00006258                CTIMER0_DriverIRQHandler
 .text.CTIMER1_DriverIRQHandler
                0x00006266        0xe ./drivers/fsl_ctimer.o
                0x00006266                CTIMER1_DriverIRQHandler
 .text.CTIMER2_DriverIRQHandler
                0x00006274        0xe ./drivers/fsl_ctimer.o
                0x00006274                CTIMER2_DriverIRQHandler
 .text.CTIMER3_DriverIRQHandler
                0x00006282        0xe ./drivers/fsl_ctimer.o
                0x00006282                CTIMER3_DriverIRQHandler
 .text.CTIMER4_DriverIRQHandler
                0x00006290        0xe ./drivers/fsl_ctimer.o
                0x00006290                CTIMER4_DriverIRQHandler
 .text.CLOCK_EnableClock
                0x0000629e       0x30 ./drivers/fsl_flexcomm.o
 .text.FLEXCOMM_PeripheralIsPresent
                0x000062ce       0x64 ./drivers/fsl_flexcomm.o
 .text.FLEXCOMM_SetPeriph
                0x00006332       0x74 ./drivers/fsl_flexcomm.o
 .text.CLOCK_EnableClock
                0x000063a6       0x30 ./drivers/fsl_gpio.o
 .text.GPIO_PinInit
                0x000063d6       0xa4 ./drivers/fsl_gpio.o
                0x000063d6                GPIO_PinInit
 .text.I2C_MasterEnable
                0x0000647a       0x44 ./drivers/fsl_i2c.o
 .text.I2C_MasterInit
                0x000064be       0x44 ./drivers/fsl_i2c.o
                0x000064be                I2C_MasterInit
 .text.I2C_GetStatusFlags
                0x00006502       0x88 ./drivers/fsl_i2c.o
                0x00006502                I2C_GetStatusFlags
 .text.I2C_MasterStart
                0x0000658a       0x46 ./drivers/fsl_i2c.o
                0x0000658a                I2C_MasterStart
 .text.I2C_MasterStop
                0x000065d0       0x2c ./drivers/fsl_i2c.o
                0x000065d0                I2C_MasterStop
 .text.CLOCK_EnableClock
                0x000065fc       0x30 ./drivers/fsl_lpadc.o
 .text.LPADC_Enable
                0x0000662c       0x38 ./drivers/fsl_lpadc.o
 .text.LPADC_DoResetFIFO0
                0x00006664       0x20 ./drivers/fsl_lpadc.o
 .text.LPADC_DoResetFIFO1
                0x00006684       0x20 ./drivers/fsl_lpadc.o
 .text.LPADC_DoResetConfig
                0x000066a4       0x2c ./drivers/fsl_lpadc.o
 .text.LPADC_GetConvResultCount
                0x000066d0       0x26 ./drivers/fsl_lpadc.o
 .text.lowpower_set_voltage_for_process
                0x000066f6       0xaa ./drivers/fsl_power.o
 .text.RESET_PeripheralReset
                0x000067a0       0x1c ./drivers/fsl_reset.o
                0x000067a0                RESET_PeripheralReset
 .text.USART_EnableContinuousSCLK
                0x000067bc       0x38 ./drivers/fsl_usart.o
 .text.SystemInitHook
                0x000067f4        0xe ./device/system_LPC55S69_cm33_core0.o
                0x000067f4                SystemInitHook
 .text.HAL_UartGetStatus
                0x00006802       0x22 ./component/uart/fsl_adapter_usart.o
 .text.HAL_UartInit
                0x00006824       0x36 ./component/uart/fsl_adapter_usart.o
                0x00006824                HAL_UartInit
 .text.DisableGlobalIRQ
                0x0000685a       0x22 ./component/serial_manager/fsl_component_serial_manager.o
 .text.EnableGlobalIRQ
                0x0000687c       0x20 ./component/serial_manager/fsl_component_serial_manager.o
 .text.SerialManager_StartWriting
                0x0000689c       0x38 ./component/serial_manager/fsl_component_serial_manager.o
 .text.SerialManager_Write
                0x000068d4       0x44 ./component/serial_manager/fsl_component_serial_manager.o
 .text.SerialManager_Init
                0x00006918       0x60 ./component/serial_manager/fsl_component_serial_manager.o
                0x00006918                SerialManager_Init
 .text.SerialManager_OpenWriteHandle
                0x00006978       0x50 ./component/serial_manager/fsl_component_serial_manager.o
                0x00006978                SerialManager_OpenWriteHandle
 .text.SerialManager_OpenReadHandle
                0x000069c8       0x60 ./component/serial_manager/fsl_component_serial_manager.o
                0x000069c8                SerialManager_OpenReadHandle
 .text.SerialManager_WriteBlocking
                0x00006a28       0x20 ./component/serial_manager/fsl_component_serial_manager.o
                0x00006a28                SerialManager_WriteBlocking
 .text.Serial_UartInit
                0x00006a48       0x3e ./component/serial_manager/fsl_component_serial_port_uart.o
                0x00006a48                Serial_UartInit
 .text.Serial_UartWrite
                0x00006a86       0x38 ./component/serial_manager/fsl_component_serial_port_uart.o
                0x00006a86                Serial_UartWrite
 .text.BOARD_InitBootClocks
                0x00006abe        0xc ./board/clock_config.o
                0x00006abe                BOARD_InitBootClocks
 .text.EnableIRQ
                0x00006aca       0x32 ./board/peripherals.o
 .text.CTIMER_StartTimer
                0x00006afc       0x20 ./board/peripherals.o
 .text.LPADC_EnableInterrupts
                0x00006b1c       0x22 ./board/peripherals.o
 .text.BOARD_InitPeripherals_cm33_core0
                0x00006b3e       0x14 ./board/peripherals.o
                0x00006b3e                BOARD_InitPeripherals_cm33_core0
 .text.BOARD_InitBootPeripherals
                0x00006b52        0xc ./board/peripherals.o
                0x00006b52                BOARD_InitBootPeripherals
 .text.CLOCK_EnableClock
                0x00006b5e       0x30 ./board/pin_mux.o
 .text.IOCON_PinMuxSet
                0x00006b8e       0x2e ./board/pin_mux.o
 .text.BOARD_InitBootPins
                0x00006bbc       0x10 ./board/pin_mux.o
                0x00006bbc                BOARD_InitBootPins
 .text.__main   0x00006bcc        0xe d:/mcuxpressoide/ide/plugins/com.nxp.mcuxpresso.tools.win32_11.7.0.202209140929/tools/bin/../lib/gcc/arm-none-eabi/10.3.1/../../../../arm-none-eabi/lib/thumb/v8-m.main+fp/hard\libcr_nohost_nf.a(_cr__main.o)
                0x00006bcc                __main
 .text.memcpy   0x00006bda        0x4 d:/mcuxpressoide/ide/plugins/com.nxp.mcuxpresso.tools.win32_11.7.0.202209140929/tools/bin/../lib/gcc/arm-none-eabi/10.3.1/../../../../arm-none-eabi/lib/thumb/v8-m.main+fp/hard\libcr_c.a(memcpy.o)
                0x00006bda                memcpy
 .text.memset   0x00006bde        0x4 d:/mcuxpressoide/ide/plugins/com.nxp.mcuxpresso.tools.win32_11.7.0.202209140929/tools/bin/../lib/gcc/arm-none-eabi/10.3.1/../../../../arm-none-eabi/lib/thumb/v8-m.main+fp/hard\libcr_c.a(memset.o)
                0x00006bde                memset
 .text.free     0x00006be2       0x30 d:/mcuxpressoide/ide/plugins/com.nxp.mcuxpresso.tools.win32_11.7.0.202209140929/tools/bin/../lib/gcc/arm-none-eabi/10.3.1/../../../../arm-none-eabi/lib/thumb/v8-m.main+fp/hard\libcr_c.a(alloc.o)
                0x00006be2                free
 .text.fp_round
                0x00006c12       0x4c d:/mcuxpressoide/ide/plugins/com.nxp.mcuxpresso.tools.win32_11.7.0.202209140929/tools/bin/../lib/gcc/arm-none-eabi/10.3.1/../../../../arm-none-eabi/lib/thumb/v8-m.main+fp/hard\libcr_c.a(fpprintf.o)
 .text.pr_dec.constprop.0
                0x00006c5e       0x26 d:/mcuxpressoide/ide/plugins/com.nxp.mcuxpresso.tools.win32_11.7.0.202209140929/tools/bin/../lib/gcc/arm-none-eabi/10.3.1/../../../../arm-none-eabi/lib/thumb/v8-m.main+fp/hard\libcr_c.a(fpprintf.o)
 .text.setvbuf  0x00006c84       0x3e d:/mcuxpressoide/ide/plugins/com.nxp.mcuxpresso.tools.win32_11.7.0.202209140929/tools/bin/../lib/gcc/arm-none-eabi/10.3.1/../../../../arm-none-eabi/lib/thumb/v8-m.main+fp/hard\libcr_c.a(setvbuf.o)
                0x00006c84                setvbuf
 .text.abs      0x00006cc2        0x8 d:/mcuxpressoide/ide/plugins/com.nxp.mcuxpresso.tools.win32_11.7.0.202209140929/tools/bin/../lib/gcc/arm-none-eabi/10.3.1/../../../../arm-none-eabi/lib/thumb/v8-m.main+fp/hard\libcr_c.a(stdlib.o)
                0x00006cc2                abs
 .text.strlen   0x00006cca       0x48 d:/mcuxpressoide/ide/plugins/com.nxp.mcuxpresso.tools.win32_11.7.0.202209140929/tools/bin/../lib/gcc/arm-none-eabi/10.3.1/../../../../arm-none-eabi/lib/thumb/v8-m.main+fp/hard\libcr_c.a(strlen.o)
                0x00006cca                strlen
 .text._deferredlazyseek
                0x00006d12       0x40 d:/mcuxpressoide/ide/plugins/com.nxp.mcuxpresso.tools.win32_11.7.0.202209140929/tools/bin/../lib/gcc/arm-none-eabi/10.3.1/../../../../arm-none-eabi/lib/thumb/v8-m.main+fp/hard\libcr_c.a(_deferredlazyseek.o)
                0x00006d12                _deferredlazyseek
 .text.__flsbuf
                0x00006d52      0x140 d:/mcuxpressoide/ide/plugins/com.nxp.mcuxpresso.tools.win32_11.7.0.202209140929/tools/bin/../lib/gcc/arm-none-eabi/10.3.1/../../../../arm-none-eabi/lib/thumb/v8-m.main+fp/hard\libcr_c.a(_deferredlazyseek.o)
                0x00006d52                __flsbuf
 .text._fdopen  0x00006e92       0x68 d:/mcuxpressoide/ide/plugins/com.nxp.mcuxpresso.tools.win32_11.7.0.202209140929/tools/bin/../lib/gcc/arm-none-eabi/10.3.1/../../../../arm-none-eabi/lib/thumb/v8-m.main+fp/hard\libcr_c.a(_fdopen.o)
                0x00006e92                _fdopen
 .text._fflush  0x00006efa       0x52 d:/mcuxpressoide/ide/plugins/com.nxp.mcuxpresso.tools.win32_11.7.0.202209140929/tools/bin/../lib/gcc/arm-none-eabi/10.3.1/../../../../arm-none-eabi/lib/thumb/v8-m.main+fp/hard\libcr_c.a(_fflush.o)
                0x00006efa                _fflush
 .text.fclose   0x00006f4c       0x58 d:/mcuxpressoide/ide/plugins/com.nxp.mcuxpresso.tools.win32_11.7.0.202209140929/tools/bin/../lib/gcc/arm-none-eabi/10.3.1/../../../../arm-none-eabi/lib/thumb/v8-m.main+fp/hard\libcr_c.a(fclose.o)
                0x00006f4c                fclose
 .text.remove   0x00006fa4       0x14 d:/mcuxpressoide/ide/plugins/com.nxp.mcuxpresso.tools.win32_11.7.0.202209140929/tools/bin/../lib/gcc/arm-none-eabi/10.3.1/../../../../arm-none-eabi/lib/thumb/v8-m.main+fp/hard\libcr_c.a(remove.o)
                0x00006fa4                remove
 .text._do_fflush
                0x00006fb8       0x40 d:/mcuxpressoide/ide/plugins/com.nxp.mcuxpresso.tools.win32_11.7.0.202209140929/tools/bin/../lib/gcc/arm-none-eabi/10.3.1/../../../../arm-none-eabi/lib/thumb/v8-m.main+fp/hard\libcr_c.a(_do_fflush.o)
                0x00006fb8                _do_fflush
 .text.__aeabi_division_uldivmod
                0x00006ff8      0x174 d:/mcuxpressoide/ide/plugins/com.nxp.mcuxpresso.tools.win32_11.7.0.202209140929/tools/bin/../lib/gcc/arm-none-eabi/10.3.1/thumb/v8-m.main+fp/hard\libcr_eabihelpers.a(division_64.o)
                0x00006ff8                __aeabi_uldivmod
                0x00006ffc                __bhs_ldivmod1
 .text.__aeabi_division_idiv0
                0x0000716c        0x2 d:/mcuxpressoide/ide/plugins/com.nxp.mcuxpresso.tools.win32_11.7.0.202209140929/tools/bin/../lib/gcc/arm-none-eabi/10.3.1/thumb/v8-m.main+fp/hard\libcr_eabihelpers.a(division_idiv0.o)
                0x0000716c                __aeabi_idiv0
 .text.__aeabi_d2iz
                0x0000716e       0x40 d:/mcuxpressoide/ide/plugins/com.nxp.mcuxpresso.tools.win32_11.7.0.202209140929/tools/bin/../lib/gcc/arm-none-eabi/10.3.1/thumb/v8-m.main+fp/hard\libcr_eabihelpers.a(double.o)
                0x0000716e                __aeabi_d2iz
 .text.__aeabi_d2lz
                0x000071ae       0x74 d:/mcuxpressoide/ide/plugins/com.nxp.mcuxpresso.tools.win32_11.7.0.202209140929/tools/bin/../lib/gcc/arm-none-eabi/10.3.1/thumb/v8-m.main+fp/hard\libcr_eabihelpers.a(double.o)
                0x000071ae                __aeabi_d2lz
 .text.__bhs_ui2d
                0x00007222       0x46 d:/mcuxpressoide/ide/plugins/com.nxp.mcuxpresso.tools.win32_11.7.0.202209140929/tools/bin/../lib/gcc/arm-none-eabi/10.3.1/thumb/v8-m.main+fp/hard\libcr_eabihelpers.a(double.o)
                0x00007222                __bhs_ui2d
 .text.__bhs_ul2d
                0x00007268       0x8a d:/mcuxpressoide/ide/plugins/com.nxp.mcuxpresso.tools.win32_11.7.0.202209140929/tools/bin/../lib/gcc/arm-none-eabi/10.3.1/thumb/v8-m.main+fp/hard\libcr_eabihelpers.a(double.o)
                0x00007268                __bhs_ul2d
 .text.__aeabi_i2d
                0x000072f2       0x12 d:/mcuxpressoide/ide/plugins/com.nxp.mcuxpresso.tools.win32_11.7.0.202209140929/tools/bin/../lib/gcc/arm-none-eabi/10.3.1/thumb/v8-m.main+fp/hard\libcr_eabihelpers.a(double.o)
                0x000072f2                __aeabi_i2d
 .text.__aeabi_ui2d
                0x00007304        0x8 d:/mcuxpressoide/ide/plugins/com.nxp.mcuxpresso.tools.win32_11.7.0.202209140929/tools/bin/../lib/gcc/arm-none-eabi/10.3.1/thumb/v8-m.main+fp/hard\libcr_eabihelpers.a(double.o)
                0x00007304                __aeabi_ui2d
 .text.__aeabi_l2d
                0x0000730c       0x1c d:/mcuxpressoide/ide/plugins/com.nxp.mcuxpresso.tools.win32_11.7.0.202209140929/tools/bin/../lib/gcc/arm-none-eabi/10.3.1/thumb/v8-m.main+fp/hard\libcr_eabihelpers.a(double.o)
                0x0000730c                __aeabi_l2d
 .text.__aeabi_dcmpeq
                0x00007328       0x30 d:/mcuxpressoide/ide/plugins/com.nxp.mcuxpresso.tools.win32_11.7.0.202209140929/tools/bin/../lib/gcc/arm-none-eabi/10.3.1/thumb/v8-m.main+fp/hard\libcr_eabihelpers.a(double.o)
                0x00007328                __aeabi_dcmpeq
 .text.__aeabi_dcmplt
                0x00007358       0x56 d:/mcuxpressoide/ide/plugins/com.nxp.mcuxpresso.tools.win32_11.7.0.202209140929/tools/bin/../lib/gcc/arm-none-eabi/10.3.1/thumb/v8-m.main+fp/hard\libcr_eabihelpers.a(double.o)
                0x00007358                __aeabi_dcmplt
 .text.__aeabi_dcmpgt
                0x000073ae       0x56 d:/mcuxpressoide/ide/plugins/com.nxp.mcuxpresso.tools.win32_11.7.0.202209140929/tools/bin/../lib/gcc/arm-none-eabi/10.3.1/thumb/v8-m.main+fp/hard\libcr_eabihelpers.a(double.o)
                0x000073ae                __aeabi_dcmpgt
 .text.__aeabi_dcmple
                0x00007404       0x56 d:/mcuxpressoide/ide/plugins/com.nxp.mcuxpresso.tools.win32_11.7.0.202209140929/tools/bin/../lib/gcc/arm-none-eabi/10.3.1/thumb/v8-m.main+fp/hard\libcr_eabihelpers.a(double.o)
                0x00007404                __aeabi_dcmple
 .text.__aeabi_dcmpge
                0x0000745a       0x56 d:/mcuxpressoide/ide/plugins/com.nxp.mcuxpresso.tools.win32_11.7.0.202209140929/tools/bin/../lib/gcc/arm-none-eabi/10.3.1/thumb/v8-m.main+fp/hard\libcr_eabihelpers.a(double.o)
                0x0000745a                __aeabi_dcmpge
 .text.__aeabi_memcpy
                0x000074b0       0x34 d:/mcuxpressoide/ide/plugins/com.nxp.mcuxpresso.tools.win32_11.7.0.202209140929/tools/bin/../lib/gcc/arm-none-eabi/10.3.1/thumb/v8-m.main+fp/hard\libcr_eabihelpers.a(memcpy.o)
                0x000074b0                __aeabi_memcpy
                0x000074ba                __aeabi_memcpy8
                0x000074ba                __aeabi_memcpy4
 .text.__aeabi_memset_lowlevel
                0x000074e4       0x32 d:/mcuxpressoide/ide/plugins/com.nxp.mcuxpresso.tools.win32_11.7.0.202209140929/tools/bin/../lib/gcc/arm-none-eabi/10.3.1/thumb/v8-m.main+fp/hard\libcr_eabihelpers.a(memcpy.o)
                0x000074e4                __aeabi_lowlevel_memset
 .text.__sys_appexit
                0x00007516        0x2 d:/mcuxpressoide/ide/plugins/com.nxp.mcuxpresso.tools.win32_11.7.0.202209140929/tools/bin/../lib/gcc/arm-none-eabi/10.3.1/../../../../arm-none-eabi/lib/thumb/v8-m.main+fp/hard\libcr_nohost_nf.a(__sys_appexit.o)
                0x00007516                __sys_appexit
                0x00007516                __exit
 .text.__sys_close
                0x00007518        0x6 d:/mcuxpressoide/ide/plugins/com.nxp.mcuxpresso.tools.win32_11.7.0.202209140929/tools/bin/../lib/gcc/arm-none-eabi/10.3.1/../../../../arm-none-eabi/lib/thumb/v8-m.main+fp/hard\libcr_nohost_nf.a(__sys_close.o)
                0x00007518                __sys_close
 .text.__sys_flen
                0x0000751e        0x6 d:/mcuxpressoide/ide/plugins/com.nxp.mcuxpresso.tools.win32_11.7.0.202209140929/tools/bin/../lib/gcc/arm-none-eabi/10.3.1/../../../../arm-none-eabi/lib/thumb/v8-m.main+fp/hard\libcr_nohost_nf.a(__sys_flen.o)
                0x0000751e                __sys_flen
 .text.__sys_istty
                0x00007524        0x6 d:/mcuxpressoide/ide/plugins/com.nxp.mcuxpresso.tools.win32_11.7.0.202209140929/tools/bin/../lib/gcc/arm-none-eabi/10.3.1/../../../../arm-none-eabi/lib/thumb/v8-m.main+fp/hard\libcr_nohost_nf.a(__sys_istty.o)
                0x00007524                __sys_istty
 .text.__sys_remove
                0x0000752a        0x6 d:/mcuxpressoide/ide/plugins/com.nxp.mcuxpresso.tools.win32_11.7.0.202209140929/tools/bin/../lib/gcc/arm-none-eabi/10.3.1/../../../../arm-none-eabi/lib/thumb/v8-m.main+fp/hard\libcr_nohost_nf.a(__sys_remove.o)
                0x0000752a                __sys_remove
 .text.__sys_seek
                0x00007530        0x6 d:/mcuxpressoide/ide/plugins/com.nxp.mcuxpresso.tools.win32_11.7.0.202209140929/tools/bin/../lib/gcc/arm-none-eabi/10.3.1/../../../../arm-none-eabi/lib/thumb/v8-m.main+fp/hard\libcr_nohost_nf.a(__sys_seek.o)
                0x00007530                __sys_seek
 .text.__sys_tmpnam
                0x00007536        0x6 d:/mcuxpressoide/ide/plugins/com.nxp.mcuxpresso.tools.win32_11.7.0.202209140929/tools/bin/../lib/gcc/arm-none-eabi/10.3.1/../../../../arm-none-eabi/lib/thumb/v8-m.main+fp/hard\libcr_nohost_nf.a(__sys_tmpnam.o)
                0x00007536                __sys_tmpnam
 .text.__sys_write
                0x0000753c        0x4 d:/mcuxpressoide/ide/plugins/com.nxp.mcuxpresso.tools.win32_11.7.0.202209140929/tools/bin/../lib/gcc/arm-none-eabi/10.3.1/../../../../arm-none-eabi/lib/thumb/v8-m.main+fp/hard\libcr_nohost_nf.a(__sys_write.o)
                0x0000753c                __sys_write
 *(SORT_BY_ALIGNMENT(.rodata) SORT_BY_ALIGNMENT(.rodata.*) SORT_BY_ALIGNMENT(.constdata) SORT_BY_ALIGNMENT(.constdata.*))
 .rodata.a1.1   0x00007540       0x88 d:/mcuxpressoide/ide/plugins/com.nxp.mcuxpresso.tools.win32_11.7.0.202209140929/tools/bin/../lib/gcc/arm-none-eabi/10.3.1/../../../../arm-none-eabi/lib/thumb/v8-m.main+fp/hard\libcr_c.a(pow.o)
 .rodata.a2.0   0x000075c8       0x40 d:/mcuxpressoide/ide/plugins/com.nxp.mcuxpresso.tools.win32_11.7.0.202209140929/tools/bin/../lib/gcc/arm-none-eabi/10.3.1/../../../../arm-none-eabi/lib/thumb/v8-m.main+fp/hard\libcr_c.a(pow.o)
 .rodata.__assertion_failed.str1.4
                0x00007608       0x14 ./utilities/fsl_assert.o
 .rodata.main.str1.4
                0x0000761c       0x10 ./source/Auto-Lab01.o
 .rodata.FontSystem5x8
                0x0000762c      0x1e5 ./source/oled.o
                0x0000762c                FontSystem5x8
 *fill*         0x00007811        0x3 ff
 .rodata.SDK_DelayAtLeastUs.str1.4
                0x00007814       0x2b ./drivers/fsl_common_arm.o
 *fill*         0x0000783f        0x1 ff
 .rodata.s_ctimerBases
                0x00007840       0x14 ./drivers/fsl_ctimer.o
 .rodata.s_ctimerClocks
                0x00007854        0xa ./drivers/fsl_ctimer.o
 *fill*         0x0000785e        0x2 ff
 .rodata.s_ctimerResets
                0x00007860       0x14 ./drivers/fsl_ctimer.o
 .rodata.s_ctimerIRQ
                0x00007874        0x5 ./drivers/fsl_ctimer.o
 *fill*         0x00007879        0x3 ff
 .rodata.CTIMER_GetInstance.str1.4
                0x0000787c       0x2e ./drivers/fsl_ctimer.o
 *fill*         0x000078aa        0x2 ff
 .rodata.CTIMER_Init.str1.4
                0x000078ac       0x22 ./drivers/fsl_ctimer.o
 *fill*         0x000078ce        0x2 ff
 .rodata.s_flexcommBaseAddrs
                0x000078d0       0x24 ./drivers/fsl_flexcomm.o
 .rodata.s_flexcommClocks
                0x000078f4       0x12 ./drivers/fsl_flexcomm.o
 *fill*         0x00007906        0x2 ff
 .rodata.s_flexcommResets
                0x00007908       0x24 ./drivers/fsl_flexcomm.o
 .rodata.FLEXCOMM_GetInstance.str1.4
                0x0000792c       0x42 ./drivers/fsl_flexcomm.o
 *fill*         0x0000796e        0x2 ff
 .rodata.FLEXCOMM0_DriverIRQHandler.str1.4
                0x00007970       0x3c ./drivers/fsl_flexcomm.o
 .rodata.FLEXCOMM1_DriverIRQHandler.str1.4
                0x000079ac       0x3c ./drivers/fsl_flexcomm.o
 .rodata.FLEXCOMM2_DriverIRQHandler.str1.4
                0x000079e8       0x3c ./drivers/fsl_flexcomm.o
 .rodata.FLEXCOMM3_DriverIRQHandler.str1.4
                0x00007a24       0x3c ./drivers/fsl_flexcomm.o
 .rodata.FLEXCOMM4_DriverIRQHandler.str1.4
                0x00007a60       0x3c ./drivers/fsl_flexcomm.o
 .rodata.FLEXCOMM5_DriverIRQHandler.str1.4
                0x00007a9c       0x3c ./drivers/fsl_flexcomm.o
 .rodata.FLEXCOMM6_DriverIRQHandler.str1.4
                0x00007ad8       0x3c ./drivers/fsl_flexcomm.o
 .rodata.FLEXCOMM7_DriverIRQHandler.str1.4
                0x00007b14       0x3c ./drivers/fsl_flexcomm.o
 .rodata.FLEXCOMM8_DriverIRQHandler.str1.4
                0x00007b50       0x3c ./drivers/fsl_flexcomm.o
 .rodata.s_gpioClockName
                0x00007b8c        0x8 ./drivers/fsl_gpio.o
 .rodata.GPIO_EnablePortClock.str1.4
                0x00007b94       0x33 ./drivers/fsl_gpio.o
 *fill*         0x00007bc7        0x1 ff
 .rodata.I2C_MasterSetTimeoutValue.str1.4
                0x00007bc8       0x3a ./drivers/fsl_i2c.o
 *fill*         0x00007c02        0x2 ff
 .rodata.I2C_MasterWriteBlocking.str1.4
                0x00007c04       0x1f ./drivers/fsl_i2c.o
 *fill*         0x00007c23        0x1 ff
 .rodata.LPADC_GetInstance.str1.4
                0x00007c24       0x35 ./drivers/fsl_lpadc.o
 *fill*         0x00007c59        0x3 ff
 .rodata.LPADC_Init.str1.4
                0x00007c5c       0x21 ./drivers/fsl_lpadc.o
 *fill*         0x00007c7d        0x3 ff
 .rodata.LPADC_GetConvResult.str1.4
                0x00007c80       0x21 ./drivers/fsl_lpadc.o
 *fill*         0x00007ca1        0x3 ff
 .rodata.LPADC_SetConvTriggerConfig.str1.4
                0x00007ca4       0x51 ./drivers/fsl_lpadc.o
 *fill*         0x00007cf5        0x3 ff
 .rodata.LPADC_SetConvCommandConfig.str1.4
                0x00007cf8       0x83 ./drivers/fsl_lpadc.o
 *fill*         0x00007d7b        0x1 ff
 .rodata.LPADC_DoAutoCalibration.str1.4
                0x00007d7c       0x69 ./drivers/fsl_lpadc.o
 *fill*         0x00007de5        0x3 ff
 .rodata.RESET_SetPeripheralReset.str1.4
                0x00007de8       0x1e ./drivers/fsl_reset.o
 *fill*         0x00007e06        0x2 ff
 .rodata.RESET_ClearPeripheralReset.str1.4
                0x00007e08       0x1e ./drivers/fsl_reset.o
 *fill*         0x00007e26        0x2 ff
 .rodata.USART_Init.str1.4
                0x00007e28       0x4f ./drivers/fsl_usart.o
 *fill*         0x00007e77        0x1 ff
 .rodata.USART_GetDefaultConfig.str1.4
                0x00007e78       0x21 ./drivers/fsl_usart.o
 *fill*         0x00007e99        0x3 ff
 .rodata.USART_SetBaudRate.str1.4
                0x00007e9c       0x53 ./drivers/fsl_usart.o
 *fill*         0x00007eef        0x1 ff
 .rodata.USART_WriteBlocking.str1.4
                0x00007ef0       0x36 ./drivers/fsl_usart.o
 *fill*         0x00007f26        0x2 ff
 .rodata.s_UsartAdapterBase
                0x00007f28       0x20 ./component/uart/fsl_adapter_usart.o
 .rodata.HAL_UartInitCommon.str1.4
                0x00007f48       0xeb ./component/uart/fsl_adapter_usart.o
 *fill*         0x00008033        0x1 ff
 .rodata.HAL_UartSendBlocking.str1.4
                0x00008034       0x65 ./component/uart/fsl_adapter_usart.o
 *fill*         0x00008099        0x3 ff
 .rodata.FLEXCOMM1_config
                0x0000809c        0xc ./board/peripherals.o
                0x0000809c                FLEXCOMM1_config
 .rodata.CTIMER0_config
                0x000080a8        0x8 ./board/peripherals.o
                0x000080a8                CTIMER0_config
 .rodata.CTIMER0_Match_3_config
                0x000080b0        0xc ./board/peripherals.o
                0x000080b0                CTIMER0_Match_3_config
 .rodata.ADC0_config
                0x000080bc       0x18 ./board/peripherals.o
                0x000080bc                ADC0_config
 .rodata.__num_Ciob_streams
                0x000080d4        0x4 d:/mcuxpressoide/ide/plugins/com.nxp.mcuxpresso.tools.win32_11.7.0.202209140929/tools/bin/../lib/gcc/arm-none-eabi/10.3.1/../../../../arm-none-eabi/lib/thumb/v8-m.main+fp/hard\libcr_nohost_nf.a(__ciob.o)
                0x000080d4                __num_Ciob_streams
 .rodata._Csys_alloc.str1.1
                0x000080d8       0x18 d:/mcuxpressoide/ide/plugins/com.nxp.mcuxpresso.tools.win32_11.7.0.202209140929/tools/bin/../lib/gcc/arm-none-eabi/10.3.1/../../../../arm-none-eabi/lib/thumb/v8-m.main+fp/hard\libcr_c.a(alloc.o)
 .rodata.fp_display.str1.1
                0x000080f0       0x34 d:/mcuxpressoide/ide/plugins/com.nxp.mcuxpresso.tools.win32_11.7.0.202209140929/tools/bin/../lib/gcc/arm-none-eabi/10.3.1/../../../../arm-none-eabi/lib/thumb/v8-m.main+fp/hard\libcr_c.a(fpprintf.o)
                                 0x35 (size before relaxing)
 .rodata._initio.str1.1
                0x00008124        0x4 d:/mcuxpressoide/ide/plugins/com.nxp.mcuxpresso.tools.win32_11.7.0.202209140929/tools/bin/../lib/gcc/arm-none-eabi/10.3.1/../../../../arm-none-eabi/lib/thumb/v8-m.main+fp/hard\libcr_c.a(initio.o)
 .rodata.__vfprintf.str1.1
                0x00008128       0x31 d:/mcuxpressoide/ide/plugins/com.nxp.mcuxpresso.tools.win32_11.7.0.202209140929/tools/bin/../lib/gcc/arm-none-eabi/10.3.1/../../../../arm-none-eabi/lib/thumb/v8-m.main+fp/hard\libcr_c.a(printf.o)
                                 0x38 (size before relaxing)
                0x0000815c                . = ALIGN (0x4)
 *fill*         0x00008159        0x3 ff

.glue_7         0x0000815c        0x0
 .glue_7        0x0000815c        0x0 linker stubs

.glue_7t        0x0000815c        0x0
 .glue_7t       0x0000815c        0x0 linker stubs

.vfp11_veneer   0x0000815c        0x0
 .vfp11_veneer  0x0000815c        0x0 linker stubs

.v4_bx          0x0000815c        0x0
 .v4_bx         0x0000815c        0x0 linker stubs

.iplt           0x0000815c        0x0
 .iplt          0x0000815c        0x0 ./utilities/fsl_assert.o

.rel.dyn        0x0000815c        0x0
 .rel.iplt      0x0000815c        0x0 ./utilities/fsl_assert.o

.ARM.extab
 *(SORT_BY_ALIGNMENT(.ARM.extab*) SORT_BY_ALIGNMENT(.gnu.linkonce.armextab.*))

.ARM.exidx      0x0000815c        0x0
                0x0000815c                __exidx_start = .
 *(SORT_BY_ALIGNMENT(.ARM.exidx*) SORT_BY_ALIGNMENT(.gnu.linkonce.armexidx.*))
                0x0000815c                __exidx_end = .
                0x0000815c                _etext = .

.m_usb_data
 *(SORT_BY_ALIGNMENT(m_usb_global))

.data_RAM2      0x04000000        0x0 load address 0x0000815c
 FILL mask 0xff
                [!provide]                PROVIDE (__start_data_RAM2 = .)
                [!provide]                PROVIDE (__start_data_SRAMX = .)
 *(SORT_BY_ALIGNMENT(.ramfunc.$RAM2))
 *(SORT_BY_ALIGNMENT(.ramfunc.$SRAMX))
 *(SORT_BY_ALIGNMENT(.data.$RAM2))
 *(SORT_BY_ALIGNMENT(.data.$SRAMX))
 *(SORT_BY_ALIGNMENT(.data.$RAM2.*))
 *(SORT_BY_ALIGNMENT(.data.$SRAMX.*))
                0x04000000                . = ALIGN (0x4)
                [!provide]                PROVIDE (__end_data_RAM2 = .)
                [!provide]                PROVIDE (__end_data_SRAMX = .)

.data_RAM3      0x40100000        0x0 load address 0x0000815c
 FILL mask 0xff
                [!provide]                PROVIDE (__start_data_RAM3 = .)
                [!provide]                PROVIDE (__start_data_USB_RAM = .)
 *(SORT_BY_ALIGNMENT(.ramfunc.$RAM3))
 *(SORT_BY_ALIGNMENT(.ramfunc.$USB_RAM))
 *(SORT_BY_ALIGNMENT(.data.$RAM3))
 *(SORT_BY_ALIGNMENT(.data.$USB_RAM))
 *(SORT_BY_ALIGNMENT(.data.$RAM3.*))
 *(SORT_BY_ALIGNMENT(.data.$USB_RAM.*))
                0x40100000                . = ALIGN (0x4)
                [!provide]                PROVIDE (__end_data_RAM3 = .)
                [!provide]                PROVIDE (__end_data_USB_RAM = .)

.data_RAM4      0x20040000        0x0 load address 0x0000815c
 FILL mask 0xff
                [!provide]                PROVIDE (__start_data_RAM4 = .)
                [!provide]                PROVIDE (__start_data_SRAM4 = .)
 *(SORT_BY_ALIGNMENT(.ramfunc.$RAM4))
 *(SORT_BY_ALIGNMENT(.ramfunc.$SRAM4))
 *(SORT_BY_ALIGNMENT(.data.$RAM4))
 *(SORT_BY_ALIGNMENT(.data.$SRAM4))
 *(SORT_BY_ALIGNMENT(.data.$RAM4.*))
 *(SORT_BY_ALIGNMENT(.data.$SRAM4.*))
                0x20040000                . = ALIGN (0x4)
                [!provide]                PROVIDE (__end_data_RAM4 = .)
                [!provide]                PROVIDE (__end_data_SRAM4 = .)

.uninit_RESERVED
                0x20000000        0x0
                0x20000000                _start_uninit_RESERVED = .
 *(SORT_BY_ALIGNMENT(.bss.$RESERVED*))
                0x20000000                . = ALIGN (0x4)
                0x20000000                _end_uninit_RESERVED = .

.data           0x20000000       0x3c load address 0x0000815c
 FILL mask 0xff
                0x20000000                _data = .
                [!provide]                PROVIDE (__start_data_RAM = .)
                [!provide]                PROVIDE (__start_data_SRAM = .)
 *(SORT_BY_ALIGNMENT(vtable))
 *(SORT_BY_ALIGNMENT(.ramfunc*))
 *(SORT_BY_ALIGNMENT(CodeQuickAccess))
 *(SORT_BY_ALIGNMENT(DataQuickAccess))
 *(SORT_BY_ALIGNMENT(RamFunction))
 *(SORT_BY_ALIGNMENT(.data*))
 .data.s_Ext_Clk_Freq
                0x20000000        0x4 ./drivers/fsl_clock.o
 .data.SystemCoreClock
                0x20000004        0x4 ./device/system_LPC55S69_cm33_core0.o
                0x20000004                SystemCoreClock
 .data.ADC0_commandsConfig
                0x20000008       0x24 ./board/peripherals.o
                0x20000008                ADC0_commandsConfig
 .data.ADC0_triggersConfig
                0x2000002c       0x10 ./board/peripherals.o
                0x2000002c                ADC0_triggersConfig
                0x2000003c                . = ALIGN (0x4)
                0x2000003c                _edata = .
                [!provide]                PROVIDE (__end_data_RAM = .)
                [!provide]                PROVIDE (__end_data_SRAM = .)

.igot.plt       0x2000003c        0x0 load address 0x00008198
 .igot.plt      0x2000003c        0x0 ./utilities/fsl_assert.o

.bss_RAM2       0x04000000        0x0
                [!provide]                PROVIDE (__start_bss_RAM2 = .)
                [!provide]                PROVIDE (__start_bss_SRAMX = .)
 *(SORT_BY_ALIGNMENT(.bss.$RAM2))
 *(SORT_BY_ALIGNMENT(.bss.$SRAMX))
 *(SORT_BY_ALIGNMENT(.bss.$RAM2.*))
 *(SORT_BY_ALIGNMENT(.bss.$SRAMX.*))
                0x04000000                . = ALIGN ((. != 0x0)?0x4:0x1)
                [!provide]                PROVIDE (__end_bss_RAM2 = .)
                [!provide]                PROVIDE (__end_bss_SRAMX = .)

.bss_RAM3       0x40100000        0x0
                [!provide]                PROVIDE (__start_bss_RAM3 = .)
                [!provide]                PROVIDE (__start_bss_USB_RAM = .)
 *(SORT_BY_ALIGNMENT(.bss.$RAM3))
 *(SORT_BY_ALIGNMENT(.bss.$USB_RAM))
 *(SORT_BY_ALIGNMENT(.bss.$RAM3.*))
 *(SORT_BY_ALIGNMENT(.bss.$USB_RAM.*))
                0x40100000                . = ALIGN ((. != 0x0)?0x4:0x1)
                [!provide]                PROVIDE (__end_bss_RAM3 = .)
                [!provide]                PROVIDE (__end_bss_USB_RAM = .)

.bss_RAM4       0x20040000        0x0
                [!provide]                PROVIDE (__start_bss_RAM4 = .)
                [!provide]                PROVIDE (__start_bss_SRAM4 = .)
 *(SORT_BY_ALIGNMENT(.bss.$RAM4))
 *(SORT_BY_ALIGNMENT(.bss.$SRAM4))
 *(SORT_BY_ALIGNMENT(.bss.$RAM4.*))
 *(SORT_BY_ALIGNMENT(.bss.$SRAM4.*))
                0x20040000                . = ALIGN ((. != 0x0)?0x4:0x1)
                [!provide]                PROVIDE (__end_bss_RAM4 = .)
                [!provide]                PROVIDE (__end_bss_SRAM4 = .)

.bss            0x2000003c      0x594
                0x2000003c                _bss = .
                [!provide]                PROVIDE (__start_bss_RAM = .)
                [!provide]                PROVIDE (__start_bss_SRAM = .)
 *(SORT_BY_ALIGNMENT(.bss*))
 .bss.s_debugConsoleState
                0x2000003c       0x20 ./utilities/fsl_debug_console.o
 .bss.g_serialHandle
                0x2000005c        0x4 ./utilities/fsl_debug_console.o
                0x2000005c                g_serialHandle
 .bss.sbuff     0x20000060       0x20 ./source/Auto-Lab01.o
                0x20000060                sbuff
 .bss.g_LpadcResultConfigStruct
                0x20000080       0x10 ./source/Auto-Lab01.o
                0x20000080                g_LpadcResultConfigStruct
 .bss.Xval      0x20000090        0x4 ./source/Auto-Lab01.o
                0x20000090                Xval
 .bss.Yval      0x20000094        0x4 ./source/Auto-Lab01.o
                0x20000094                Yval
 .bss.I2C_base  0x20000098        0x4 ./source/oled.o
 .bss.displayBuffer
                0x2000009c      0x400 ./source/oled.o
 .bss.cmd_buff  0x2000049c        0x2 ./source/oled.o
 *fill*         0x2000049e        0x2 
 .bss.s_Pll0_Freq
                0x200004a0        0x4 ./drivers/fsl_clock.o
 .bss.s_ctimerCallback
                0x200004a4       0x14 ./drivers/fsl_ctimer.o
 .bss.ctimerCallbackType
                0x200004b8        0x5 ./drivers/fsl_ctimer.o
 *fill*         0x200004bd        0x3 
 .bss.s_flexcommIrqHandler
                0x200004c0       0x24 ./drivers/fsl_flexcomm.o
 .bss.s_flexcommHandle
                0x200004e4       0x24 ./drivers/fsl_flexcomm.o
 .bss.errno     0x20000508        0x4 d:/mcuxpressoide/ide/plugins/com.nxp.mcuxpresso.tools.win32_11.7.0.202209140929/tools/bin/../lib/gcc/arm-none-eabi/10.3.1/../../../../arm-none-eabi/lib/thumb/v8-m.main+fp/hard\libcr_c.a(errno.o)
                0x20000508                errno
 .bss.__end_of_heap
                0x2000050c        0x4 d:/mcuxpressoide/ide/plugins/com.nxp.mcuxpresso.tools.win32_11.7.0.202209140929/tools/bin/../lib/gcc/arm-none-eabi/10.3.1/../../../../arm-none-eabi/lib/thumb/v8-m.main+fp/hard\libcr_c.a(__init_alloc.o)
                0x2000050c                __end_of_heap
 .bss.__heaps   0x20000510        0x4 d:/mcuxpressoide/ide/plugins/com.nxp.mcuxpresso.tools.win32_11.7.0.202209140929/tools/bin/../lib/gcc/arm-none-eabi/10.3.1/../../../../arm-none-eabi/lib/thumb/v8-m.main+fp/hard\libcr_c.a(__init_alloc.o)
                0x20000510                __heaps
 .bss.__Ciob    0x20000514       0xb4 d:/mcuxpressoide/ide/plugins/com.nxp.mcuxpresso.tools.win32_11.7.0.202209140929/tools/bin/../lib/gcc/arm-none-eabi/10.3.1/../../../../arm-none-eabi/lib/thumb/v8-m.main+fp/hard\libcr_nohost_nf.a(__ciob.o)
                0x20000514                __Ciob
 .bss.adcCh1    0x200005c8        0x2 ./source/Auto-Lab01.o
                0x200005c8                adcCh1
 .bss.adcCh2    0x200005ca        0x2 ./source/Auto-Lab01.o
                0x200005ca                adcCh2
 .bss.s_debugConsoleReadWaitSemaphore
                0x200005cc        0x1 ./utilities/fsl_debug_console.o
 *(SORT_BY_ALIGNMENT(COMMON))
                0x200005d0                . = ALIGN (0x4)
 *fill*         0x200005cd        0x3 
                0x200005d0                _ebss = .
                [!provide]                PROVIDE (__end_bss_RAM = .)
                [!provide]                PROVIDE (__end_bss_SRAM = .)
                [!provide]                PROVIDE (end = .)

.noinit_RAM2    0x04000000        0x0
                [!provide]                PROVIDE (__start_noinit_RAM2 = .)
                [!provide]                PROVIDE (__start_noinit_SRAMX = .)
 *(SORT_BY_ALIGNMENT(.noinit.$RAM2))
 *(SORT_BY_ALIGNMENT(.noinit.$SRAMX))
 *(SORT_BY_ALIGNMENT(.noinit.$RAM2.*))
 *(SORT_BY_ALIGNMENT(.noinit.$SRAMX.*))
                0x04000000                . = ALIGN (0x4)
                [!provide]                PROVIDE (__end_noinit_RAM2 = .)
                [!provide]                PROVIDE (__end_noinit_SRAMX = .)

.noinit_RAM3    0x40100000        0x0
                [!provide]                PROVIDE (__start_noinit_RAM3 = .)
                [!provide]                PROVIDE (__start_noinit_USB_RAM = .)
 *(SORT_BY_ALIGNMENT(.noinit.$RAM3))
 *(SORT_BY_ALIGNMENT(.noinit.$USB_RAM))
 *(SORT_BY_ALIGNMENT(.noinit.$RAM3.*))
 *(SORT_BY_ALIGNMENT(.noinit.$USB_RAM.*))
                0x40100000                . = ALIGN (0x4)
                [!provide]                PROVIDE (__end_noinit_RAM3 = .)
                [!provide]                PROVIDE (__end_noinit_USB_RAM = .)

.noinit_RAM4    0x20040000        0x0
                [!provide]                PROVIDE (__start_noinit_RAM4 = .)
                [!provide]                PROVIDE (__start_noinit_SRAM4 = .)
 *(SORT_BY_ALIGNMENT(.noinit.$RAM4))
 *(SORT_BY_ALIGNMENT(.noinit.$SRAM4))
 *(SORT_BY_ALIGNMENT(.noinit.$RAM4.*))
 *(SORT_BY_ALIGNMENT(.noinit.$SRAM4.*))
                0x20040000                . = ALIGN (0x4)
                [!provide]                PROVIDE (__end_noinit_RAM4 = .)
                [!provide]                PROVIDE (__end_noinit_SRAM4 = .)

.noinit         0x200005d0        0x0
                0x200005d0                _noinit = .
                [!provide]                PROVIDE (__start_noinit_RAM = .)
                [!provide]                PROVIDE (__start_noinit_SRAM = .)
 *(SORT_BY_ALIGNMENT(.noinit*))
                0x200005d0                . = ALIGN (0x4)
                0x200005d0                _end_noinit = .
                [!provide]                PROVIDE (__end_noinit_RAM = .)
                [!provide]                PROVIDE (__end_noinit_SRAM = .)
                0x00001000                _HeapSize = 0x1000

.heap           0x200005d0     0x1000
                0x200005d0                _pvHeapStart = .
                0x200015d0                . = (. + _HeapSize)
 *fill*         0x200005d0     0x1000 
                0x200015d0                . = ALIGN (0x4)
                0x200015d0                _pvHeapLimit = .
                0x00001000                _StackSize = 0x1000

.heap2stackfill
                0x200015d0     0x1000
                0x200025d0                . = (. + _StackSize)
 *fill*         0x200015d0     0x1000 

.stack          0x2003f000        0x0
                0x2003f000                _vStackBase = .
                0x2003f000                . = ALIGN (0x4)
                0x20040000                _vStackTop = (. + _StackSize)
                [!provide]                PROVIDE (__valid_user_code_checksum = (0x0 - ((((((_vStackTop + (ResetISR + 0x1)) + (NMI_Handler + 0x1)) + (HardFault_Handler + 0x1)) + (DEFINED (MemManage_Handler)?MemManage_Handler:0x0 + 0x1)) + (DEFINED (BusFault_Handler)?BusFault_Handler:0x0 + 0x1)) + (DEFINED (UsageFault_Handler)?UsageFault_Handler:0x0 + 0x1))))
                0x00000000                _image_start = LOADADDR (.text)
                0x00008198                _image_end = (LOADADDR (.data) + SIZEOF (.data))
                0x00008198                _image_size = (_image_end - _image_start)
OUTPUT(Auto-Lab01.axf elf32-littlearm)
LOAD linker stubs

.debug_info     0x00000000    0x1e336
 .debug_info    0x00000000       0xaa ./utilities/fsl_assert.o
 .debug_info    0x000000aa      0xcb8 ./utilities/fsl_debug_console.o
 .debug_info    0x00000d62      0xc34 ./utilities/fsl_str.o
 .debug_info    0x00001996      0x707 ./startup/startup_lpc55s69_cm33_core0.o
 .debug_info    0x0000209d      0xce2 ./source/Auto-Lab01.o
 .debug_info    0x00002d7f     0x12e7 ./source/oled.o
 .debug_info    0x00004066       0x3c ./source/semihost_hardfault.o
 .debug_info    0x000040a2     0x3359 ./drivers/fsl_clock.o
 .debug_info    0x000073fb      0x604 ./drivers/fsl_common_arm.o
 .debug_info    0x000079ff     0x2286 ./drivers/fsl_ctimer.o
 .debug_info    0x00009c85     0x1b09 ./drivers/fsl_flexcomm.o
 .debug_info    0x0000b78e     0x1781 ./drivers/fsl_gpio.o
 .debug_info    0x0000cf0f     0x2290 ./drivers/fsl_i2c.o
 .debug_info    0x0000f19f     0x1d7d ./drivers/fsl_lpadc.o
 .debug_info    0x00010f1c     0x2a66 ./drivers/fsl_power.o
 .debug_info    0x00013982      0xee3 ./drivers/fsl_reset.o
 .debug_info    0x00014865     0x17fe ./drivers/fsl_usart.o
 .debug_info    0x00016063     0x14be ./device/system_LPC55S69_cm33_core0.o
 .debug_info    0x00017521      0xc8b ./component/uart/fsl_adapter_usart.o
 .debug_info    0x000181ac      0xcfe ./component/serial_manager/fsl_component_serial_manager.o
 .debug_info    0x00018eaa      0x48c ./component/serial_manager/fsl_component_serial_port_uart.o
 .debug_info    0x00019336      0x829 ./board/board.o
 .debug_info    0x00019b5f     0x16e2 ./board/clock_config.o
 .debug_info    0x0001b241     0x1be9 ./board/peripherals.o
 .debug_info    0x0001ce2a     0x150c ./board/pin_mux.o

.debug_abbrev   0x00000000     0x3497
 .debug_abbrev  0x00000000       0x66 ./utilities/fsl_assert.o
 .debug_abbrev  0x00000066      0x232 ./utilities/fsl_debug_console.o
 .debug_abbrev  0x00000298      0x24d ./utilities/fsl_str.o
 .debug_abbrev  0x000004e5      0x165 ./startup/startup_lpc55s69_cm33_core0.o
 .debug_abbrev  0x0000064a      0x1a0 ./source/Auto-Lab01.o
 .debug_abbrev  0x000007ea      0x294 ./source/oled.o
 .debug_abbrev  0x00000a7e       0x31 ./source/semihost_hardfault.o
 .debug_abbrev  0x00000aaf      0x374 ./drivers/fsl_clock.o
 .debug_abbrev  0x00000e23      0x153 ./drivers/fsl_common_arm.o
 .debug_abbrev  0x00000f76      0x382 ./drivers/fsl_ctimer.o
 .debug_abbrev  0x000012f8      0x2c0 ./drivers/fsl_flexcomm.o
 .debug_abbrev  0x000015b8      0x210 ./drivers/fsl_gpio.o
 .debug_abbrev  0x000017c8      0x351 ./drivers/fsl_i2c.o
 .debug_abbrev  0x00001b19      0x257 ./drivers/fsl_lpadc.o
 .debug_abbrev  0x00001d70      0x335 ./drivers/fsl_power.o
 .debug_abbrev  0x000020a5      0x15a ./drivers/fsl_reset.o
 .debug_abbrev  0x000021ff      0x30b ./drivers/fsl_usart.o
 .debug_abbrev  0x0000250a      0x216 ./device/system_LPC55S69_cm33_core0.o
 .debug_abbrev  0x00002720      0x1e0 ./component/uart/fsl_adapter_usart.o
 .debug_abbrev  0x00002900      0x299 ./component/serial_manager/fsl_component_serial_manager.o
 .debug_abbrev  0x00002b99      0x167 ./component/serial_manager/fsl_component_serial_port_uart.o
 .debug_abbrev  0x00002d00       0xd1 ./board/board.o
 .debug_abbrev  0x00002dd1      0x1ea ./board/clock_config.o
 .debug_abbrev  0x00002fbb      0x25e ./board/peripherals.o
 .debug_abbrev  0x00003219      0x27e ./board/pin_mux.o

.debug_aranges  0x00000000     0x1080
 .debug_aranges
                0x00000000       0x20 ./utilities/fsl_assert.o
 .debug_aranges
                0x00000020       0xa8 ./utilities/fsl_debug_console.o
 .debug_aranges
                0x000000c8       0xc0 ./utilities/fsl_str.o
 .debug_aranges
                0x00000188      0x268 ./startup/startup_lpc55s69_cm33_core0.o
 .debug_aranges
                0x000003f0       0x30 ./source/Auto-Lab01.o
 .debug_aranges
                0x00000420       0xd0 ./source/oled.o
 .debug_aranges
                0x000004f0       0x20 ./source/semihost_hardfault.o
 .debug_aranges
                0x00000510      0x228 ./drivers/fsl_clock.o
 .debug_aranges
                0x00000738       0x38 ./drivers/fsl_common_arm.o
 .debug_aranges
                0x00000770       0xe0 ./drivers/fsl_ctimer.o
 .debug_aranges
                0x00000850       0x90 ./drivers/fsl_flexcomm.o
 .debug_aranges
                0x000008e0       0x38 ./drivers/fsl_gpio.o
 .debug_aranges
                0x00000918      0x1a0 ./drivers/fsl_i2c.o
 .debug_aranges
                0x00000ab8       0xb0 ./drivers/fsl_lpadc.o
 .debug_aranges
                0x00000b68       0xc8 ./drivers/fsl_power.o
 .debug_aranges
                0x00000c30       0x30 ./drivers/fsl_reset.o
 .debug_aranges
                0x00000c60       0xf8 ./drivers/fsl_usart.o
 .debug_aranges
                0x00000d58       0x88 ./device/system_LPC55S69_cm33_core0.o
 .debug_aranges
                0x00000de0       0x58 ./component/uart/fsl_adapter_usart.o
 .debug_aranges
                0x00000e38       0xa0 ./component/serial_manager/fsl_component_serial_manager.o
 .debug_aranges
                0x00000ed8       0x48 ./component/serial_manager/fsl_component_serial_port_uart.o
 .debug_aranges
                0x00000f20       0x28 ./board/board.o
 .debug_aranges
                0x00000f48       0x50 ./board/clock_config.o
 .debug_aranges
                0x00000f98       0x70 ./board/peripherals.o
 .debug_aranges
                0x00001008       0x78 ./board/pin_mux.o

.debug_ranges   0x00000000      0xf68
 .debug_ranges  0x00000000       0x10 ./utilities/fsl_assert.o
 .debug_ranges  0x00000010       0x98 ./utilities/fsl_debug_console.o
 .debug_ranges  0x000000a8       0xe0 ./utilities/fsl_str.o
 .debug_ranges  0x00000188      0x258 ./startup/startup_lpc55s69_cm33_core0.o
 .debug_ranges  0x000003e0       0x20 ./source/Auto-Lab01.o
 .debug_ranges  0x00000400       0xc0 ./source/oled.o
 .debug_ranges  0x000004c0       0x10 ./source/semihost_hardfault.o
 .debug_ranges  0x000004d0      0x218 ./drivers/fsl_clock.o
 .debug_ranges  0x000006e8       0x28 ./drivers/fsl_common_arm.o
 .debug_ranges  0x00000710       0xd0 ./drivers/fsl_ctimer.o
 .debug_ranges  0x000007e0       0x80 ./drivers/fsl_flexcomm.o
 .debug_ranges  0x00000860       0x28 ./drivers/fsl_gpio.o
 .debug_ranges  0x00000888      0x1d8 ./drivers/fsl_i2c.o
 .debug_ranges  0x00000a60       0xa0 ./drivers/fsl_lpadc.o
 .debug_ranges  0x00000b00       0xb8 ./drivers/fsl_power.o
 .debug_ranges  0x00000bb8       0x20 ./drivers/fsl_reset.o
 .debug_ranges  0x00000bd8       0xe8 ./drivers/fsl_usart.o
 .debug_ranges  0x00000cc0       0x78 ./device/system_LPC55S69_cm33_core0.o
 .debug_ranges  0x00000d38       0x48 ./component/uart/fsl_adapter_usart.o
 .debug_ranges  0x00000d80       0x90 ./component/serial_manager/fsl_component_serial_manager.o
 .debug_ranges  0x00000e10       0x38 ./component/serial_manager/fsl_component_serial_port_uart.o
 .debug_ranges  0x00000e48       0x18 ./board/board.o
 .debug_ranges  0x00000e60       0x40 ./board/clock_config.o
 .debug_ranges  0x00000ea0       0x60 ./board/peripherals.o
 .debug_ranges  0x00000f00       0x68 ./board/pin_mux.o

.debug_macro    0x00000000    0x18e59
 .debug_macro   0x00000000      0x17a ./utilities/fsl_assert.o
 .debug_macro   0x0000017a      0xab4 ./utilities/fsl_assert.o
 .debug_macro   0x00000c2e       0x10 ./utilities/fsl_assert.o
 .debug_macro   0x00000c3e       0x1c ./utilities/fsl_assert.o
 .debug_macro   0x00000c5a       0x22 ./utilities/fsl_assert.o
 .debug_macro   0x00000c7c      0x12e ./utilities/fsl_assert.o
 .debug_macro   0x00000daa      0x5b3 ./utilities/fsl_assert.o
 .debug_macro   0x0000135d       0x22 ./utilities/fsl_assert.o
 .debug_macro   0x0000137f       0x10 ./utilities/fsl_assert.o
 .debug_macro   0x0000138f       0x46 ./utilities/fsl_assert.o
 .debug_macro   0x000013d5       0x1c ./utilities/fsl_assert.o
 .debug_macro   0x000013f1       0x29 ./utilities/fsl_assert.o
 .debug_macro   0x0000141a       0xfb ./utilities/fsl_assert.o
 .debug_macro   0x00001515     0x167e ./utilities/fsl_assert.o
 .debug_macro   0x00002b93       0x5e ./utilities/fsl_assert.o
 .debug_macro   0x00002bf1       0x2e ./utilities/fsl_assert.o
 .debug_macro   0x00002c1f    0x116df ./utilities/fsl_assert.o
 .debug_macro   0x000142fe      0x466 ./utilities/fsl_assert.o
 .debug_macro   0x00014764       0x7a ./utilities/fsl_assert.o
 .debug_macro   0x000147de       0xa8 ./utilities/fsl_assert.o
 .debug_macro   0x00014886      0x2ca ./utilities/fsl_assert.o
 .debug_macro   0x00014b50       0x16 ./utilities/fsl_assert.o
 .debug_macro   0x00014b66       0xee ./utilities/fsl_assert.o
 .debug_macro   0x00014c54       0x70 ./utilities/fsl_assert.o
 .debug_macro   0x00014cc4       0x46 ./utilities/fsl_assert.o
 .debug_macro   0x00014d0a       0x16 ./utilities/fsl_assert.o
 .debug_macro   0x00014d20       0x6d ./utilities/fsl_assert.o
 .debug_macro   0x00014d8d       0x16 ./utilities/fsl_assert.o
 .debug_macro   0x00014da3       0x1c ./utilities/fsl_assert.o
 .debug_macro   0x00014dbf       0x1c ./utilities/fsl_assert.o
 .debug_macro   0x00014ddb      0x1f2 ./utilities/fsl_debug_console.o
 .debug_macro   0x00014fcd       0x16 ./utilities/fsl_debug_console.o
 .debug_macro   0x00014fe3       0x10 ./utilities/fsl_debug_console.o
 .debug_macro   0x00014ff3       0x28 ./utilities/fsl_debug_console.o
 .debug_macro   0x0001501b       0x50 ./utilities/fsl_debug_console.o
 .debug_macro   0x0001506b       0x1c ./utilities/fsl_debug_console.o
 .debug_macro   0x00015087      0x1b3 ./utilities/fsl_str.o
 .debug_macro   0x0001523a       0xc4 ./utilities/fsl_str.o
 .debug_macro   0x000152fe      0x1c7 ./utilities/fsl_str.o
 .debug_macro   0x000154c5       0x29 ./startup/startup_lpc55s69_cm33_core0.o
 .debug_macro   0x000154ee      0x23f ./source/Auto-Lab01.o
 .debug_macro   0x0001572d       0xa0 ./source/Auto-Lab01.o
 .debug_macro   0x000157cd      0x4a0 ./source/Auto-Lab01.o
 .debug_macro   0x00015c6d       0x10 ./source/Auto-Lab01.o
 .debug_macro   0x00015c7d       0xfe ./source/Auto-Lab01.o
 .debug_macro   0x00015d7b      0x1f0 ./source/Auto-Lab01.o
 .debug_macro   0x00015f6b       0x52 ./source/Auto-Lab01.o
 .debug_macro   0x00015fbd       0x10 ./source/Auto-Lab01.o
 .debug_macro   0x00015fcd       0x1c ./source/Auto-Lab01.o
 .debug_macro   0x00015fe9      0x304 ./source/Auto-Lab01.o
 .debug_macro   0x000162ed       0x46 ./source/Auto-Lab01.o
 .debug_macro   0x00016333      0x43f ./source/Auto-Lab01.o
 .debug_macro   0x00016772       0xc4 ./source/Auto-Lab01.o
 .debug_macro   0x00016836       0x46 ./source/Auto-Lab01.o
 .debug_macro   0x0001687c      0x15c ./source/oled.o
 .debug_macro   0x000169d8       0x16 ./source/oled.o
 .debug_macro   0x000169ee       0x1c ./source/oled.o
 .debug_macro   0x00016a0a       0x4c ./source/oled.o
 .debug_macro   0x00016a56       0x11 ./source/semihost_hardfault.o
 .debug_macro   0x00016a67      0x1db ./drivers/fsl_clock.o
 .debug_macro   0x00016c42      0x13c ./drivers/fsl_common_arm.o
 .debug_macro   0x00016d7e      0x14c ./drivers/fsl_ctimer.o
 .debug_macro   0x00016eca      0x145 ./drivers/fsl_flexcomm.o
 .debug_macro   0x0001700f       0x10 ./drivers/fsl_flexcomm.o
 .debug_macro   0x0001701f      0x14c ./drivers/fsl_gpio.o
 .debug_macro   0x0001716b      0x153 ./drivers/fsl_i2c.o
 .debug_macro   0x000172be      0x14b ./drivers/fsl_lpadc.o
 .debug_macro   0x00017409       0x16 ./drivers/fsl_lpadc.o
 .debug_macro   0x0001741f      0x410 ./drivers/fsl_power.o
 .debug_macro   0x0001782f      0x13c ./drivers/fsl_reset.o
 .debug_macro   0x0001796b      0x154 ./drivers/fsl_usart.o
 .debug_macro   0x00017abf       0x1c ./drivers/fsl_usart.o
 .debug_macro   0x00017adb       0xc1 ./device/system_LPC55S69_cm33_core0.o
 .debug_macro   0x00017b9c      0x151 ./component/uart/fsl_adapter_usart.o
 .debug_macro   0x00017ced       0x22 ./component/uart/fsl_adapter_usart.o
 .debug_macro   0x00017d0f       0x46 ./component/uart/fsl_adapter_usart.o
 .debug_macro   0x00017d55      0x1b5 ./component/serial_manager/fsl_component_serial_manager.o
 .debug_macro   0x00017f0a       0x6a ./component/serial_manager/fsl_component_serial_manager.o
 .debug_macro   0x00017f74      0x179 ./component/serial_manager/fsl_component_serial_port_uart.o
 .debug_macro   0x000180ed      0x1ae ./board/board.o
 .debug_macro   0x0001829b      0x4a6 ./board/board.o
 .debug_macro   0x00018741      0x15c ./board/clock_config.o
 .debug_macro   0x0001889d      0x2fe ./board/clock_config.o
 .debug_macro   0x00018b9b      0x16d ./board/peripherals.o
 .debug_macro   0x00018d08      0x151 ./board/pin_mux.o

.debug_line     0x00000000     0xc95e
 .debug_line    0x00000000      0x44f ./utilities/fsl_assert.o
 .debug_line    0x0000044f      0x860 ./utilities/fsl_debug_console.o
 .debug_line    0x00000caf      0xce5 ./utilities/fsl_str.o
 .debug_line    0x00001994      0x6b1 ./startup/startup_lpc55s69_cm33_core0.o
 .debug_line    0x00002045      0x5fe ./source/Auto-Lab01.o
 .debug_line    0x00002643      0xc76 ./source/oled.o
 .debug_line    0x000032b9       0x59 ./source/semihost_hardfault.o
 .debug_line    0x00003312     0x173b ./drivers/fsl_clock.o
 .debug_line    0x00004a4d      0x398 ./drivers/fsl_common_arm.o
 .debug_line    0x00004de5      0x8bd ./drivers/fsl_ctimer.o
 .debug_line    0x000056a2      0x5eb ./drivers/fsl_flexcomm.o
 .debug_line    0x00005c8d      0x3b5 ./drivers/fsl_gpio.o
 .debug_line    0x00006042     0x1302 ./drivers/fsl_i2c.o
 .debug_line    0x00007344      0x796 ./drivers/fsl_lpadc.o
 .debug_line    0x00007ada      0xe5c ./drivers/fsl_power.o
 .debug_line    0x00008936      0x3a2 ./drivers/fsl_reset.o
 .debug_line    0x00008cd8      0xf48 ./drivers/fsl_usart.o
 .debug_line    0x00009c20      0x682 ./device/system_LPC55S69_cm33_core0.o
 .debug_line    0x0000a2a2      0x53e ./component/uart/fsl_adapter_usart.o
 .debug_line    0x0000a7e0      0x79b ./component/serial_manager/fsl_component_serial_manager.o
 .debug_line    0x0000af7b      0x53a ./component/serial_manager/fsl_component_serial_port_uart.o
 .debug_line    0x0000b4b5      0x4d9 ./board/board.o
 .debug_line    0x0000b98e      0x47f ./board/clock_config.o
 .debug_line    0x0000be0d      0x4ec ./board/peripherals.o
 .debug_line    0x0000c2f9      0x665 ./board/pin_mux.o

.debug_str      0x00000000    0xc6b18
 .debug_str     0x00000000    0xb38d8 ./utilities/fsl_assert.o
                              0xb395c (size before relaxing)
 .debug_str     0x000b38d8     0x1690 ./utilities/fsl_debug_console.o
                              0xb5053 (size before relaxing)
 .debug_str     0x000b4f68      0xc39 ./utilities/fsl_str.o
                              0xb45c0 (size before relaxing)
 .debug_str     0x000b5ba1      0x670 ./startup/startup_lpc55s69_cm33_core0.o
                               0x34aa (size before relaxing)
 .debug_str     0x000b6211     0x61ad ./source/Auto-Lab01.o
                              0xbab16 (size before relaxing)
 .debug_str     0x000bc3be      0x2ad ./source/oled.o
                              0xb43b5 (size before relaxing)
 .debug_str     0x000bc66b       0x1f ./source/semihost_hardfault.o
                               0x2dec (size before relaxing)
 .debug_str     0x000bc68a     0x2d59 ./drivers/fsl_clock.o
                              0xb7c75 (size before relaxing)
 .debug_str     0x000bf3e3      0x3a5 ./drivers/fsl_common_arm.o
                              0xb31b4 (size before relaxing)
 .debug_str     0x000bf788     0x1100 ./drivers/fsl_ctimer.o
                              0xb581f (size before relaxing)
 .debug_str     0x000c0888      0x345 ./drivers/fsl_flexcomm.o