../source/oled.c:147:13:OLED_Write_Byte	16	static
../source/oled.c:159:6:OLED_Init	24	static
../source/oled.c:227:6:OLED_Display_On	8	static
../source/oled.c:234:6:OLED_Display_Off	8	static
../source/oled.c:241:6:OLED_Refresh_Gram	16	static
../source/oled.c:252:6:OLED_Clear_Screen	24	static
../source/oled.c:263:6:OLED_Draw_Point	24	static
../source/oled.c:280:9:OLED_Get_Point	24	static
../source/oled.c:291:6:OLED_Draw_Line	40	static
../source/oled.c:332:6:OLED_Draw_Dotline	40	static
../source/oled.c:373:6:OLED_Draw_Circle	32	static
../source/oled.c:404:6:OLED_Draw_Arc	48	static
../source/oled.c:414:6:OLED_Draw_Rect	32	static
../source/oled.c:428:6:OLED_Draw_Fill_Rect	32	static
../source/oled.c:438:6:OLED_Invert_Rect	32	static
../source/oled.c:448:6:OLED_Draw_Bitmap	32	static
../source/oled.c:458:6:OLED_Puts	24	static
../source/oled.c:474:6:OLED_7seg	40	static
../source/oled.c:501:6:OLED_7segf	48	static
../source/oled.c:544:6:OLED_7dot	24	static
../source/oled.c:560:6:OLED_7cma	24	static
../source/oled.c:575:6:OLED_Progressbar_Frame	32	static
../source/oled.c:586:6:OLED_Progressbar_Value	48	static
