Archive member included to satisfy reference by file (symbol)

d:/mcuxpressoide/ide/plugins/com.nxp.mcuxpresso.tools.win32_11.7.0.202209140929/tools/bin/../lib/gcc/arm-none-eabi/10.3.1/../../../../arm-none-eabi/lib/thumb/v8-m.main+fp/hard\libcr_nohost_nf.a(_cr__main.o)
                              ./startup/startup_lpc55s69_cm33_core0.o (__main)
d:/mcuxpressoide/ide/plugins/com.nxp.mcuxpresso.tools.win32_11.7.0.202209140929/tools/bin/../lib/gcc/arm-none-eabi/10.3.1/../../../../arm-none-eabi/lib/thumb/v8-m.main+fp/hard\libcr_c.a(cosf.o)
                              ./source/lcd.o (cosf)
d:/mcuxpressoide/ide/plugins/com.nxp.mcuxpresso.tools.win32_11.7.0.202209140929/tools/bin/../lib/gcc/arm-none-eabi/10.3.1/../../../../arm-none-eabi/lib/thumb/v8-m.main+fp/hard\libcr_c.a(sinf.o)
                              ./source/lcd.o (sinf)
d:/mcuxpressoide/ide/plugins/com.nxp.mcuxpresso.tools.win32_11.7.0.202209140929/tools/bin/../lib/gcc/arm-none-eabi/10.3.1/../../../../arm-none-eabi/lib/thumb/v8-m.main+fp/hard\libcr_c.a(memcpy.o)
                              ./utilities/fsl_str.o (memcpy)
d:/mcuxpressoide/ide/plugins/com.nxp.mcuxpresso.tools.win32_11.7.0.202209140929/tools/bin/../lib/gcc/arm-none-eabi/10.3.1/../../../../arm-none-eabi/lib/thumb/v8-m.main+fp/hard\libcr_c.a(memset.o)
                              ./utilities/fsl_debug_console.o (memset)
d:/mcuxpressoide/ide/plugins/com.nxp.mcuxpresso.tools.win32_11.7.0.202209140929/tools/bin/../lib/gcc/arm-none-eabi/10.3.1/../../../../arm-none-eabi/lib/thumb/v8-m.main+fp/hard\libcr_c.a(alloc.o)
                              ./source/cJSON.o (malloc)
d:/mcuxpressoide/ide/plugins/com.nxp.mcuxpresso.tools.win32_11.7.0.202209140929/tools/bin/../lib/gcc/arm-none-eabi/10.3.1/../../../../arm-none-eabi/lib/thumb/v8-m.main+fp/hard\libcr_c.a(ctype.o)
                              ./source/cJSON.o (tolower)
d:/mcuxpressoide/ide/plugins/com.nxp.mcuxpresso.tools.win32_11.7.0.202209140929/tools/bin/../lib/gcc/arm-none-eabi/10.3.1/../../../../arm-none-eabi/lib/thumb/v8-m.main+fp/hard\libcr_c.a(errno.o)
                              ./utilities/fsl_str.o (errno)
d:/mcuxpressoide/ide/plugins/com.nxp.mcuxpresso.tools.win32_11.7.0.202209140929/tools/bin/../lib/gcc/arm-none-eabi/10.3.1/../../../../arm-none-eabi/lib/thumb/v8-m.main+fp/hard\libcr_c.a(fpprintf.o)
                              ./source/IoT_Lab2_vol2.o (sprintf)
d:/mcuxpressoide/ide/plugins/com.nxp.mcuxpresso.tools.win32_11.7.0.202209140929/tools/bin/../lib/gcc/arm-none-eabi/10.3.1/../../../../arm-none-eabi/lib/thumb/v8-m.main+fp/hard\libcr_c.a(initio.o)
                              d:/mcuxpressoide/ide/plugins/com.nxp.mcuxpresso.tools.win32_11.7.0.202209140929/tools/bin/../lib/gcc/arm-none-eabi/10.3.1/../../../../arm-none-eabi/lib/thumb/v8-m.main+fp/hard\libcr_nohost_nf.a(_cr__main.o) (_initio)
d:/mcuxpressoide/ide/plugins/com.nxp.mcuxpresso.tools.win32_11.7.0.202209140929/tools/bin/../lib/gcc/arm-none-eabi/10.3.1/../../../../arm-none-eabi/lib/thumb/v8-m.main+fp/hard\libcr_c.a(modf.o)
                              ./utilities/fsl_str.o (modf)
d:/mcuxpressoide/ide/plugins/com.nxp.mcuxpresso.tools.win32_11.7.0.202209140929/tools/bin/../lib/gcc/arm-none-eabi/10.3.1/../../../../arm-none-eabi/lib/thumb/v8-m.main+fp/hard\libcr_c.a(pow.o)
                              ./utilities/fsl_str.o (pow)
d:/mcuxpressoide/ide/plugins/com.nxp.mcuxpresso.tools.win32_11.7.0.202209140929/tools/bin/../lib/gcc/arm-none-eabi/10.3.1/../../../../arm-none-eabi/lib/thumb/v8-m.main+fp/hard\libcr_c.a(printf.o)
                              d:/mcuxpressoide/ide/plugins/com.nxp.mcuxpresso.tools.win32_11.7.0.202209140929/tools/bin/../lib/gcc/arm-none-eabi/10.3.1/../../../../arm-none-eabi/lib/thumb/v8-m.main+fp/hard\libcr_c.a(fpprintf.o) (__vfprintf)
d:/mcuxpressoide/ide/plugins/com.nxp.mcuxpresso.tools.win32_11.7.0.202209140929/tools/bin/../lib/gcc/arm-none-eabi/10.3.1/../../../../arm-none-eabi/lib/thumb/v8-m.main+fp/hard\libcr_c.a(scanf.o)
                              ./source/cJSON.o (sscanf)
d:/mcuxpressoide/ide/plugins/com.nxp.mcuxpresso.tools.win32_11.7.0.202209140929/tools/bin/../lib/gcc/arm-none-eabi/10.3.1/../../../../arm-none-eabi/lib/thumb/v8-m.main+fp/hard\libcr_c.a(setvbuf.o)
                              d:/mcuxpressoide/ide/plugins/com.nxp.mcuxpresso.tools.win32_11.7.0.202209140929/tools/bin/../lib/gcc/arm-none-eabi/10.3.1/../../../../arm-none-eabi/lib/thumb/v8-m.main+fp/hard\libcr_c.a(initio.o) (setvbuf)
d:/mcuxpressoide/ide/plugins/com.nxp.mcuxpresso.tools.win32_11.7.0.202209140929/tools/bin/../lib/gcc/arm-none-eabi/10.3.1/../../../../arm-none-eabi/lib/thumb/v8-m.main+fp/hard\libcr_c.a(stdlib.o)
                              ./source/lcd.o (abs)
d:/mcuxpressoide/ide/plugins/com.nxp.mcuxpresso.tools.win32_11.7.0.202209140929/tools/bin/../lib/gcc/arm-none-eabi/10.3.1/../../../../arm-none-eabi/lib/thumb/v8-m.main+fp/hard\libcr_c.a(strcmp.o)
                              ./source/cJSON.o (strcmp)
[...]
Memory Configuration

Name             Origin             Length             Attributes
PROGRAM_FLASH    0x00000000         0x0009d800         xr
SRAM             0x20000000         0x00040000         xrw
SRAMX            0x04000000         0x00008000         xrw
USB_RAM          0x40100000         0x00004000         xrw
SRAM4            0x20040000         0x00004000         xrw
*default*        0x00000000         0xffffffff

Linker script and memory map

LOAD ./utilities/fsl_assert.o
LOAD ./utilities/fsl_debug_console.o
LOAD ./utilities/fsl_str.o
LOAD ./startup/boot_multicore_slave.o
LOAD ./startup/startup_lpc55s69_cm33_core0.o
LOAD ./source/IoT_Lab2_vol2.o
LOAD ./source/MCP23017.o
LOAD ./source/cJSON.o
LOAD ./source/lcd.o
LOAD ./source/semihost_hardfault.o
LOAD ./source/wlan_mwm.o
LOAD ./freertos/freertos-kernel/portable/MemMang/heap_4.o
LOAD ./freertos/freertos-kernel/portable/GCC/ARM_CM33_NTZ/non_secure/port.o
LOAD ./freertos/freertos-kernel/portable/GCC/ARM_CM33_NTZ/non_secure/portasm.o
LOAD ./freertos/freertos-kernel/croutine.o
LOAD ./freertos/freertos-kernel/event_groups.o
LOAD ./freertos/freertos-kernel/list.o
LOAD ./freertos/freertos-kernel/queue.o
LOAD ./freertos/freertos-kernel/stream_buffer.o
LOAD ./freertos/freertos-kernel/tasks.o
LOAD ./freertos/freertos-kernel/timers.o
LOAD ./drivers/freertos/fsl_usart_freertos.o
LOAD ./drivers/fsl_clock.o
LOAD ./drivers/fsl_common.o
LOAD ./drivers/fsl_common_arm.o
LOAD ./drivers/fsl_flexcomm.o
LOAD ./drivers/fsl_gpio.o
LOAD ./drivers/fsl_i2c.o
LOAD ./drivers/fsl_power.o
LOAD ./drivers/fsl_reset.o
LOAD ./drivers/fsl_spi.o
LOAD ./drivers/fsl_usart.o
LOAD ./device/system_LPC55S69_cm33_core0.o
LOAD ./component/uart/fsl_adapter_usart.o
LOAD ./component/serial_mwm/serial_mwm.o
LOAD ./component/serial_mwm/serial_mwm_usart.o
LOAD ./component/serial_manager/fsl_component_serial_manager.o
LOAD ./component/serial_manager/fsl_component_serial_port_uart.o
LOAD ./component/lists/fsl_component_generic_list.o
LOAD ./board/board.o
LOAD ./board/clock_config.o
LOAD ./board/peripherals.o
LOAD ./board/pin_mux.o
START GROUP
LOAD d:/mcuxpressoide/ide/plugins/com.nxp.mcuxpresso.tools.win32_11.7.0.202209140929/tools/bin/../lib/gcc/arm-none-eabi/10.3.1/../../../../arm-none-eabi/lib/thumb/v8-m.main+fp/hard\libcr_nohost_nf.a
LOAD d:/mcuxpressoide/ide/plugins/com.nxp.mcuxpresso.tools.win32_11.7.0.202209140929/tools/bin/../lib/gcc/arm-none-eabi/10.3.1/../../../../arm-none-eabi/lib/thumb/v8-m.main+fp/hard\libcr_c.a
LOAD d:/mcuxpressoide/ide/plugins/com.nxp.mcuxpresso.tools.win32_11.7.0.202209140929/tools/bin/../lib/gcc/arm-none-eabi/10.3.1/thumb/v8-m.main+fp/hard\libcr_eabihelpers.a
LOAD d:/mcuxpressoide/ide/plugins/com.nxp.mcuxpresso.tools.win32_11.7.0.202209140929/tools/bin/../lib/gcc/arm-none-eabi/10.3.1/thumb/v8-m.main+fp/hard\libgcc.a
END GROUP
                0x00000000                __base_PROGRAM_FLASH = 0x0
                0x00000000                __base_Flash = 0x0
                0x0009d800                __top_PROGRAM_FLASH = 0x9d800
                0x0009d800                __top_Flash = 0x9d800
                0x20000000                __base_SRAM = 0x20000000
                0x20000000                __base_RAM = 0x20000000
                0x20040000                __top_SRAM = 0x20040000
                0x20040000                __top_RAM = 0x20040000
                0x04000000                __base_SRAMX = 0x4000000
                0x04000000                __base_RAM2 = 0x4000000
                0x04008000                __top_SRAMX = 0x4008000
                0x04008000                __top_RAM2 = 0x4008000
                0x40100000                __base_USB_RAM = 0x40100000
                0x40100000                __base_RAM3 = 0x40100000
                0x40104000                __top_USB_RAM = 0x40104000
                0x40104000                __top_RAM3 = 0x40104000
                0x20040000                __base_SRAM4 = 0x20040000
                0x20040000                __base_RAM4 = 0x20040000
                0x20044000                __top_SRAM4 = 0x20044000
                0x20044000                __top_RAM4 = 0x20044000

.text           0x00000000    0x1a2c4
 FILL mask 0xff
                0x00000000                __vectors_start__ = ABSOLUTE (.)
 *(SORT_BY_ALIGNMENT(.isr_vector))
 .isr_vector    0x00000000      0x130 ./startup/startup_lpc55s69_cm33_core0.o
                0x00000000                g_pfnVectors
                0x00000000                __Vectors
                0x00000130                . = ALIGN (0x4)
                0x00000130                __section_table_start = .
                0x00000130                __data_section_table = .
                0x00000130        0x4 LONG 0x1a2c4 LOADADDR (.data)
                0x00000134        0x4 LONG 0x20000000 ADDR (.data)
                0x00000138        0x4 LONG 0x80 SIZEOF (.data)
                0x0000013c        0x4 LONG 0x1a2c4 LOADADDR (.data_RAM2)
                0x00000140        0x4 LONG 0x4000000 ADDR (.data_RAM2)
                0x00000144        0x4 LONG 0x0 SIZEOF (.data_RAM2)
                0x00000148        0x4 LONG 0x1a2c4 LOADADDR (.data_RAM3)
                0x0000014c        0x4 LONG 0x40100000 ADDR (.data_RAM3)
                0x00000150        0x4 LONG 0x0 SIZEOF (.data_RAM3)
                0x00000154        0x4 LONG 0x1a2c4 LOADADDR (.data_RAM4)
                0x00000158        0x4 LONG 0x20040000 ADDR (.data_RAM4)
                0x0000015c        0x4 LONG 0x0 SIZEOF (.data_RAM4)
                0x00000160                __data_section_table_end = .
                0x00000160                __bss_section_table = .
                0x00000160        0x4 LONG 0x20000080 ADDR (.bss)
                0x00000164        0x4 LONG 0xe65c SIZEOF (.bss)
                0x00000168        0x4 LONG 0x4000000 ADDR (.bss_RAM2)
                0x0000016c        0x4 LONG 0x0 SIZEOF (.bss_RAM2)
                0x00000170        0x4 LONG 0x40100000 ADDR (.bss_RAM3)
                0x00000174        0x4 LONG 0x0 SIZEOF (.bss_RAM3)
                0x00000178        0x4 LONG 0x20040000 ADDR (.bss_RAM4)
                0x0000017c        0x4 LONG 0x0 SIZEOF (.bss_RAM4)
                0x00000180                __bss_section_table_end = .
                0x00000180                __section_table_end = .
 *(SORT_BY_ALIGNMENT(.after_vectors*))
 .after_vectors.reset
                0x00000180       0x68 ./startup/startup_lpc55s69_cm33_core0.o
                0x00000180                ResetISR
 .after_vectors.init_data
                0x000001e8       0x1e ./startup/startup_lpc55s69_cm33_core0.o
                0x000001e8                data_init
 .after_vectors.init_bss
                0x00000206       0x12 ./startup/startup_lpc55s69_cm33_core0.o
                0x00000206                bss_init
 .after_vectors
                0x00000218       0x16 ./startup/startup_lpc55s69_cm33_core0.o
                0x00000218                NMI_Handler
                0x0000021c                MemManage_Handler
                0x0000021e                BusFault_Handler
                0x00000220                UsageFault_Handler
                0x00000222                SecureFault_Handler
                0x00000226                DebugMon_Handler
                0x0000022c                PIN_INT3_DriverIRQHandler
                0x0000022c                PIN_INT2_DriverIRQHandler
                0x0000022c                Reserved56_DriverIRQHandler
                0x0000022c                PIN_INT0_DriverIRQHandler
                0x0000022c                CTIMER2_DriverIRQHandler
                0x0000022c                SEC_VIO_DriverIRQHandler
                0x0000022c                IntDefaultHandler
                0x0000022c                USB0_DriverIRQHandler
                0x0000022c                CASER_DriverIRQHandler
                0x0000022c                MRT0_DriverIRQHandler
                0x0000022c                UTICK0_DriverIRQHandler
                0x0000022c                Reserved41_DriverIRQHandler
                0x0000022c                PIN_INT4_DriverIRQHandler
                0x0000022c                PIN_INT5_DriverIRQHandler
                0x0000022c                SEC_GPIO_INT0_IRQ0_DriverIRQHandler
                0x0000022c                CTIMER4_DriverIRQHandler
                0x0000022c                GINT1_DriverIRQHandler
                0x0000022c                PIN_INT7_DriverIRQHandler
                0x0000022c                Reserved55_DriverIRQHandler
                0x0000022c                HASHCRYPT_DriverIRQHandler
                0x0000022c                USB0_NEEDCLK_DriverIRQHandler
                0x0000022c                CTIMER0_DriverIRQHandler
                0x0000022c                CTIMER1_DriverIRQHandler
                0x0000022c                Reserved42_DriverIRQHandler
                0x0000022c                PIN_INT6_DriverIRQHandler
                0x0000022c                PQ_DriverIRQHandler
                0x0000022c                MAILBOX_DriverIRQHandler
                0x0000022c                PIN_INT1_DriverIRQHandler
                0x0000022c                CTIMER3_DriverIRQHandler
                0x0000022c                Reserved61_DriverIRQHandler
                0x0000022c                SEC_GPIO_INT0_IRQ1_DriverIRQHandler
                0x0000022c                PUF_DriverIRQHandler
                0x0000022c                RTC_DriverIRQHandler
                0x0000022c                DMA0_DriverIRQHandler
                0x0000022c                USB1_DriverIRQHandler
                0x0000022c                Reserved60_DriverIRQHandler
                0x0000022c                DMA1_DriverIRQHandler
                0x0000022c                ADC0_DriverIRQHandler
                0x0000022c                USB1_NEEDCLK_DriverIRQHandler
                0x0000022c                Reserved59_DriverIRQHandler
                0x0000022c                SDIO_DriverIRQHandler
                0x0000022c                GINT0_DriverIRQHandler
                0x0000022c                USB1_PHY_DriverIRQHandler
                0x0000022c                ACMP_DriverIRQHandler
                0x0000022c                Reserved57_DriverIRQHandler
                0x0000022c                Reserved39_DriverIRQHandler
                0x0000022c                Reserved46_DriverIRQHandler
                0x0000022c                WDT_BOD_DriverIRQHandler
                0x0000022c                SCT0_DriverIRQHandler
                0x0000022c                PLU_DriverIRQHandler
                0x0000022c                OS_EVENT_DriverIRQHandler
                0x0000022c                SEC_HYPERVISOR_CALL_DriverIRQHandler
 *(SORT_BY_ALIGNMENT(.text*))
 *fill*         0x0000022e        0x2 ff
 .text.vRestoreContextOfFirstTask
                0x00000230       0x38 ./freertos/freertos-kernel/portable/GCC/ARM_CM33_NTZ/non_secure/portasm.o
                0x00000230                vRestoreContextOfFirstTask
 *fill*         0x00000268        0x8 ff
 .text.vStartFirstTask
                0x00000270       0x28 ./freertos/freertos-kernel/portable/GCC/ARM_CM33_NTZ/non_secure/portasm.o
                0x00000270                vStartFirstTask
 *fill*         0x00000298        0x8 ff
 .text.PendSV_Handler
                0x000002a0       0x58 ./freertos/freertos-kernel/portable/GCC/ARM_CM33_NTZ/non_secure/portasm.o
                0x000002a0                PendSV_Handler
 *fill*         0x000002f8        0x8 ff
 .text.SVC_Handler
                0x00000300       0x28 ./freertos/freertos-kernel/portable/GCC/ARM_CM33_NTZ/non_secure/portasm.o
                0x00000300                SVC_Handler
 .text.ConvertFloatRadixNumToString
                0x00000328      0x2c8 ./utilities/fsl_str.o
 .text.parse_number
                0x000005f0      0x1dc ./source/cJSON.o
 *fill*         0x000007cc        0x4 ff
 .text.fp_display
                0x000007d0      0x964 d:/mcuxpressoide/ide/plugins/com.nxp.mcuxpresso.tools.win32_11.7.0.202209140929/tools/bin/../lib/gcc/arm-none-eabi/10.3.1/../../../../arm-none-eabi/lib/thumb/v8-m.main+fp/hard\libcr_c.a(fpprintf.o)
 *fill*         0x00001134        0x4 ff
 .text.pow      0x00001138      0x564 d:/mcuxpressoide/ide/plugins/com.nxp.mcuxpresso.tools.win32_11.7.0.202209140929/tools/bin/../lib/gcc/arm-none-eabi/10.3.1/../../../../arm-none-eabi/lib/thumb/v8-m.main+fp/hard\libcr_c.a(pow.o)
                0x00001138                pow
 *fill*         0x0000169c        0x4 ff
 .text.vfscanf  0x000016a0      0x984 d:/mcuxpressoide/ide/plugins/com.nxp.mcuxpresso.tools.win32_11.7.0.202209140929/tools/bin/../lib/gcc/arm-none-eabi/10.3.1/../../../../arm-none-eabi/lib/thumb/v8-m.main+fp/hard\libcr_c.a(scanf.o)
                0x000016a0                vfscanf
 *fill*         0x00002024        0x4 ff
 .text.strtod   0x00002028       0x3c d:/mcuxpressoide/ide/plugins/com.nxp.mcuxpresso.tools.win32_11.7.0.202209140929/tools/bin/../lib/gcc/arm-none-eabi/10.3.1/../../../../arm-none-eabi/lib/thumb/v8-m.main+fp/hard\libcr_c.a(scanf.o)
                0x00002028                strtod
 *fill*         0x00002064        0x4 ff
 .text._frexpl  0x00002068       0x68 d:/mcuxpressoide/ide/plugins/com.nxp.mcuxpresso.tools.win32_11.7.0.202209140929/tools/bin/../lib/gcc/arm-none-eabi/10.3.1/../../../../arm-none-eabi/lib/thumb/v8-m.main+fp/hard\libcr_c.a(_frexpl.o)
                0x00002068                _frexpl
 .text._ldexpl  0x000020d0       0x5c d:/mcuxpressoide/ide/plugins/com.nxp.mcuxpresso.tools.win32_11.7.0.202209140929/tools/bin/../lib/gcc/arm-none-eabi/10.3.1/../../../../arm-none-eabi/lib/thumb/v8-m.main+fp/hard\libcr_c.a(_ldexpl.o)
                0x000020d0                _ldexpl
 *fill*         0x0000212c        0x4 ff
 .text.frexp    0x00002130       0x68 d:/mcuxpressoide/ide/plugins/com.nxp.mcuxpresso.tools.win32_11.7.0.202209140929/tools/bin/../lib/gcc/arm-none-eabi/10.3.1/../../../../arm-none-eabi/lib/thumb/v8-m.main+fp/hard\libcr_c.a(frexp.o)
                0x00002130                frexp
 .text.ldexp    0x00002198       0x5c d:/mcuxpressoide/ide/plugins/com.nxp.mcuxpresso.tools.win32_11.7.0.202209140929/tools/bin/../lib/gcc/arm-none-eabi/10.3.1/../../../../arm-none-eabi/lib/thumb/v8-m.main+fp/hard\libcr_c.a(ldexp.o)
                0x00002198                ldexp
 .text.__assertion_failed
                0x000021f4       0x18 ./utilities/fsl_assert.o
                0x000021f4                __assertion_failed
 .text.DbgConsole_SendDataReliable
                0x0000220c       0x54 ./utilities/fsl_debug_console.o
                0x0000220c                DbgConsole_SendDataReliable
 .text.DbgConsole_Init
                0x00002260      0x12c ./utilities/fsl_debug_console.o
                0x00002260                DbgConsole_Init
 .text.DbgConsole_Vprintf
                0x0000238c       0x6c ./utilities/fsl_debug_console.o
                0x0000238c                DbgConsole_Vprintf
 .text.main_task
                0x000023f8      0x304 ./source/IoT_Lab2_vol2.o
                0x000023f8                main_task
 .text.main     0x000026fc       0x88 ./source/IoT_Lab2_vol2.o
                0x000026fc                main
 .text.readRegister
                0x00002784       0x7c ./source/MCP23017.o
                0x00002784                readRegister
 .text.writeRegister
                0x00002800       0x60 ./source/MCP23017.o
                0x00002800                writeRegister
 .text.selectExpander
                0x00002860       0x2c ./source/MCP23017.o
                0x00002860                selectExpander
 .text.writeGPIOAB
                0x0000288c       0x64 ./source/MCP23017.o
                0x0000288c                writeGPIOAB
 .text.cJSON_Delete
                0x000028f0       0x94 ./source/cJSON.o
                0x000028f0                cJSON_Delete
 .text.utf16_literal_to_utf8
                0x00002984      0x1d0 ./source/cJSON.o
 .text.parse_string
                0x00002b54      0x28c ./source/cJSON.o
 .text.skip_utf8_bom
                0x00002de0       0x68 ./source/cJSON.o
 .text.cJSON_ParseWithOpts
                0x00002e48      0x134 ./source/cJSON.o
                0x00002e48                cJSON_ParseWithOpts
 .text.parse_value
                0x00002f7c      0x1d8 ./source/cJSON.o
 .text.SPI_Write_Byte
                0x00003154       0x7c ./source/lcd.o
 .text.SPI_Write_Words
                0x000031d0       0xd4 ./source/lcd.o
 .text.LCD_WriteReg
                0x000032a4       0x4c ./source/lcd.o
 .text.LCD_WriteData_8Bit
                0x000032f0       0x4c ./source/lcd.o
 .text.LCD_GramRefresh
                0x0000333c       0x38 ./source/lcd.o
                0x0000333c                LCD_GramRefresh
 .text.LCD_Init
                0x00003374       0x8c ./source/lcd.o
                0x00003374                LCD_Init
 .text.LCD_Clear
                0x00003400       0x40 ./source/lcd.o
                0x00003400                LCD_Clear
 .text.LCD_Set_Bitmap
                0x00003440       0x44 ./source/lcd.o
                0x00003440                LCD_Set_Bitmap
 .text.LCD_Draw_Point
                0x00003484       0x4c ./source/lcd.o
                0x00003484                LCD_Draw_Point
 .text.LCD_Puts
                0x000034d0      0x10c ./source/lcd.o
                0x000034d0                LCD_Puts
 .text.wlan_get_state
                0x000035dc       0x2c ./source/wlan_mwm.o
                0x000035dc                wlan_get_state
 .text.wlan_state
                0x00003608      0x180 ./source/wlan_mwm.o
                0x00003608                wlan_state
 .text.wlan_reboot
                0x00003788       0x58 ./source/wlan_mwm.o
                0x00003788                wlan_reboot
 .text.wlan_config
                0x000037e0      0x188 ./source/wlan_mwm.o
                0x000037e0                wlan_config
 .text.wlan_init
                0x00003968       0x90 ./source/wlan_mwm.o
                0x00003968                wlan_init
 .text.http_GET
                0x000039f8      0x1e4 ./source/wlan_mwm.o
                0x000039f8                http_GET
 .text.pvPortMalloc
                0x00003bdc      0x154 ./freertos/freertos-kernel/portable/MemMang/heap_4.o
                0x00003bdc                pvPortMalloc
 .text.vPortFree
                0x00003d30       0x98 ./freertos/freertos-kernel/portable/MemMang/heap_4.o
                0x00003d30                vPortFree
 .text.prvHeapInit
                0x00003dc8       0xb8 ./freertos/freertos-kernel/portable/MemMang/heap_4.o
 .text.prvInsertBlockIntoFreeList
                0x00003e80       0xb4 ./freertos/freertos-kernel/portable/MemMang/heap_4.o
 .text.vPortSetupTimerInterrupt
                0x00003f34       0x48 ./freertos/freertos-kernel/portable/GCC/ARM_CM33_NTZ/non_secure/port.o
                0x00003f34                vPortSetupTimerInterrupt
 .text.prvTaskExitError
                0x00003f7c       0x34 ./freertos/freertos-kernel/portable/GCC/ARM_CM33_NTZ/non_secure/port.o
 .text.vPortYield
                0x00003fb0       0x24 ./freertos/freertos-kernel/portable/GCC/ARM_CM33_NTZ/non_secure/port.o
                0x00003fb0                vPortYield
 .text.vPortEnterCritical
                0x00003fd4       0x24 ./freertos/freertos-kernel/portable/GCC/ARM_CM33_NTZ/non_secure/port.o
                0x00003fd4                vPortEnterCritical
 .text.vPortExitCritical
                0x00003ff8       0x34 ./freertos/freertos-kernel/portable/GCC/ARM_CM33_NTZ/non_secure/port.o
                0x00003ff8                vPortExitCritical
 .text.SysTick_Handler
                0x0000402c       0x30 ./freertos/freertos-kernel/portable/GCC/ARM_CM33_NTZ/non_secure/port.o
                0x0000402c                SysTick_Handler
 .text.pxPortInitialiseStack
                0x0000405c      0x114 ./freertos/freertos-kernel/portable/GCC/ARM_CM33_NTZ/non_secure/port.o
                0x0000405c                pxPortInitialiseStack
 .text.xPortStartScheduler
                0x00004170       0x40 ./freertos/freertos-kernel/portable/GCC/ARM_CM33_NTZ/non_secure/port.o
                0x00004170                xPortStartScheduler
 .text.xEventGroupSetBitsFromISR
                0x000041b0       0x28 ./freertos/freertos-kernel/event_groups.o
                0x000041b0                xEventGroupSetBitsFromISR
 .text.vQueueAddToRegistry
                0x000041d8       0x88 ./freertos/freertos-kernel/queue.o
                0x000041d8                vQueueAddToRegistry
 .text.vQueueUnregisterQueue
                0x00004260       0x5c ./freertos/freertos-kernel/queue.o
                0x00004260                vQueueUnregisterQueue
 .text.prvAddNewTaskToReadyList
                0x000042bc      0x120 ./freertos/freertos-kernel/tasks.o
 .text.vTaskDelay
                0x000043dc       0x48 ./freertos/freertos-kernel/tasks.o
                0x000043dc                vTaskDelay
 .text.vTaskStartScheduler
                0x00004424       0x84 ./freertos/freertos-kernel/tasks.o
                0x00004424                vTaskStartScheduler
 .text.vTaskSuspendAll
                0x000044a8       0x1c ./freertos/freertos-kernel/tasks.o
                0x000044a8                vTaskSuspendAll
 .text.xTaskResumeAll
                0x000044c4      0x1d8 ./freertos/freertos-kernel/tasks.o
                0x000044c4                xTaskResumeAll
 .text.xTaskGetTickCount
                0x0000469c       0x20 ./freertos/freertos-kernel/tasks.o
                0x0000469c                xTaskGetTickCount
 .text.uxTaskGetNumberOfTasks
                0x000046bc       0x18 ./freertos/freertos-kernel/tasks.o
                0x000046bc                uxTaskGetNumberOfTasks
 .text.xTaskIncrementTick
                0x000046d4      0x204 ./freertos/freertos-kernel/tasks.o
                0x000046d4                xTaskIncrementTick
 .text.vTaskSwitchContext
                0x000048d8       0xa8 ./freertos/freertos-kernel/tasks.o
                0x000048d8                vTaskSwitchContext
 .text.vTaskPlaceOnEventList
                0x00004980       0x38 ./freertos/freertos-kernel/tasks.o
                0x00004980                vTaskPlaceOnEventList
 .text.vTaskPlaceOnUnorderedEventList
                0x000049b8       0x8c ./freertos/freertos-kernel/tasks.o
                0x000049b8                vTaskPlaceOnUnorderedEventList
 .text.vTaskPlaceOnEventListRestricted
                0x00004a44       0x7c ./freertos/freertos-kernel/tasks.o
                0x00004a44                vTaskPlaceOnEventListRestricted
 .text.xTaskRemoveFromEventList
                0x00004ac0      0x19c ./freertos/freertos-kernel/tasks.o
                0x00004ac0                xTaskRemoveFromEventList
 .text.vTaskRemoveFromUnorderedEventList
                0x00004c5c      0x160 ./freertos/freertos-kernel/tasks.o
                0x00004c5c                vTaskRemoveFromUnorderedEventList
 .text.vTaskInternalSetTimeOutState
                0x00004dbc       0x2c ./freertos/freertos-kernel/tasks.o
                0x00004dbc                vTaskInternalSetTimeOutState
 .text.xTaskCheckForTimeOut
                0x00004de8       0xac ./freertos/freertos-kernel/tasks.o
                0x00004de8                xTaskCheckForTimeOut
 .text.vTaskMissedYield
                0x00004e94       0x18 ./freertos/freertos-kernel/tasks.o
                0x00004e94                vTaskMissedYield
 .text.prvIdleTask
                0x00004eac       0x20 ./freertos/freertos-kernel/tasks.o
 .text.prvInitialiseTaskLists
                0x00004ecc       0x80 ./freertos/freertos-kernel/tasks.o
 .text.prvCheckTasksWaitingTermination
                0x00004f4c       0x5c ./freertos/freertos-kernel/tasks.o
 .text.prvResetNextTaskUnblockTime
                0x00004fa8       0x38 ./freertos/freertos-kernel/tasks.o
 .text.xTaskGetSchedulerState
                0x00004fe0       0x3c ./freertos/freertos-kernel/tasks.o
                0x00004fe0                xTaskGetSchedulerState
 .text.xTaskPriorityInherit
                0x0000501c      0x120 ./freertos/freertos-kernel/tasks.o
                0x0000501c                xTaskPriorityInherit
 .text.xTaskPriorityDisinherit
                0x0000513c      0x10c ./freertos/freertos-kernel/tasks.o
                0x0000513c                xTaskPriorityDisinherit
 .text.vTaskPriorityDisinheritAfterTimeout
                0x00005248      0x134 ./freertos/freertos-kernel/tasks.o
                0x00005248                vTaskPriorityDisinheritAfterTimeout
 .text.uxTaskResetEventItemValue
                0x0000537c       0x30 ./freertos/freertos-kernel/tasks.o
                0x0000537c                uxTaskResetEventItemValue
 .text.pvTaskIncrementMutexHeldCount
                0x000053ac       0x28 ./freertos/freertos-kernel/tasks.o
                0x000053ac                pvTaskIncrementMutexHeldCount
 .text.prvAddCurrentTaskToDelayedList
                0x000053d4       0xdc ./freertos/freertos-kernel/tasks.o
 .text.xTimerCreateTimerTask
                0x000054b0       0x54 ./freertos/freertos-kernel/timers.o
                0x000054b0                xTimerCreateTimerTask
 .text.prvProcessExpiredTimer
                0x00005504       0x60 ./freertos/freertos-kernel/timers.o
 .text.prvProcessTimerOrBlockTask
                0x00005564       0x8c ./freertos/freertos-kernel/timers.o
 .text.prvGetNextExpireTime
                0x000055f0       0x48 ./freertos/freertos-kernel/timers.o
 .text.prvSampleTimeNow
                0x00005638       0x40 ./freertos/freertos-kernel/timers.o
 .text.prvInsertTimerInActiveList
                0x00005678       0x84 ./freertos/freertos-kernel/timers.o
 .text.prvProcessReceivedCommands
                0x000056fc      0x194 ./freertos/freertos-kernel/timers.o
 .text.prvSwitchTimerLists
                0x00005890       0x4c ./freertos/freertos-kernel/timers.o
 .text.prvCheckForValidListAndQueue
                0x000058dc       0x6c ./freertos/freertos-kernel/timers.o
 .text.xTimerPendFunctionCallFromISR
                0x00005948       0x40 ./freertos/freertos-kernel/timers.o
                0x00005948                xTimerPendFunctionCallFromISR
 .text.USART_RTOS_Callback
                0x00005988       0x98 ./drivers/freertos/fsl_usart_freertos.o
 .text.USART_RTOS_Init
                0x00005a20      0x1c0 ./drivers/freertos/fsl_usart_freertos.o
                0x00005a20                USART_RTOS_Init
 .text.POWER_EnablePD
                0x00005be0       0x20 ./drivers/fsl_clock.o
 .text.POWER_DisablePD
                0x00005c00       0x20 ./drivers/fsl_clock.o
 .text.CLOCK_AttachClk
                0x00005c20       0xa0 ./drivers/fsl_clock.o
                0x00005c20                CLOCK_AttachClk
 .text.CLOCK_SetClkDiv
                0x00005cc0       0x80 ./drivers/fsl_clock.o
                0x00005cc0                CLOCK_SetClkDiv
 .text.CLOCK_SetupFROClocking
                0x00005d40       0x80 ./drivers/fsl_clock.o
                0x00005d40                CLOCK_SetupFROClocking
 .text.CLOCK_SetFLASHAccessCyclesForFreq
                0x00005dc0      0x148 ./drivers/fsl_clock.o
                0x00005dc0                CLOCK_SetFLASHAccessCyclesForFreq
 .text.CLOCK_SetupExtClocking
                0x00005f08       0x50 ./drivers/fsl_clock.o
                0x00005f08                CLOCK_SetupExtClocking
 .text.CLOCK_GetFro12MFreq
                0x00005f58       0x28 ./drivers/fsl_clock.o
                0x00005f58                CLOCK_GetFro12MFreq
 .text.CLOCK_GetFro1MFreq
                0x00005f80       0x28 ./drivers/fsl_clock.o
                0x00005f80                CLOCK_GetFro1MFreq
 .text.CLOCK_GetExtClkFreq
                0x00005fa8       0x2c ./drivers/fsl_clock.o
                0x00005fa8                CLOCK_GetExtClkFreq
 .text.CLOCK_GetFroHfFreq
                0x00005fd4       0x28 ./drivers/fsl_clock.o
                0x00005fd4                CLOCK_GetFroHfFreq
 .text.CLOCK_GetPll0OutFreq
                0x00005ffc       0x18 ./drivers/fsl_clock.o
                0x00005ffc                CLOCK_GetPll0OutFreq
 .text.CLOCK_GetPll1OutFreq
                0x00006014       0x18 ./drivers/fsl_clock.o
                0x00006014                CLOCK_GetPll1OutFreq
 .text.CLOCK_GetOsc32KFreq
                0x0000602c       0x58 ./drivers/fsl_clock.o
                0x0000602c                CLOCK_GetOsc32KFreq
 .text.CLOCK_GetCoreSysClkFreq
                0x00006084       0xa8 ./drivers/fsl_clock.o
                0x00006084                CLOCK_GetCoreSysClkFreq
 .text.CLOCK_GetI2SMClkFreq
                0x0000612c       0x18 ./drivers/fsl_clock.o
                0x0000612c                CLOCK_GetI2SMClkFreq
 .text.CLOCK_GetFlexCommInputClock
                0x00006144       0xbc ./drivers/fsl_clock.o
                0x00006144                CLOCK_GetFlexCommInputClock
 .text.CLOCK_GetPLL0InClockRate
                0x00006200       0x64 ./drivers/fsl_clock.o
                0x00006200                CLOCK_GetPLL0InClockRate
 .text.CLOCK_SetPLL0Freq
                0x00006264      0x12c ./drivers/fsl_clock.o
                0x00006264                CLOCK_SetPLL0Freq
 .text.SDK_DelayAtLeastUs
                0x00006390       0x8c ./drivers/fsl_common_arm.o
                0x00006390                SDK_DelayAtLeastUs
 .text.FLEXCOMM_GetInstance
                0x0000641c       0x50 ./drivers/fsl_flexcomm.o
                0x0000641c                FLEXCOMM_GetInstance
 .text.FLEXCOMM_Init
                0x0000646c       0x50 ./drivers/fsl_flexcomm.o
                0x0000646c                FLEXCOMM_Init
 .text.FLEXCOMM_SetIRQHandler
                0x000064bc       0x44 ./drivers/fsl_flexcomm.o
                0x000064bc                FLEXCOMM_SetIRQHandler
 .text.FLEXCOMM0_DriverIRQHandler
                0x00006500       0x5c ./drivers/fsl_flexcomm.o
                0x00006500                FLEXCOMM0_DriverIRQHandler
 .text.FLEXCOMM1_DriverIRQHandler
                0x0000655c       0x5c ./drivers/fsl_flexcomm.o
                0x0000655c                FLEXCOMM1_DriverIRQHandler
 .text.FLEXCOMM2_DriverIRQHandler
                0x000065b8       0x5c ./drivers/fsl_flexcomm.o
                0x000065b8                FLEXCOMM2_DriverIRQHandler
 .text.FLEXCOMM3_DriverIRQHandler
                0x00006614       0x5c ./drivers/fsl_flexcomm.o
                0x00006614                FLEXCOMM3_DriverIRQHandler
 .text.FLEXCOMM4_DriverIRQHandler
                0x00006670       0x5c ./drivers/fsl_flexcomm.o
                0x00006670                FLEXCOMM4_DriverIRQHandler
 .text.FLEXCOMM5_DriverIRQHandler
                0x000066cc       0x5c ./drivers/fsl_flexcomm.o
                0x000066cc                FLEXCOMM5_DriverIRQHandler
 .text.FLEXCOMM6_DriverIRQHandler
                0x00006728       0x5c ./drivers/fsl_flexcomm.o
                0x00006728                FLEXCOMM6_DriverIRQHandler
 .text.FLEXCOMM7_DriverIRQHandler
                0x00006784       0x5c ./drivers/fsl_flexcomm.o
                0x00006784                FLEXCOMM7_DriverIRQHandler
 .text.FLEXCOMM8_DriverIRQHandler
                0x000067e0       0x5c ./drivers/fsl_flexcomm.o
                0x000067e0                FLEXCOMM8_DriverIRQHandler
 .text.GPIO_EnablePortClock
                0x0000683c       0x34 ./drivers/fsl_gpio.o
 .text.I2C_ClearStatusFlags
                0x00006870       0x2c ./drivers/fsl_i2c.o
 .text.I2C_MasterSetBaudRate
                0x0000689c      0x13c ./drivers/fsl_i2c.o
                0x0000689c                I2C_MasterSetBaudRate
 .text.I2C_MasterSetTimeoutValue
                0x000069d8       0x74 ./drivers/fsl_i2c.o
                0x000069d8                I2C_MasterSetTimeoutValue
 .text.I2C_PendingStatusWait
                0x00006a4c       0x74 ./drivers/fsl_i2c.o
 .text.I2C_MasterWriteBlocking
                0x00006ac0       0xe4 ./drivers/fsl_i2c.o
                0x00006ac0                I2C_MasterWriteBlocking
 .text.I2C_MasterReadBlocking
                0x00006ba4       0xcc ./drivers/fsl_i2c.o
                0x00006ba4                I2C_MasterReadBlocking
 .text.lowpower_set_system_voltage
                0x00006c70      0x154 ./drivers/fsl_power.o
 .text.lowpower_set_dcdc_power_profile
                0x00006dc4       0xec ./drivers/fsl_power.o
 .text.lowpower_get_part_process_corner
                0x00006eb0       0x94 ./drivers/fsl_power.o
 .text.POWER_SetVoltageForFreq
                0x00006f44       0x50 ./drivers/fsl_power.o
                0x00006f44                POWER_SetVoltageForFreq
 .text.RESET_SetPeripheralReset
                0x00006f94       0x5c ./drivers/fsl_reset.o
                0x00006f94                RESET_SetPeripheralReset
 .text.RESET_ClearPeripheralReset
                0x00006ff0       0x60 ./drivers/fsl_reset.o
                0x00006ff0                RESET_ClearPeripheralReset
 .text.SPI_SetTransferDelay
                0x00007050       0x60 ./drivers/fsl_spi.o
 .text.SPI_GetInstance
                0x000070b0       0x4c ./drivers/fsl_spi.o
                0x000070b0                SPI_GetInstance
 .text.SPI_SetDummyData
                0x000070fc       0x2c ./drivers/fsl_spi.o
                0x000070fc                SPI_SetDummyData
 .text.SPI_GetConfig
                0x00007128       0x24 ./drivers/fsl_spi.o
                0x00007128                SPI_GetConfig
 .text.SPI_MasterInit
                0x0000714c      0x190 ./drivers/fsl_spi.o
                0x0000714c                SPI_MasterInit
 .text.SPI_MasterSetBaud
                0x000072dc       0x9c ./drivers/fsl_spi.o
                0x000072dc                SPI_MasterSetBaud
 .text.__NVIC_EnableIRQ
                0x00007378       0x3c ./drivers/fsl_usart.o
 .text.USART_EnableInterrupts
                0x000073b4       0x48 ./drivers/fsl_usart.o
 .text.USART_DisableInterrupts
                0x000073fc       0x44 ./drivers/fsl_usart.o
 .text.USART_GetEnabledInterrupts
                0x00007440       0x38 ./drivers/fsl_usart.o
 .text.USART_GetInstance
                0x00007478       0x4c ./drivers/fsl_usart.o
                0x00007478                USART_GetInstance
 .text.USART_TransferGetRxRingBufferLength
                0x000074c4       0x50 ./drivers/fsl_usart.o
                0x000074c4                USART_TransferGetRxRingBufferLength
 .text.USART_TransferIsRxRingBufferFull
                0x00007514       0x40 ./drivers/fsl_usart.o
 .text.USART_TransferStartRingBuffer
                0x00007554       0x68 ./drivers/fsl_usart.o
                0x00007554                USART_TransferStartRingBuffer
 .text.USART_Init
                0x000075bc      0x1cc ./drivers/fsl_usart.o
                0x000075bc                USART_Init
 .text.USART_Deinit
                0x00007788       0x54 ./drivers/fsl_usart.o
                0x00007788                USART_Deinit
 .text.USART_GetDefaultConfig
                0x000077dc       0x80 ./drivers/fsl_usart.o
                0x000077dc                USART_GetDefaultConfig
 .text.USART_SetBaudRate
                0x0000785c      0x18c ./drivers/fsl_usart.o
                0x0000785c                USART_SetBaudRate
 .text.USART_WriteBlocking
                0x000079e8       0x8c ./drivers/fsl_usart.o
                0x000079e8                USART_WriteBlocking
 .text.USART_TransferCreateHandle
                0x00007a74       0xc4 ./drivers/fsl_usart.o
                0x00007a74                USART_TransferCreateHandle
 .text.USART_TransferSendNonBlocking
                0x00007b38       0xc8 ./drivers/fsl_usart.o
                0x00007b38                USART_TransferSendNonBlocking
 .text.USART_TransferReceiveNonBlocking
                0x00007c00      0x1e4 ./drivers/fsl_usart.o
                0x00007c00                USART_TransferReceiveNonBlocking
 .text.USART_TransferAbortReceive
                0x00007de4       0x50 ./drivers/fsl_usart.o
                0x00007de4                USART_TransferAbortReceive
 .text.USART_TransferHandleIRQ
                0x00007e34      0x438 ./drivers/fsl_usart.o
                0x00007e34                USART_TransferHandleIRQ
 .text.SystemInit
                0x0000826c       0x64 ./device/system_LPC55S69_cm33_core0.o
                0x0000826c                SystemInit
 .text.HAL_UartInitCommon
                0x000082d0      0x110 ./component/uart/fsl_adapter_usart.o
 .text.HAL_UartSendBlocking
                0x000083e0       0x64 ./component/uart/fsl_adapter_usart.o
                0x000083e0                HAL_UartSendBlocking
 .text.mwm_tx_data
                0x00008444       0xc0 ./component/serial_mwm/serial_mwm.o
 .text.read_int
                0x00008504       0x40 ./component/serial_mwm/serial_mwm.o
 .text.read_string
                0x00008544       0x48 ./component/serial_mwm/serial_mwm.o
 .text.read_end2
                0x0000858c       0x40 ./component/serial_mwm/serial_mwm.o
 .text.read_errno
                0x000085cc       0x4c ./component/serial_mwm/serial_mwm.o
 .text.mwm_reboot
                0x00008618       0x54 ./component/serial_mwm/serial_mwm.o
                0x00008618                mwm_reboot
 .text.mwm_wlan_start
                0x0000866c       0x2c ./component/serial_mwm/serial_mwm.o
                0x0000866c                mwm_wlan_start
 .text.mwm_wlan_status
                0x00008698       0xc0 ./component/serial_mwm/serial_mwm.o
                0x00008698                mwm_wlan_status
 .text.mwm_wlan_info
                0x00008758       0xe4 ./component/serial_mwm/serial_mwm.o
                0x00008758                mwm_wlan_info
 .text.mwm_get_param
                0x0000883c       0xac ./component/serial_mwm/serial_mwm.o
                0x0000883c                mwm_get_param
 .text.mwm_set_param
                0x000088e8       0x84 ./component/serial_mwm/serial_mwm.o
                0x000088e8                mwm_set_param
 .text.mwm_socket
                0x0000896c       0xa4 ./component/serial_mwm/serial_mwm.o
                0x0000896c                mwm_socket
 .text.mwm_connect
                0x00008a10       0x6c ./component/serial_mwm/serial_mwm.o
                0x00008a10                mwm_connect
 .text.mwm_recv_timeout
                0x00008a7c       0xbc ./component/serial_mwm/serial_mwm.o
                0x00008a7c                mwm_recv_timeout
 .text.mwm_send
                0x00008b38       0xc8 ./component/serial_mwm/serial_mwm.o
                0x00008b38                mwm_send
 .text.mwm_close
                0x00008c00       0x5c ./component/serial_mwm/serial_mwm.o
                0x00008c00                mwm_close
 .text.__NVIC_SetPriority
                0x00008c5c       0x54 ./component/serial_mwm/serial_mwm_usart.o
 .text.mwm_rx   0x00008cb0       0x4c ./component/serial_mwm/serial_mwm_usart.o
                0x00008cb0                mwm_rx
 .text.mwm_tx   0x00008cfc       0x44 ./component/serial_mwm/serial_mwm_usart.o
                0x00008cfc                mwm_tx
 .text.mwm_port_init
                0x00008d40       0x4c ./component/serial_mwm/serial_mwm_usart.o
                0x00008d40                mwm_port_init
 .text.mwm_port_deinit
                0x00008d8c       0x20 ./component/serial_mwm/serial_mwm_usart.o
                0x00008d8c                mwm_port_deinit
 .text.BOARD_InitDebugConsole
                0x00008dac       0x38 ./board/board.o
                0x00008dac                BOARD_InitDebugConsole
 .text.POWER_DisablePD
                0x00008de4       0x20 ./board/clock_config.o
 .text.BOARD_BootClockPLL150M
                0x00008e04      0x12c ./board/clock_config.o
                0x00008e04                BOARD_BootClockPLL150M
 .text.FLEXCOMM3_init
                0x00008f30       0x20 ./board/peripherals.o
 .text.FLEXCOMM1_init
                0x00008f50       0x20 ./board/peripherals.o
 .text.BOARD_InitDEBUG_UARTPins
                0x00008f70       0x3c ./board/pin_mux.o
                0x00008f70                BOARD_InitDEBUG_UARTPins
 .text.MWM_InitPins
                0x00008fac       0x48 ./board/pin_mux.o
                0x00008fac                MWM_InitPins
 .text.BOARD_InitPMODPins
                0x00008ff4       0xf4 ./board/pin_mux.o
                0x00008ff4                BOARD_InitPMODPins
 .text.malloc   0x000090e8       0xc8 d:/mcuxpressoide/ide/plugins/com.nxp.mcuxpresso.tools.win32_11.7.0.202209140929/tools/bin/../lib/gcc/arm-none-eabi/10.3.1/../../../../arm-none-eabi/lib/thumb/v8-m.main+fp/hard\libcr_c.a(alloc.o)
                0x000090e8                malloc
 .text._Csys_alloc
                0x000091b0       0x20 d:/mcuxpressoide/ide/plugins/com.nxp.mcuxpresso.tools.win32_11.7.0.202209140929/tools/bin/../lib/gcc/arm-none-eabi/10.3.1/../../../../arm-none-eabi/lib/thumb/v8-m.main+fp/hard\libcr_c.a(alloc.o)
                0x000091b0                _Csys_alloc
 .text.tolower  0x000091d0       0x14 d:/mcuxpressoide/ide/plugins/com.nxp.mcuxpresso.tools.win32_11.7.0.202209140929/tools/bin/../lib/gcc/arm-none-eabi/10.3.1/../../../../arm-none-eabi/lib/thumb/v8-m.main+fp/hard\libcr_c.a(ctype.o)
                0x000091d0                tolower
 .text.sprintf  0x000091e4       0x6c d:/mcuxpressoide/ide/plugins/com.nxp.mcuxpresso.tools.win32_11.7.0.202209140929/tools/bin/../lib/gcc/arm-none-eabi/10.3.1/../../../../arm-none-eabi/lib/thumb/v8-m.main+fp/hard\libcr_c.a(fpprintf.o)
                0x000091e4                sprintf
 .text.snprintf
                0x00009250       0x78 d:/mcuxpressoide/ide/plugins/com.nxp.mcuxpresso.tools.win32_11.7.0.202209140929/tools/bin/../lib/gcc/arm-none-eabi/10.3.1/../../../../arm-none-eabi/lib/thumb/v8-m.main+fp/hard\libcr_c.a(fpprintf.o)
                0x00009250                snprintf
 .text._initio  0x000092c8       0x78 d:/mcuxpressoide/ide/plugins/com.nxp.mcuxpresso.tools.win32_11.7.0.202209140929/tools/bin/../lib/gcc/arm-none-eabi/10.3.1/../../../../arm-none-eabi/lib/thumb/v8-m.main+fp/hard\libcr_c.a(initio.o)
                0x000092c8                _initio
 .text.modf     0x00009340       0x8c d:/mcuxpressoide/ide/plugins/com.nxp.mcuxpresso.tools.win32_11.7.0.202209140929/tools/bin/../lib/gcc/arm-none-eabi/10.3.1/../../../../arm-none-eabi/lib/thumb/v8-m.main+fp/hard\libcr_c.a(modf.o)
                0x00009340                modf
 .text.__vfprintf
                0x000093cc      0xbf4 d:/mcuxpressoide/ide/plugins/com.nxp.mcuxpresso.tools.win32_11.7.0.202209140929/tools/bin/../lib/gcc/arm-none-eabi/10.3.1/../../../../arm-none-eabi/lib/thumb/v8-m.main+fp/hard\libcr_c.a(printf.o)
                0x000093cc                __vfprintf
 .text.ch_val   0x00009fc0       0x30 d:/mcuxpressoide/ide/plugins/com.nxp.mcuxpresso.tools.win32_11.7.0.202209140929/tools/bin/../lib/gcc/arm-none-eabi/10.3.1/../../../../arm-none-eabi/lib/thumb/v8-m.main+fp/hard\libcr_c.a(scanf.o)
 .text._strtoul
                0x00009ff0       0xb4 d:/mcuxpressoide/ide/plugins/com.nxp.mcuxpresso.tools.win32_11.7.0.202209140929/tools/bin/../lib/gcc/arm-none-eabi/10.3.1/../../../../arm-none-eabi/lib/thumb/v8-m.main+fp/hard\libcr_c.a(scanf.o)
 .text.cr_rd_int
                0x0000a0a4      0x1a8 d:/mcuxpressoide/ide/plugins/com.nxp.mcuxpresso.tools.win32_11.7.0.202209140929/tools/bin/../lib/gcc/arm-none-eabi/10.3.1/../../../../arm-none-eabi/lib/thumb/v8-m.main+fp/hard\libcr_c.a(scanf.o)
 .text.strtol   0x0000a24c       0x7c d:/mcuxpressoide/ide/plugins/com.nxp.mcuxpresso.tools.win32_11.7.0.202209140929/tools/bin/../lib/gcc/arm-none-eabi/10.3.1/../../../../arm-none-eabi/lib/thumb/v8-m.main+fp/hard\libcr_c.a(scanf.o)
                0x0000a24c                strtol
 .text.atoi     0x0000a2c8       0x18 d:/mcuxpressoide/ide/plugins/com.nxp.mcuxpresso.tools.win32_11.7.0.202209140929/tools/bin/../lib/gcc/arm-none-eabi/10.3.1/../../../../arm-none-eabi/lib/thumb/v8-m.main+fp/hard\libcr_c.a(scanf.o)
                0x0000a2c8                atoi
 .text.__filbuf
                0x0000a2e0      0x178 d:/mcuxpressoide/ide/plugins/com.nxp.mcuxpresso.tools.win32_11.7.0.202209140929/tools/bin/../lib/gcc/arm-none-eabi/10.3.1/../../../../arm-none-eabi/lib/thumb/v8-m.main+fp/hard\libcr_c.a(__fillbuf.o)
                0x0000a2e0                __filbuf
 .text._sbrk    0x0000a458       0x3c d:/mcuxpressoide/ide/plugins/com.nxp.mcuxpresso.tools.win32_11.7.0.202209140929/tools/bin/../lib/gcc/arm-none-eabi/10.3.1/../../../../arm-none-eabi/lib/thumb/v8-m.main+fp/hard\libcr_c.a(_cr_sbrk.o)
                0x0000a458                _sbrk
 .text._Cwritebuf
                0x0000a494       0x6c d:/mcuxpressoide/ide/plugins/com.nxp.mcuxpresso.tools.win32_11.7.0.202209140929/tools/bin/../lib/gcc/arm-none-eabi/10.3.1/../../../../arm-none-eabi/lib/thumb/v8-m.main+fp/hard\libcr_c.a(_writebuf.o)
                0x0000a494                _Cwritebuf
 .text.fflush   0x0000a500       0x3c d:/mcuxpressoide/ide/plugins/com.nxp.mcuxpresso.tools.win32_11.7.0.202209140929/tools/bin/../lib/gcc/arm-none-eabi/10.3.1/../../../../arm-none-eabi/lib/thumb/v8-m.main+fp/hard\libcr_c.a(fflush.o)
                0x0000a500                fflush
 .text.fseek    0x0000a53c       0xfc d:/mcuxpressoide/ide/plugins/com.nxp.mcuxpresso.tools.win32_11.7.0.202209140929/tools/bin/../lib/gcc/arm-none-eabi/10.3.1/../../../../arm-none-eabi/lib/thumb/v8-m.main+fp/hard\libcr_c.a(fseek.o)
                0x0000a53c                fseek
 .text.ftell    0x0000a638       0x44 d:/mcuxpressoide/ide/plugins/com.nxp.mcuxpresso.tools.win32_11.7.0.202209140929/tools/bin/../lib/gcc/arm-none-eabi/10.3.1/../../../../arm-none-eabi/lib/thumb/v8-m.main+fp/hard\libcr_c.a(ftell.o)
                0x0000a638                ftell
 .text.__check_heap_overflow
                0x0000a67c       0x18 d:/mcuxpressoide/ide/plugins/com.nxp.mcuxpresso.tools.win32_11.7.0.202209140929/tools/bin/../lib/gcc/arm-none-eabi/10.3.1/../../../../arm-none-eabi/lib/thumb/v8-m.main+fp/hard\libcr_c.a(_cr_check_heap.o)
                0x0000a67c                __check_heap_overflow
 .text.__aeabi_dmul
                0x0000a694       0xfc d:/mcuxpressoide/ide/plugins/com.nxp.mcuxpresso.tools.win32_11.7.0.202209140929/tools/bin/../lib/gcc/arm-none-eabi/10.3.1/thumb/v8-m.main+fp/hard\libcr_eabihelpers.a(double.o)
                0x0000a694                __aeabi_dmul
 .text.__aeabi_ddiv
                0x0000a790      0x13c d:/mcuxpressoide/ide/plugins/com.nxp.mcuxpresso.tools.win32_11.7.0.202209140929/tools/bin/../lib/gcc/arm-none-eabi/10.3.1/thumb/v8-m.main+fp/hard\libcr_eabihelpers.a(double.o)
                0x0000a790                __aeabi_ddiv
 .text.__aeabi_dsub
                0x0000a8cc      0x1ac d:/mcuxpressoide/ide/plugins/com.nxp.mcuxpresso.tools.win32_11.7.0.202209140929/tools/bin/../lib/gcc/arm-none-eabi/10.3.1/thumb/v8-m.main+fp/hard\libcr_eabihelpers.a(double.o)
                0x0000a8cc                __aeabi_dsub
 .text.__aeabi_dadd
                0x0000aa78      0x118 d:/mcuxpressoide/ide/plugins/com.nxp.mcuxpresso.tools.win32_11.7.0.202209140929/tools/bin/../lib/gcc/arm-none-eabi/10.3.1/thumb/v8-m.main+fp/hard\libcr_eabihelpers.a(double.o)
                0x0000aa78                __aeabi_dadd
 .text.__aeabi_d2f
                0x0000ab90       0x58 d:/mcuxpressoide/ide/plugins/com.nxp.mcuxpresso.tools.win32_11.7.0.202209140929/tools/bin/../lib/gcc/arm-none-eabi/10.3.1/thumb/v8-m.main+fp/hard\libcr_eabihelpers.a(double.o)
                0x0000ab90                __aeabi_d2f
 .text.DbgConsole_PrintCallback
                0x0000abe8       0x66 ./utilities/fsl_debug_console.o
 .text.DbgConsole_Printf
                0x0000ac4e       0x2c ./utilities/fsl_debug_console.o
                0x0000ac4e                DbgConsole_Printf
 .text.PrintGetWidth
                0x0000ac7a       0x6a ./utilities/fsl_str.o
 .text.PrintGetPrecision
                0x0000ace4       0x8c ./utilities/fsl_str.o
 .text.PrintIsobpu
                0x0000ad70       0x38 ./utilities/fsl_str.o
 .text.PrintIsdi
                0x0000ada8       0x2c ./utilities/fsl_str.o
 .text.PrintOutputdifFobpu
                0x0000add4       0x44 ./utilities/fsl_str.o
 .text.PrintOutputxX
                0x0000ae18       0x44 ./utilities/fsl_str.o
 .text.PrintIsfF
                0x0000ae5c       0x2c ./utilities/fsl_str.o
 .text.PrintIsxX
                0x0000ae88       0x2c ./utilities/fsl_str.o
 .text.PrintFilterLengthFlag
                0x0000aeb4       0x3e ./utilities/fsl_str.o
 .text.PrintGetRadixFromobpu
                0x0000aef2       0x40 ./utilities/fsl_str.o
 .text.ConvertRadixNumToString
                0x0000af32       0xc2 ./utilities/fsl_str.o
 .text.StrFormatPrintf
                0x0000aff4      0x2f0 ./utilities/fsl_str.o
                0x0000aff4                StrFormatPrintf
 .text.WDT_BOD_IRQHandler
                0x0000b2e4        0x8 ./startup/startup_lpc55s69_cm33_core0.o
                0x0000b2e4                WDT_BOD_IRQHandler
 .text.DMA0_IRQHandler
                0x0000b2ec        0x8 ./startup/startup_lpc55s69_cm33_core0.o
                0x0000b2ec                DMA0_IRQHandler
 .text.GINT0_IRQHandler
                0x0000b2f4        0x8 ./startup/startup_lpc55s69_cm33_core0.o
                0x0000b2f4                GINT0_IRQHandler
 .text.GINT1_IRQHandler
                0x0000b2fc        0x8 ./startup/startup_lpc55s69_cm33_core0.o
                0x0000b2fc                GINT1_IRQHandler
 .text.PIN_INT0_IRQHandler
                0x0000b304        0x8 ./startup/startup_lpc55s69_cm33_core0.o
                0x0000b304                PIN_INT0_IRQHandler
 .text.PIN_INT1_IRQHandler
                0x0000b30c        0x8 ./startup/startup_lpc55s69_cm33_core0.o
                0x0000b30c                PIN_INT1_IRQHandler
 .text.PIN_INT2_IRQHandler
                0x0000b314        0x8 ./startup/startup_lpc55s69_cm33_core0.o
                0x0000b314                PIN_INT2_IRQHandler
 .text.PIN_INT3_IRQHandler
                0x0000b31c        0x8 ./startup/startup_lpc55s69_cm33_core0.o
                0x0000b31c                PIN_INT3_IRQHandler
 .text.UTICK0_IRQHandler
                0x0000b324        0x8 ./startup/startup_lpc55s69_cm33_core0.o
                0x0000b324                UTICK0_IRQHandler
 .text.MRT0_IRQHandler
                0x0000b32c        0x8 ./startup/startup_lpc55s69_cm33_core0.o
                0x0000b32c                MRT0_IRQHandler
 .text.CTIMER0_IRQHandler
                0x0000b334        0x8 ./startup/startup_lpc55s69_cm33_core0.o
                0x0000b334                CTIMER0_IRQHandler
 .text.CTIMER1_IRQHandler
                0x0000b33c        0x8 ./startup/startup_lpc55s69_cm33_core0.o
                0x0000b33c                CTIMER1_IRQHandler
 .text.SCT0_IRQHandler
                0x0000b344        0x8 ./startup/startup_lpc55s69_cm33_core0.o
                0x0000b344                SCT0_IRQHandler
 .text.CTIMER3_IRQHandler
                0x0000b34c        0x8 ./startup/startup_lpc55s69_cm33_core0.o
                0x0000b34c                CTIMER3_IRQHandler
 .text.FLEXCOMM0_IRQHandler
                0x0000b354        0x8 ./startup/startup_lpc55s69_cm33_core0.o
                0x0000b354                FLEXCOMM0_IRQHandler
 .text.FLEXCOMM1_IRQHandler
                0x0000b35c        0x8 ./startup/startup_lpc55s69_cm33_core0.o
                0x0000b35c                FLEXCOMM1_IRQHandler
 .text.FLEXCOMM2_IRQHandler
                0x0000b364        0x8 ./startup/startup_lpc55s69_cm33_core0.o
                0x0000b364                FLEXCOMM2_IRQHandler
 .text.FLEXCOMM3_IRQHandler
                0x0000b36c        0x8 ./startup/startup_lpc55s69_cm33_core0.o
                0x0000b36c                FLEXCOMM3_IRQHandler
 .text.FLEXCOMM4_IRQHandler
                0x0000b374        0x8 ./startup/startup_lpc55s69_cm33_core0.o
                0x0000b374                FLEXCOMM4_IRQHandler
 .text.FLEXCOMM5_IRQHandler
                0x0000b37c        0x8 ./startup/startup_lpc55s69_cm33_core0.o
                0x0000b37c                FLEXCOMM5_IRQHandler
 .text.FLEXCOMM6_IRQHandler
                0x0000b384        0x8 ./startup/startup_lpc55s69_cm33_core0.o
                0x0000b384                FLEXCOMM6_IRQHandler
 .text.FLEXCOMM7_IRQHandler
                0x0000b38c        0x8 ./startup/startup_lpc55s69_cm33_core0.o
                0x0000b38c                FLEXCOMM7_IRQHandler
 .text.ADC0_IRQHandler
                0x0000b394        0x8 ./startup/startup_lpc55s69_cm33_core0.o
                0x0000b394                ADC0_IRQHandler
 .text.Reserved39_IRQHandler
                0x0000b39c        0x8 ./startup/startup_lpc55s69_cm33_core0.o
                0x0000b39c                Reserved39_IRQHandler
 .text.ACMP_IRQHandler
                0x0000b3a4        0x8 ./startup/startup_lpc55s69_cm33_core0.o
                0x0000b3a4                ACMP_IRQHandler
 .text.Reserved41_IRQHandler
                0x0000b3ac        0x8 ./startup/startup_lpc55s69_cm33_core0.o
                0x0000b3ac                Reserved41_IRQHandler
 .text.Reserved42_IRQHandler
                0x0000b3b4        0x8 ./startup/startup_lpc55s69_cm33_core0.o
                0x0000b3b4                Reserved42_IRQHandler
 .text.USB0_NEEDCLK_IRQHandler
                0x0000b3bc        0x8 ./startup/startup_lpc55s69_cm33_core0.o
                0x0000b3bc                USB0_NEEDCLK_IRQHandler
 .text.USB0_IRQHandler
                0x0000b3c4        0x8 ./startup/startup_lpc55s69_cm33_core0.o
                0x0000b3c4                USB0_IRQHandler
 .text.RTC_IRQHandler
                0x0000b3cc        0x8 ./startup/startup_lpc55s69_cm33_core0.o
                0x0000b3cc                RTC_IRQHandler
 .text.Reserved46_IRQHandler
                0x0000b3d4        0x8 ./startup/startup_lpc55s69_cm33_core0.o
                0x0000b3d4                Reserved46_IRQHandler
 .text.MAILBOX_IRQHandler
                0x0000b3dc        0x8 ./startup/startup_lpc55s69_cm33_core0.o
                0x0000b3dc                MAILBOX_IRQHandler
 .text.PIN_INT4_IRQHandler
                0x0000b3e4        0x8 ./startup/startup_lpc55s69_cm33_core0.o
                0x0000b3e4                PIN_INT4_IRQHandler
 .text.PIN_INT5_IRQHandler
                0x0000b3ec        0x8 ./startup/startup_lpc55s69_cm33_core0.o
                0x0000b3ec                PIN_INT5_IRQHandler
 .text.PIN_INT6_IRQHandler
                0x0000b3f4        0x8 ./startup/startup_lpc55s69_cm33_core0.o
                0x0000b3f4                PIN_INT6_IRQHandler
 .text.PIN_INT7_IRQHandler
                0x0000b3fc        0x8 ./startup/startup_lpc55s69_cm33_core0.o
                0x0000b3fc                PIN_INT7_IRQHandler
 .text.CTIMER2_IRQHandler
                0x0000b404        0x8 ./startup/startup_lpc55s69_cm33_core0.o
                0x0000b404                CTIMER2_IRQHandler
 .text.CTIMER4_IRQHandler
                0x0000b40c        0x8 ./startup/startup_lpc55s69_cm33_core0.o
                0x0000b40c                CTIMER4_IRQHandler
 .text.OS_EVENT_IRQHandler
                0x0000b414        0x8 ./startup/startup_lpc55s69_cm33_core0.o
                0x0000b414                OS_EVENT_IRQHandler
 .text.Reserved55_IRQHandler
                0x0000b41c        0x8 ./startup/startup_lpc55s69_cm33_core0.o
                0x0000b41c                Reserved55_IRQHandler
 .text.Reserved56_IRQHandler
                0x0000b424        0x8 ./startup/startup_lpc55s69_cm33_core0.o
                0x0000b424                Reserved56_IRQHandler
 .text.Reserved57_IRQHandler
                0x0000b42c        0x8 ./startup/startup_lpc55s69_cm33_core0.o
                0x0000b42c                Reserved57_IRQHandler
 .text.SDIO_IRQHandler
                0x0000b434        0x8 ./startup/startup_lpc55s69_cm33_core0.o
                0x0000b434                SDIO_IRQHandler
 .text.Reserved59_IRQHandler
                0x0000b43c        0x8 ./startup/startup_lpc55s69_cm33_core0.o
                0x0000b43c                Reserved59_IRQHandler
 .text.Reserved60_IRQHandler
                0x0000b444        0x8 ./startup/startup_lpc55s69_cm33_core0.o
                0x0000b444                Reserved60_IRQHandler
 .text.Reserved61_IRQHandler
                0x0000b44c        0x8 ./startup/startup_lpc55s69_cm33_core0.o
                0x0000b44c                Reserved61_IRQHandler
 .text.USB1_PHY_IRQHandler
                0x0000b454        0x8 ./startup/startup_lpc55s69_cm33_core0.o
                0x0000b454                USB1_PHY_IRQHandler
 .text.USB1_IRQHandler
                0x0000b45c        0x8 ./startup/startup_lpc55s69_cm33_core0.o
                0x0000b45c                USB1_IRQHandler
 .text.USB1_NEEDCLK_IRQHandler
                0x0000b464        0x8 ./startup/startup_lpc55s69_cm33_core0.o
                0x0000b464                USB1_NEEDCLK_IRQHandler
 .text.SEC_HYPERVISOR_CALL_IRQHandler
                0x0000b46c        0x8 ./startup/startup_lpc55s69_cm33_core0.o
                0x0000b46c                SEC_HYPERVISOR_CALL_IRQHandler
 .text.SEC_GPIO_INT0_IRQ0_IRQHandler
                0x0000b474        0x8 ./startup/startup_lpc55s69_cm33_core0.o
                0x0000b474                SEC_GPIO_INT0_IRQ0_IRQHandler
 .text.SEC_GPIO_INT0_IRQ1_IRQHandler
                0x0000b47c        0x8 ./startup/startup_lpc55s69_cm33_core0.o
                0x0000b47c                SEC_GPIO_INT0_IRQ1_IRQHandler
 .text.PLU_IRQHandler
                0x0000b484        0x8 ./startup/startup_lpc55s69_cm33_core0.o
                0x0000b484                PLU_IRQHandler
 .text.SEC_VIO_IRQHandler
                0x0000b48c        0x8 ./startup/startup_lpc55s69_cm33_core0.o
                0x0000b48c                SEC_VIO_IRQHandler
 .text.HASHCRYPT_IRQHandler
                0x0000b494        0x8 ./startup/startup_lpc55s69_cm33_core0.o
                0x0000b494                HASHCRYPT_IRQHandler
 .text.CASER_IRQHandler
                0x0000b49c        0x8 ./startup/startup_lpc55s69_cm33_core0.o
                0x0000b49c                CASER_IRQHandler
 .text.PUF_IRQHandler
                0x0000b4a4        0x8 ./startup/startup_lpc55s69_cm33_core0.o
                0x0000b4a4                PUF_IRQHandler
 .text.PQ_IRQHandler
                0x0000b4ac        0x8 ./startup/startup_lpc55s69_cm33_core0.o
                0x0000b4ac                PQ_IRQHandler
 .text.DMA1_IRQHandler
                0x0000b4b4        0x8 ./startup/startup_lpc55s69_cm33_core0.o
                0x0000b4b4                DMA1_IRQHandler
 .text.FLEXCOMM8_IRQHandler
                0x0000b4bc        0x8 ./startup/startup_lpc55s69_cm33_core0.o
                0x0000b4bc                FLEXCOMM8_IRQHandler
 .text.I2C_MasterRepeatedStart
                0x0000b4c4       0x26 ./source/MCP23017.o
 .text.bitForPin
                0x0000b4ea       0x1e ./source/MCP23017.o
                0x0000b4ea                bitForPin
 .text.regForPin
                0x0000b508       0x2a ./source/MCP23017.o
                0x0000b508                regForPin
 .text.updateRegisterBit
                0x0000b532       0x86 ./source/MCP23017.o
                0x0000b532                updateRegisterBit
 .text.pinMode  0x0000b5b8       0x24 ./source/MCP23017.o
                0x0000b5b8                pinMode
 .text.case_insensitive_strcmp
                0x0000b5dc       0x7c ./source/cJSON.o
 .text.cJSON_New_Item
                0x0000b658       0x2c ./source/cJSON.o
 .text.get_decimal_point
                0x0000b684       0x10 ./source/cJSON.o
 .text.parse_hex4
                0x0000b694       0xc4 ./source/cJSON.o
 .text.buffer_skip_whitespace
                0x0000b758       0x6a ./source/cJSON.o
 .text.cJSON_Parse
                0x0000b7c2       0x1c ./source/cJSON.o
                0x0000b7c2                cJSON_Parse
 .text.parse_array
                0x0000b7de      0x17c ./source/cJSON.o
 .text.parse_object
                0x0000b95a      0x1f2 ./source/cJSON.o
 .text.cJSON_GetArraySize
                0x0000bb4c       0x42 ./source/cJSON.o
                0x0000bb4c                cJSON_GetArraySize
 .text.get_array_item
                0x0000bb8e       0x46 ./source/cJSON.o
 .text.cJSON_GetArrayItem
                0x0000bbd4       0x28 ./source/cJSON.o
                0x0000bbd4                cJSON_GetArrayItem
 .text.get_object_item
                0x0000bbfc       0x90 ./source/cJSON.o
 .text.cJSON_GetObjectItem
                0x0000bc8c       0x1e ./source/cJSON.o
                0x0000bc8c                cJSON_GetObjectItem
 .text.GPIO_PinWrite
                0x0000bcaa       0x2a ./source/lcd.o
 .text.Driver_Delay_ms
                0x0000bcd4       0x30 ./source/lcd.o
                0x0000bcd4                Driver_Delay_ms
 .text.LCD_InitReg
                0x0000bd04      0x1d0 ./source/lcd.o
 .text.LCD_SetHome
                0x0000bed4       0x4a ./source/lcd.o
 .text.HardFault_Handler
                0x0000bf1e       0x2c ./source/semihost_hardfault.o
                0x0000bf1e                HardFault_Handler
 .text.http_head_parser
                0x0000bf4a       0x74 ./source/wlan_mwm.o
                0x0000bf4a                http_head_parser
 .text.vPortSVCHandler_C
                0x0000bfbe       0x30 ./freertos/freertos-kernel/portable/GCC/ARM_CM33_NTZ/non_secure/port.o
                0x0000bfbe                vPortSVCHandler_C
 .text.ulSetInterruptMask
                0x0000bfee       0x1a ./freertos/freertos-kernel/portable/GCC/ARM_CM33_NTZ/non_secure/portasm.o
                0x0000bfee                ulSetInterruptMask
 .text.vClearInterruptMask
                0x0000c008       0x10 ./freertos/freertos-kernel/portable/GCC/ARM_CM33_NTZ/non_secure/portasm.o
                0x0000c008                vClearInterruptMask
 .text.xEventGroupCreate
                0x0000c018       0x2e ./freertos/freertos-kernel/event_groups.o
                0x0000c018                xEventGroupCreate
 .text.xEventGroupWaitBits
                0x0000c046      0x14c ./freertos/freertos-kernel/event_groups.o
                0x0000c046                xEventGroupWaitBits
 .text.xEventGroupClearBits
                0x0000c192       0x50 ./freertos/freertos-kernel/event_groups.o
                0x0000c192                xEventGroupClearBits
 .text.xEventGroupSetBits
                0x0000c1e2       0xf6 ./freertos/freertos-kernel/event_groups.o
                0x0000c1e2                xEventGroupSetBits
 .text.vEventGroupDelete
                0x0000c2d8       0x5e ./freertos/freertos-kernel/event_groups.o
                0x0000c2d8                vEventGroupDelete
 .text.vEventGroupSetBitsCallback
                0x0000c336       0x1a ./freertos/freertos-kernel/event_groups.o
                0x0000c336                vEventGroupSetBitsCallback
 .text.prvTestWaitCondition
                0x0000c350       0x44 ./freertos/freertos-kernel/event_groups.o
 .text.vListInitialise
                0x0000c394       0x40 ./freertos/freertos-kernel/list.o
                0x0000c394                vListInitialise
 .text.vListInitialiseItem
                0x0000c3d4       0x1a ./freertos/freertos-kernel/list.o
                0x0000c3d4                vListInitialiseItem
 .text.vListInsert
                0x0000c3ee       0x72 ./freertos/freertos-kernel/list.o
                0x0000c3ee                vListInsert
 .text.uxListRemove
                0x0000c460       0x54 ./freertos/freertos-kernel/list.o
                0x0000c460                uxListRemove
 .text.xQueueGenericReset
                0x0000c4b4       0xee ./freertos/freertos-kernel/queue.o
                0x0000c4b4                xQueueGenericReset
 .text.xQueueGenericCreate
                0x0000c5a2       0x8c ./freertos/freertos-kernel/queue.o
                0x0000c5a2                xQueueGenericCreate
 .text.prvInitialiseNewQueue
                0x0000c62e       0x46 ./freertos/freertos-kernel/queue.o
 .text.prvInitialiseMutex
                0x0000c674       0x34 ./freertos/freertos-kernel/queue.o
 .text.xQueueCreateMutex
                0x0000c6a8       0x30 ./freertos/freertos-kernel/queue.o
                0x0000c6a8                xQueueCreateMutex
 .text.xQueueGenericSend
                0x0000c6d8      0x192 ./freertos/freertos-kernel/queue.o
                0x0000c6d8                xQueueGenericSend
 .text.xQueueGenericSendFromISR
                0x0000c86a      0x100 ./freertos/freertos-kernel/queue.o
                0x0000c86a                xQueueGenericSendFromISR
 .text.xQueueReceive
                0x0000c96a      0x172 ./freertos/freertos-kernel/queue.o
                0x0000c96a                xQueueReceive
 .text.xQueueSemaphoreTake
                0x0000cadc      0x1be ./freertos/freertos-kernel/queue.o
                0x0000cadc                xQueueSemaphoreTake
 .text.vQueueDelete
                0x0000cc9a       0x2c ./freertos/freertos-kernel/queue.o
                0x0000cc9a                vQueueDelete
 .text.prvGetDisinheritPriorityAfterTimeout
                0x0000ccc6       0x30 ./freertos/freertos-kernel/queue.o
 .text.prvCopyDataToQueue
                0x0000ccf6       0xd4 ./freertos/freertos-kernel/queue.o
 .text.prvCopyDataFromQueue
                0x0000cdca       0x4c ./freertos/freertos-kernel/queue.o
 .text.prvUnlockQueue
                0x0000ce16       0xa4 ./freertos/freertos-kernel/queue.o
 .text.prvIsQueueEmpty
                0x0000ceba       0x2c ./freertos/freertos-kernel/queue.o
 .text.prvIsQueueFull
                0x0000cee6       0x30 ./freertos/freertos-kernel/queue.o
 .text.vQueueWaitForMessageRestricted
                0x0000cf16       0x68 ./freertos/freertos-kernel/queue.o
                0x0000cf16                vQueueWaitForMessageRestricted
 .text.xTaskCreate
                0x0000cf7e       0x8c ./freertos/freertos-kernel/tasks.o
                0x0000cf7e                xTaskCreate
 .text.prvInitialiseNewTask
                0x0000d00a      0x100 ./freertos/freertos-kernel/tasks.o
 .text.prvDeleteTCB
                0x0000d10a       0x20 ./freertos/freertos-kernel/tasks.o
 .text.prvReloadTimer
                0x0000d12a       0x42 ./freertos/freertos-kernel/timers.o
 .text.prvTimerTask
                0x0000d16c       0x24 ./freertos/freertos-kernel/timers.o
 .text.USART_RTOS_Deinit
                0x0000d190       0x6c ./drivers/freertos/fsl_usart_freertos.o
                0x0000d190                USART_RTOS_Deinit
 .text.USART_RTOS_Send
                0x0000d1fc       0xc4 ./drivers/freertos/fsl_usart_freertos.o
                0x0000d1fc                USART_RTOS_Send
 .text.USART_RTOS_Receive
                0x0000d2c0      0x12e ./drivers/freertos/fsl_usart_freertos.o
                0x0000d2c0                USART_RTOS_Receive
 .text.CLOCK_IsPLL0Locked
                0x0000d3ee       0x24 ./drivers/fsl_clock.o
 .text.CLOCK_GetFlexCommClkFreq
                0x0000d412       0x9a ./drivers/fsl_clock.o
                0x0000d412                CLOCK_GetFlexCommClkFreq
 .text.findPll0PreDiv
                0x0000d4ac       0x3e ./drivers/fsl_clock.o
 .text.DelayLoop
                0x0000d4ea       0x20 ./drivers/fsl_common_arm.o
 .text.CLOCK_EnableClock
                0x0000d50a       0x30 ./drivers/fsl_flexcomm.o
 .text.FLEXCOMM_PeripheralIsPresent
                0x0000d53a       0x64 ./drivers/fsl_flexcomm.o
 .text.FLEXCOMM_SetPeriph
                0x0000d59e       0x74 ./drivers/fsl_flexcomm.o
 .text.CLOCK_EnableClock
                0x0000d612       0x30 ./drivers/fsl_gpio.o
 .text.GPIO_PinInit
                0x0000d642       0xa4 ./drivers/fsl_gpio.o
                0x0000d642                GPIO_PinInit
 .text.I2C_MasterEnable
                0x0000d6e6       0x44 ./drivers/fsl_i2c.o
 .text.I2C_MasterInit
                0x0000d72a       0x44 ./drivers/fsl_i2c.o
                0x0000d72a                I2C_MasterInit
 .text.I2C_GetStatusFlags
                0x0000d76e       0x88 ./drivers/fsl_i2c.o
                0x0000d76e                I2C_GetStatusFlags
 .text.I2C_MasterStart
                0x0000d7f6       0x46 ./drivers/fsl_i2c.o
                0x0000d7f6                I2C_MasterStart
 .text.I2C_MasterStop
                0x0000d83c       0x2c ./drivers/fsl_i2c.o
                0x0000d83c                I2C_MasterStop
 .text.lowpower_set_voltage_for_process
                0x0000d868       0xaa ./drivers/fsl_power.o
 .text.RESET_PeripheralReset
                0x0000d912       0x1c ./drivers/fsl_reset.o
                0x0000d912                RESET_PeripheralReset
 .text.SPI_Enable
                0x0000d92e       0x40 ./drivers/fsl_spi.o
 .text.EnableIRQ
                0x0000d96e       0x32 ./drivers/fsl_usart.o
 .text.USART_EnableContinuousSCLK
                0x0000d9a0       0x38 ./drivers/fsl_usart.o
 .text.SystemInitHook
                0x0000d9d8        0xe ./device/system_LPC55S69_cm33_core0.o
                0x0000d9d8                SystemInitHook
 .text.HAL_UartGetStatus
                0x0000d9e6       0x22 ./component/uart/fsl_adapter_usart.o
 .text.HAL_UartInit
                0x0000da08       0x36 ./component/uart/fsl_adapter_usart.o
                0x0000da08                HAL_UartInit
 .text.mwm_init
                0x0000da3e       0x1c ./component/serial_mwm/serial_mwm.o
                0x0000da3e                mwm_init
 .text.read_string_max
                0x0000da5a       0x64 ./component/serial_mwm/serial_mwm.o
 .text.read_end
                0x0000dabe       0x32 ./component/serial_mwm/serial_mwm.o
 .text.read_whole_response
                0x0000daf0       0x9c ./component/serial_mwm/serial_mwm.o
 .text.find_val
                0x0000db8c       0xb4 ./component/serial_mwm/serial_mwm.o
 .text.mwm_cmd  0x0000dc40       0x74 ./component/serial_mwm/serial_mwm.o
 .text.DisableGlobalIRQ
                0x0000dcb4       0x22 ./component/serial_manager/fsl_component_serial_manager.o
 .text.EnableGlobalIRQ
                0x0000dcd6       0x20 ./component/serial_manager/fsl_component_serial_manager.o
 .text.SerialManager_StartWriting
                0x0000dcf6       0x38 ./component/serial_manager/fsl_component_serial_manager.o
 .text.SerialManager_Write
                0x0000dd2e       0x44 ./component/serial_manager/fsl_component_serial_manager.o
 .text.SerialManager_Init
                0x0000dd72       0x60 ./component/serial_manager/fsl_component_serial_manager.o
                0x0000dd72                SerialManager_Init
 .text.SerialManager_OpenWriteHandle
                0x0000ddd2       0x50 ./component/serial_manager/fsl_component_serial_manager.o
                0x0000ddd2                SerialManager_OpenWriteHandle
 .text.SerialManager_OpenReadHandle
                0x0000de22       0x60 ./component/serial_manager/fsl_component_serial_manager.o
                0x0000de22                SerialManager_OpenReadHandle
 .text.SerialManager_WriteBlocking
                0x0000de82       0x20 ./component/serial_manager/fsl_component_serial_manager.o
                0x0000de82                SerialManager_WriteBlocking
 .text.Serial_UartInit
                0x0000dea2       0x3e ./component/serial_manager/fsl_component_serial_port_uart.o
                0x0000dea2                Serial_UartInit
 .text.Serial_UartWrite
                0x0000dee0       0x38 ./component/serial_manager/fsl_component_serial_port_uart.o
                0x0000dee0                Serial_UartWrite
 .text.BOARD_InitBootClocks
                0x0000df18        0xc ./board/clock_config.o
                0x0000df18                BOARD_InitBootClocks
 .text.BOARD_InitPeripherals_cm33_core0
                0x0000df24       0x10 ./board/peripherals.o
                0x0000df24                BOARD_InitPeripherals_cm33_core0
 .text.BOARD_InitBootPeripherals
                0x0000df34        0xc ./board/peripherals.o
                0x0000df34                BOARD_InitBootPeripherals
 .text.CLOCK_EnableClock
                0x0000df40       0x30 ./board/pin_mux.o
 .text.IOCON_PinMuxSet
                0x0000df70       0x2e ./board/pin_mux.o
 .text.BOARD_InitBootPins
                0x0000df9e       0x14 ./board/pin_mux.o
                0x0000df9e                BOARD_InitBootPins
 .text.__main   0x0000dfb2        0xe d:/mcuxpressoide/ide/plugins/com.nxp.mcuxpresso.tools.win32_11.7.0.202209140929/tools/bin/../lib/gcc/arm-none-eabi/10.3.1/../../../../arm-none-eabi/lib/thumb/v8-m.main+fp/hard\libcr_nohost_nf.a(_cr__main.o)
                0x0000dfb2                __main
 .text.memcpy   0x0000dfc0        0x4 d:/mcuxpressoide/ide/plugins/com.nxp.mcuxpresso.tools.win32_11.7.0.202209140929/tools/bin/../lib/gcc/arm-none-eabi/10.3.1/../../../../arm-none-eabi/lib/thumb/v8-m.main+fp/hard\libcr_c.a(memcpy.o)
                0x0000dfc0                memcpy
 .text.memset   0x0000dfc4        0x4 d:/mcuxpressoide/ide/plugins/com.nxp.mcuxpresso.tools.win32_11.7.0.202209140929/tools/bin/../lib/gcc/arm-none-eabi/10.3.1/../../../../arm-none-eabi/lib/thumb/v8-m.main+fp/hard\libcr_c.a(memset.o)
                0x0000dfc4                memset
 .text.free     0x0000dfc8       0x30 d:/mcuxpressoide/ide/plugins/com.nxp.mcuxpresso.tools.win32_11.7.0.202209140929/tools/bin/../lib/gcc/arm-none-eabi/10.3.1/../../../../arm-none-eabi/lib/thumb/v8-m.main+fp/hard\libcr_c.a(alloc.o)
                0x0000dfc8                free
 .text.realloc  0x0000dff8       0x26 d:/mcuxpressoide/ide/plugins/com.nxp.mcuxpresso.tools.win32_11.7.0.202209140929/tools/bin/../lib/gcc/arm-none-eabi/10.3.1/../../../../arm-none-eabi/lib/thumb/v8-m.main+fp/hard\libcr_c.a(alloc.o)
                0x0000dff8                realloc
 .text.fp_round
                0x0000e01e       0x4c d:/mcuxpressoide/ide/plugins/com.nxp.mcuxpresso.tools.win32_11.7.0.202209140929/tools/bin/../lib/gcc/arm-none-eabi/10.3.1/../../../../arm-none-eabi/lib/thumb/v8-m.main+fp/hard\libcr_c.a(fpprintf.o)
 .text.pr_dec.constprop.0
                0x0000e06a       0x26 d:/mcuxpressoide/ide/plugins/com.nxp.mcuxpresso.tools.win32_11.7.0.202209140929/tools/bin/../lib/gcc/arm-none-eabi/10.3.1/../../../../arm-none-eabi/lib/thumb/v8-m.main+fp/hard\libcr_c.a(fpprintf.o)
 .text.sscanf   0x0000e090       0x3e d:/mcuxpressoide/ide/plugins/com.nxp.mcuxpresso.tools.win32_11.7.0.202209140929/tools/bin/../lib/gcc/arm-none-eabi/10.3.1/../../../../arm-none-eabi/lib/thumb/v8-m.main+fp/hard\libcr_c.a(scanf.o)
                0x0000e090                sscanf
 .text.setvbuf  0x0000e0ce       0x3e d:/mcuxpressoide/ide/plugins/com.nxp.mcuxpresso.tools.win32_11.7.0.202209140929/tools/bin/../lib/gcc/arm-none-eabi/10.3.1/../../../../arm-none-eabi/lib/thumb/v8-m.main+fp/hard\libcr_c.a(setvbuf.o)
                0x0000e0ce                setvbuf
 .text.strcmp   0x0000e10c       0x44 d:/mcuxpressoide/ide/plugins/com.nxp.mcuxpresso.tools.win32_11.7.0.202209140929/tools/bin/../lib/gcc/arm-none-eabi/10.3.1/../../../../arm-none-eabi/lib/thumb/v8-m.main+fp/hard\libcr_c.a(strcmp.o)
                0x0000e10c                strcmp
 .text.strcpy   0x0000e150       0x42 d:/mcuxpressoide/ide/plugins/com.nxp.mcuxpresso.tools.win32_11.7.0.202209140929/tools/bin/../lib/gcc/arm-none-eabi/10.3.1/../../../../arm-none-eabi/lib/thumb/v8-m.main+fp/hard\libcr_c.a(strcpy.o)
                0x0000e150                strcpy
 .text.strlen   0x0000e192       0x48 d:/mcuxpressoide/ide/plugins/com.nxp.mcuxpresso.tools.win32_11.7.0.202209140929/tools/bin/../lib/gcc/arm-none-eabi/10.3.1/../../../../arm-none-eabi/lib/thumb/v8-m.main+fp/hard\libcr_c.a(strlen.o)
                0x0000e192                strlen
 .text.strncmp  0x0000e1da       0x56 d:/mcuxpressoide/ide/plugins/com.nxp.mcuxpresso.tools.win32_11.7.0.202209140929/tools/bin/../lib/gcc/arm-none-eabi/10.3.1/../../../../arm-none-eabi/lib/thumb/v8-m.main+fp/hard\libcr_c.a(strncmp.o)
                0x0000e1da                strncmp
 .text.strstr   0x0000e230       0x20 d:/mcuxpressoide/ide/plugins/com.nxp.mcuxpresso.tools.win32_11.7.0.202209140929/tools/bin/../lib/gcc/arm-none-eabi/10.3.1/../../../../arm-none-eabi/lib/thumb/v8-m.main+fp/hard\libcr_c.a(strstr.o)
                0x0000e230                strstr
 .text.ungetc   0x0000e250       0x32 d:/mcuxpressoide/ide/plugins/com.nxp.mcuxpresso.tools.win32_11.7.0.202209140929/tools/bin/../lib/gcc/arm-none-eabi/10.3.1/../../../../arm-none-eabi/lib/thumb/v8-m.main+fp/hard\libcr_c.a(ungetc.o)
                0x0000e250                ungetc
 .text._Csys_read_
                0x0000e282       0x22 d:/mcuxpressoide/ide/plugins/com.nxp.mcuxpresso.tools.win32_11.7.0.202209140929/tools/bin/../lib/gcc/arm-none-eabi/10.3.1/../../../../arm-none-eabi/lib/thumb/v8-m.main+fp/hard\libcr_c.a(__fillbuf.o)
                0x0000e282                _Csys_read_
 .text._deferredlazyseek
                0x0000e2a4       0x40 d:/mcuxpressoide/ide/plugins/com.nxp.mcuxpresso.tools.win32_11.7.0.202209140929/tools/bin/../lib/gcc/arm-none-eabi/10.3.1/../../../../arm-none-eabi/lib/thumb/v8-m.main+fp/hard\libcr_c.a(_deferredlazyseek.o)
                0x0000e2a4                _deferredlazyseek
 .text.__flsbuf
                0x0000e2e4      0x140 d:/mcuxpressoide/ide/plugins/com.nxp.mcuxpresso.tools.win32_11.7.0.202209140929/tools/bin/../lib/gcc/arm-none-eabi/10.3.1/../../../../arm-none-eabi/lib/thumb/v8-m.main+fp/hard\libcr_c.a(_deferredlazyseek.o)
                0x0000e2e4                __flsbuf
 .text._fdopen  0x0000e424       0x68 d:/mcuxpressoide/ide/plugins/com.nxp.mcuxpresso.tools.win32_11.7.0.202209140929/tools/bin/../lib/gcc/arm-none-eabi/10.3.1/../../../../arm-none-eabi/lib/thumb/v8-m.main+fp/hard\libcr_c.a(_fdopen.o)
                0x0000e424                _fdopen
 .text._fflush  0x0000e48c       0x52 d:/mcuxpressoide/ide/plugins/com.nxp.mcuxpresso.tools.win32_11.7.0.202209140929/tools/bin/../lib/gcc/arm-none-eabi/10.3.1/../../../../arm-none-eabi/lib/thumb/v8-m.main+fp/hard\libcr_c.a(_fflush.o)
                0x0000e48c                _fflush
 .text.fclose   0x0000e4de       0x58 d:/mcuxpressoide/ide/plugins/com.nxp.mcuxpresso.tools.win32_11.7.0.202209140929/tools/bin/../lib/gcc/arm-none-eabi/10.3.1/../../../../arm-none-eabi/lib/thumb/v8-m.main+fp/hard\libcr_c.a(fclose.o)
                0x0000e4de                fclose
 .text.remove   0x0000e536       0x14 d:/mcuxpressoide/ide/plugins/com.nxp.mcuxpresso.tools.win32_11.7.0.202209140929/tools/bin/../lib/gcc/arm-none-eabi/10.3.1/../../../../arm-none-eabi/lib/thumb/v8-m.main+fp/hard\libcr_c.a(remove.o)
                0x0000e536                remove
 .text._do_fflush
                0x0000e54a       0x40 d:/mcuxpressoide/ide/plugins/com.nxp.mcuxpresso.tools.win32_11.7.0.202209140929/tools/bin/../lib/gcc/arm-none-eabi/10.3.1/../../../../arm-none-eabi/lib/thumb/v8-m.main+fp/hard\libcr_c.a(_do_fflush.o)
                0x0000e54a                _do_fflush
 .text.__aeabi_division_uldivmod
                0x0000e58a      0x174 d:/mcuxpressoide/ide/plugins/com.nxp.mcuxpresso.tools.win32_11.7.0.202209140929/tools/bin/../lib/gcc/arm-none-eabi/10.3.1/thumb/v8-m.main+fp/hard\libcr_eabihelpers.a(division_64.o)
                0x0000e58a                __aeabi_uldivmod
                0x0000e58e                __bhs_ldivmod1
 .text.__aeabi_division_idiv0
                0x0000e6fe        0x2 d:/mcuxpressoide/ide/plugins/com.nxp.mcuxpresso.tools.win32_11.7.0.202209140929/tools/bin/../lib/gcc/arm-none-eabi/10.3.1/thumb/v8-m.main+fp/hard\libcr_eabihelpers.a(division_idiv0.o)
                0x0000e6fe                __aeabi_idiv0
 .text.__aeabi_d2iz
                0x0000e700       0x40 d:/mcuxpressoide/ide/plugins/com.nxp.mcuxpresso.tools.win32_11.7.0.202209140929/tools/bin/../lib/gcc/arm-none-eabi/10.3.1/thumb/v8-m.main+fp/hard\libcr_eabihelpers.a(double.o)
                0x0000e700                __aeabi_d2iz
 .text.__aeabi_d2lz
                0x0000e740       0x74 d:/mcuxpressoide/ide/plugins/com.nxp.mcuxpresso.tools.win32_11.7.0.202209140929/tools/bin/../lib/gcc/arm-none-eabi/10.3.1/thumb/v8-m.main+fp/hard\libcr_eabihelpers.a(double.o)
                0x0000e740                __aeabi_d2lz
 .text.__bhs_ui2d
                0x0000e7b4       0x46 d:/mcuxpressoide/ide/plugins/com.nxp.mcuxpresso.tools.win32_11.7.0.202209140929/tools/bin/../lib/gcc/arm-none-eabi/10.3.1/thumb/v8-m.main+fp/hard\libcr_eabihelpers.a(double.o)
                0x0000e7b4                __bhs_ui2d
 .text.__bhs_ul2d
                0x0000e7fa       0x8a d:/mcuxpressoide/ide/plugins/com.nxp.mcuxpresso.tools.win32_11.7.0.202209140929/tools/bin/../lib/gcc/arm-none-eabi/10.3.1/thumb/v8-m.main+fp/hard\libcr_eabihelpers.a(double.o)
                0x0000e7fa                __bhs_ul2d
 .text.__aeabi_i2d
                0x0000e884       0x12 d:/mcuxpressoide/ide/plugins/com.nxp.mcuxpresso.tools.win32_11.7.0.202209140929/tools/bin/../lib/gcc/arm-none-eabi/10.3.1/thumb/v8-m.main+fp/hard\libcr_eabihelpers.a(double.o)
                0x0000e884                __aeabi_i2d
 .text.__aeabi_ui2d
                0x0000e896        0x8 d:/mcuxpressoide/ide/plugins/com.nxp.mcuxpresso.tools.win32_11.7.0.202209140929/tools/bin/../lib/gcc/arm-none-eabi/10.3.1/thumb/v8-m.main+fp/hard\libcr_eabihelpers.a(double.o)
                0x0000e896                __aeabi_ui2d
 .text.__aeabi_l2d
                0x0000e89e       0x1c d:/mcuxpressoide/ide/plugins/com.nxp.mcuxpresso.tools.win32_11.7.0.202209140929/tools/bin/../lib/gcc/arm-none-eabi/10.3.1/thumb/v8-m.main+fp/hard\libcr_eabihelpers.a(double.o)
                0x0000e89e                __aeabi_l2d
 .text.__aeabi_dcmpeq
                0x0000e8ba       0x30 d:/mcuxpressoide/ide/plugins/com.nxp.mcuxpresso.tools.win32_11.7.0.202209140929/tools/bin/../lib/gcc/arm-none-eabi/10.3.1/thumb/v8-m.main+fp/hard\libcr_eabihelpers.a(double.o)
                0x0000e8ba                __aeabi_dcmpeq
 .text.__aeabi_dcmplt
                0x0000e8ea       0x56 d:/mcuxpressoide/ide/plugins/com.nxp.mcuxpresso.tools.win32_11.7.0.202209140929/tools/bin/../lib/gcc/arm-none-eabi/10.3.1/thumb/v8-m.main+fp/hard\libcr_eabihelpers.a(double.o)
                0x0000e8ea                __aeabi_dcmplt
 .text.__aeabi_dcmpgt
                0x0000e940       0x56 d:/mcuxpressoide/ide/plugins/com.nxp.mcuxpresso.tools.win32_11.7.0.202209140929/tools/bin/../lib/gcc/arm-none-eabi/10.3.1/thumb/v8-m.main+fp/hard\libcr_eabihelpers.a(double.o)
                0x0000e940                __aeabi_dcmpgt
 .text.__aeabi_dcmple
                0x0000e996       0x56 d:/mcuxpressoide/ide/plugins/com.nxp.mcuxpresso.tools.win32_11.7.0.202209140929/tools/bin/../lib/gcc/arm-none-eabi/10.3.1/thumb/v8-m.main+fp/hard\libcr_eabihelpers.a(double.o)
                0x0000e996                __aeabi_dcmple
 .text.__aeabi_dcmpge
                0x0000e9ec       0x56 d:/mcuxpressoide/ide/plugins/com.nxp.mcuxpresso.tools.win32_11.7.0.202209140929/tools/bin/../lib/gcc/arm-none-eabi/10.3.1/thumb/v8-m.main+fp/hard\libcr_eabihelpers.a(double.o)
                0x0000e9ec                __aeabi_dcmpge
 .text.__aeabi_memcpy
                0x0000ea42       0x34 d:/mcuxpressoide/ide/plugins/com.nxp.mcuxpresso.tools.win32_11.7.0.202209140929/tools/bin/../lib/gcc/arm-none-eabi/10.3.1/thumb/v8-m.main+fp/hard\libcr_eabihelpers.a(memcpy.o)
                0x0000ea42                __aeabi_memcpy
                0x0000ea4c                __aeabi_memcpy8
                0x0000ea4c                __aeabi_memcpy4
 .text.__aeabi_memset_lowlevel
                0x0000ea76       0x32 d:/mcuxpressoide/ide/plugins/com.nxp.mcuxpresso.tools.win32_11.7.0.202209140929/tools/bin/../lib/gcc/arm-none-eabi/10.3.1/thumb/v8-m.main+fp/hard\libcr_eabihelpers.a(memcpy.o)
                0x0000ea76                __aeabi_lowlevel_memset
 .text.__sys_appexit
                0x0000eaa8        0x2 d:/mcuxpressoide/ide/plugins/com.nxp.mcuxpresso.tools.win32_11.7.0.202209140929/tools/bin/../lib/gcc/arm-none-eabi/10.3.1/../../../../arm-none-eabi/lib/thumb/v8-m.main+fp/hard\libcr_nohost_nf.a(__sys_appexit.o)
                0x0000eaa8                __sys_appexit
                0x0000eaa8                __exit
 .text.__sys_close
                0x0000eaaa        0x6 d:/mcuxpressoide/ide/plugins/com.nxp.mcuxpresso.tools.win32_11.7.0.202209140929/tools/bin/../lib/gcc/arm-none-eabi/10.3.1/../../../../arm-none-eabi/lib/thumb/v8-m.main+fp/hard\libcr_nohost_nf.a(__sys_close.o)
                0x0000eaaa                __sys_close
 .text.__sys_flen
                0x0000eab0        0x6 d:/mcuxpressoide/ide/plugins/com.nxp.mcuxpresso.tools.win32_11.7.0.202209140929/tools/bin/../lib/gcc/arm-none-eabi/10.3.1/../../../../arm-none-eabi/lib/thumb/v8-m.main+fp/hard\libcr_nohost_nf.a(__sys_flen.o)
                0x0000eab0                __sys_flen
 .text.__sys_istty
                0x0000eab6        0x6 d:/mcuxpressoide/ide/plugins/com.nxp.mcuxpresso.tools.win32_11.7.0.202209140929/tools/bin/../lib/gcc/arm-none-eabi/10.3.1/../../../../arm-none-eabi/lib/thumb/v8-m.main+fp/hard\libcr_nohost_nf.a(__sys_istty.o)
                0x0000eab6                __sys_istty
 .text.__sys_read
                0x0000eabc        0x4 d:/mcuxpressoide/ide/plugins/com.nxp.mcuxpresso.tools.win32_11.7.0.202209140929/tools/bin/../lib/gcc/arm-none-eabi/10.3.1/../../../../arm-none-eabi/lib/thumb/v8-m.main+fp/hard\libcr_nohost_nf.a(__sys_read.o)
                0x0000eabc                __sys_read
 .text.__sys_readc
                0x0000eac0        0x6 d:/mcuxpressoide/ide/plugins/com.nxp.mcuxpresso.tools.win32_11.7.0.202209140929/tools/bin/../lib/gcc/arm-none-eabi/10.3.1/../../../../arm-none-eabi/lib/thumb/v8-m.main+fp/hard\libcr_nohost_nf.a(__sys_readc.o)
                0x0000eac0                __sys_readc
                0x0000eac0                __readc
 .text.__sys_remove
                0x0000eac6        0x6 d:/mcuxpressoide/ide/plugins/com.nxp.mcuxpresso.tools.win32_11.7.0.202209140929/tools/bin/../lib/gcc/arm-none-eabi/10.3.1/../../../../arm-none-eabi/lib/thumb/v8-m.main+fp/hard\libcr_nohost_nf.a(__sys_remove.o)
                0x0000eac6                __sys_remove
 .text.__sys_seek
                0x0000eacc        0x6 d:/mcuxpressoide/ide/plugins/com.nxp.mcuxpresso.tools.win32_11.7.0.202209140929/tools/bin/../lib/gcc/arm-none-eabi/10.3.1/../../../../arm-none-eabi/lib/thumb/v8-m.main+fp/hard\libcr_nohost_nf.a(__sys_seek.o)
                0x0000eacc                __sys_seek
 .text.__sys_tmpnam
                0x0000ead2        0x6 d:/mcuxpressoide/ide/plugins/com.nxp.mcuxpresso.tools.win32_11.7.0.202209140929/tools/bin/../lib/gcc/arm-none-eabi/10.3.1/../../../../arm-none-eabi/lib/thumb/v8-m.main+fp/hard\libcr_nohost_nf.a(__sys_tmpnam.o)
                0x0000ead2                __sys_tmpnam
 .text.__sys_write
                0x0000ead8        0x4 d:/mcuxpressoide/ide/plugins/com.nxp.mcuxpresso.tools.win32_11.7.0.202209140929/tools/bin/../lib/gcc/arm-none-eabi/10.3.1/../../../../arm-none-eabi/lib/thumb/v8-m.main+fp/hard\libcr_nohost_nf.a(__sys_write.o)
                0x0000ead8                __sys_write
 *freertos*/tasks.o(SORT_BY_ALIGNMENT(.rodata*))
 .rodata.vTaskStartScheduler.str1.4
                0x0000eadc        0x5 ./freertos/freertos-kernel/tasks.o
 *(SORT_BY_ALIGNMENT(.rodata) SORT_BY_ALIGNMENT(.rodata.*) SORT_BY_ALIGNMENT(.constdata) SORT_BY_ALIGNMENT(.constdata.*))
 *fill*         0x0000eae1        0x7 ff
 .rodata.a1.1   0x0000eae8       0x88 d:/mcuxpressoide/ide/plugins/com.nxp.mcuxpresso.tools.win32_11.7.0.202209140929/tools/bin/../lib/gcc/arm-none-eabi/10.3.1/../../../../arm-none-eabi/lib/thumb/v8-m.main+fp/hard\libcr_c.a(pow.o)
 .rodata.a2.0   0x0000eb70       0x40 d:/mcuxpressoide/ide/plugins/com.nxp.mcuxpresso.tools.win32_11.7.0.202209140929/tools/bin/../lib/gcc/arm-none-eabi/10.3.1/../../../../arm-none-eabi/lib/thumb/v8-m.main+fp/hard\libcr_c.a(pow.o)
 .rodata.__assertion_failed.str1.4
                0x0000ebb0       0x14 ./utilities/fsl_assert.o
 .rodata.back_160x128
                0x0000ebc4     0xa000 ./source/IoT_Lab2_vol2.o
                0x0000ebc4                back_160x128
 .rodata.main_task.str1.4
                0x00018bc4       0xe4 ./source/IoT_Lab2_vol2.o
 .rodata.main.str1.4
                0x00018ca8       0x25 ./source/IoT_Lab2_vol2.o
 *fill*         0x00018ccd        0x3 ff
 .rodata.print_number.str1.4
                0x00018cd0       0x1b ./source/cJSON.o
 *fill*         0x00018ceb        0x1 ff
 .rodata.skip_utf8_bom.str1.4
                0x00018cec        0x4 ./source/cJSON.o
 .rodata.parse_value.str1.4
                0x00018cf0        0xd ./source/cJSON.o
 *fill*         0x00018cfd        0x3 ff
 .rodata.fontSystem5x8
                0x00018d00      0x1ef ./source/lcd.o
                0x00018d00                fontSystem5x8
 *fill*         0x00018eef        0x1 ff
 .rodata.wlan_get_state.str1.4
                0x00018ef0       0x27 ./source/wlan_mwm.o
 *fill*         0x00018f17        0x1 ff
 .rodata.wlan_state.str1.4
                0x00018f18      0x233 ./source/wlan_mwm.o
                                0x23b (size before relaxing)
 *fill*         0x0001914b        0x1 ff
 .rodata.wlan_scan.str1.4
                0x0001914c       0x7b ./source/wlan_mwm.o
                                 0x7f (size before relaxing)
 *fill*         0x000191c7        0x1 ff
 .rodata.wlan_disconnect.str1.4
                0x000191c8       0x5c ./source/wlan_mwm.o
 .rodata.wlan_reboot.str1.4
                0x00019224       0x7c ./source/wlan_mwm.o
 .rodata.wlan_config.str1.4
                0x000192a0       0x67 ./source/wlan_mwm.o
                                 0x6b (size before relaxing)
 *fill*         0x00019307        0x1 ff
 .rodata.wlan_init.str1.4
                0x00019308       0x79 ./source/wlan_mwm.o
 *fill*         0x00019381        0x3 ff
 .rodata.http_POST.str1.4
                0x00019384      0x114 ./source/wlan_mwm.o
 .rodata.http_GET.str1.4
                0x00019498       0x25 ./source/wlan_mwm.o
 *fill*         0x000194bd        0x3 ff
 .rodata.xTimerCreateTimerTask.str1.4
                0x000194c0        0x8 ./freertos/freertos-kernel/timers.o
 .rodata.prvCheckForValidListAndQueue.str1.4
                0x000194c8        0x5 ./freertos/freertos-kernel/timers.o
 *fill*         0x000194cd        0x3 ff
 .rodata.CLOCK_GetFlexCommInputClock.str1.4
                0x000194d0       0x18 ./drivers/fsl_clock.o
 .rodata.SDK_DelayAtLeastUs.str1.4
                0x000194e8       0x2b ./drivers/fsl_common_arm.o
 *fill*         0x00019513        0x1 ff
 .rodata.s_flexcommBaseAddrs
                0x00019514       0x24 ./drivers/fsl_flexcomm.o
 .rodata.s_flexcommClocks
                0x00019538       0x12 ./drivers/fsl_flexcomm.o
 *fill*         0x0001954a        0x2 ff
 .rodata.s_flexcommResets
                0x0001954c       0x24 ./drivers/fsl_flexcomm.o
 .rodata.FLEXCOMM_GetInstance.str1.4
                0x00019570       0x42 ./drivers/fsl_flexcomm.o
 *fill*         0x000195b2        0x2 ff
 .rodata.FLEXCOMM0_DriverIRQHandler.str1.4
                0x000195b4       0x3c ./drivers/fsl_flexcomm.o
 .rodata.FLEXCOMM1_DriverIRQHandler.str1.4
                0x000195f0       0x3c ./drivers/fsl_flexcomm.o
 .rodata.FLEXCOMM2_DriverIRQHandler.str1.4
                0x0001962c       0x3c ./drivers/fsl_flexcomm.o
 .rodata.FLEXCOMM3_DriverIRQHandler.str1.4
                0x00019668       0x3c ./drivers/fsl_flexcomm.o
 .rodata.FLEXCOMM4_DriverIRQHandler.str1.4
                0x000196a4       0x3c ./drivers/fsl_flexcomm.o
 .rodata.FLEXCOMM5_DriverIRQHandler.str1.4
                0x000196e0       0x3c ./drivers/fsl_flexcomm.o
 .rodata.FLEXCOMM6_DriverIRQHandler.str1.4
                0x0001971c       0x3c ./drivers/fsl_flexcomm.o
 .rodata.FLEXCOMM7_DriverIRQHandler.str1.4
                0x00019758       0x3c ./drivers/fsl_flexcomm.o
 .rodata.FLEXCOMM8_DriverIRQHandler.str1.4
                0x00019794       0x3c ./drivers/fsl_flexcomm.o
 .rodata.s_gpioClockName
                0x000197d0        0x8 ./drivers/fsl_gpio.o
 .rodata.GPIO_EnablePortClock.str1.4
                0x000197d8       0x33 ./drivers/fsl_gpio.o
 *fill*         0x0001980b        0x1 ff
 .rodata.I2C_MasterSetTimeoutValue.str1.4
                0x0001980c       0x3a ./drivers/fsl_i2c.o
 *fill*         0x00019846        0x2 ff
 .rodata.I2C_MasterWriteBlocking.str1.4
                0x00019848       0x1f ./drivers/fsl_i2c.o
 *fill*         0x00019867        0x1 ff
 .rodata.I2C_MasterReadBlocking.str1.4
                0x00019868       0x1f ./drivers/fsl_i2c.o
 *fill*         0x00019887        0x1 ff
 .rodata.RESET_SetPeripheralReset.str1.4
                0x00019888       0x1e ./drivers/fsl_reset.o
 *fill*         0x000198a6        0x2 ff
 .rodata.RESET_ClearPeripheralReset.str1.4
                0x000198a8       0x1e ./drivers/fsl_reset.o
 *fill*         0x000198c6        0x2 ff
 .rodata.SPI_SetTransferDelay.str1.4
                0x000198c8       0x3f ./drivers/fsl_spi.o
 *fill*         0x00019907        0x1 ff
 .rodata.s_spiBaseAddrs
                0x00019908       0x24 ./drivers/fsl_spi.o
 .rodata.SPI_GetInstance.str1.4
                0x0001992c       0x37 ./drivers/fsl_spi.o
 *fill*         0x00019963        0x1 ff
 .rodata.SPI_MasterInit.str1.4
                0x00019964       0x4d ./drivers/fsl_spi.o
 *fill*         0x000199b1        0x3 ff
 .rodata.SPI_MasterSetBaud.str1.4
                0x000199b4       0x51 ./drivers/fsl_spi.o
 *fill*         0x00019a05        0x3 ff
 .rodata.s_usartIRQ
                0x00019a08        0x8 ./drivers/fsl_usart.o
 .rodata.s_usartBaseAddrs
                0x00019a10       0x20 ./drivers/fsl_usart.o
 .rodata.USART_GetInstance.str1.4
                0x00019a30       0x3b ./drivers/fsl_usart.o
 *fill*         0x00019a6b        0x1 ff
 .rodata.USART_TransferGetRxRingBufferLength.str1.4
                0x00019a6c       0x20 ./drivers/fsl_usart.o
 .rodata.USART_TransferIsRxRingBufferFull.str1.4
                0x00019a8c       0x21 ./drivers/fsl_usart.o
 *fill*         0x00019aad        0x3 ff
 .rodata.USART_TransferStartRingBuffer.str1.4
                0x00019ab0       0x69 ./drivers/fsl_usart.o
 *fill*         0x00019b19        0x3 ff
 .rodata.USART_Init.str1.4
                0x00019b1c       0x4f ./drivers/fsl_usart.o
 *fill*         0x00019b6b        0x1 ff
 .rodata.USART_Deinit.str1.4
                0x00019b6c       0x1f ./drivers/fsl_usart.o
 *fill*         0x00019b8b        0x1 ff
 .rodata.USART_GetDefaultConfig.str1.4
                0x00019b8c       0x21 ./drivers/fsl_usart.o
 *fill*         0x00019bad        0x3 ff
 .rodata.USART_SetBaudRate.str1.4
                0x00019bb0       0x53 ./drivers/fsl_usart.o