Archive member included to satisfy reference by file (symbol)

d:/mcuxpressoide/ide/plugins/com.nxp.mcuxpresso.tools.win32_11.7.0.202209140929/tools/bin/../lib/gcc/arm-none-eabi/10.3.1/../../../../arm-none-eabi/lib/thumb/v8-m.main+fp/hard\libcr_nohost_nf.a(_cr__main.o)
                              ./startup/startup_lpc55s69_cm33_core0.o (__main)
d:/mcuxpressoide/ide/plugins/com.nxp.mcuxpresso.tools.win32_11.7.0.202209140929/tools/bin/../lib/gcc/arm-none-eabi/10.3.1/../../../../arm-none-eabi/lib/thumb/v8-m.main+fp/hard\libcr_c.a(memcpy.o)
                              ./utilities/fsl_str.o (memcpy)
d:/mcuxpressoide/ide/plugins/com.nxp.mcuxpresso.tools.win32_11.7.0.202209140929/tools/bin/../lib/gcc/arm-none-eabi/10.3.1/../../../../arm-none-eabi/lib/thumb/v8-m.main+fp/hard\libcr_c.a(memset.o)
                              ./utilities/fsl_debug_console.o (memset)
d:/mcuxpressoide/ide/plugins/com.nxp.mcuxpresso.tools.win32_11.7.0.202209140929/tools/bin/../lib/gcc/arm-none-eabi/10.3.1/../../../../arm-none-eabi/lib/thumb/v8-m.main+fp/hard\libcr_c.a(alloc.o)
                              ./drivers/fsl_common.o (malloc)
d:/mcuxpressoide/ide/plugins/com.nxp.mcuxpresso.tools.win32_11.7.0.202209140929/tools/bin/../lib/gcc/arm-none-eabi/10.3.1/../../../../arm-none-eabi/lib/thumb/v8-m.main+fp/hard\libcr_c.a(errno.o)
                              ./utilities/fsl_str.o (errno)
d:/mcuxpressoide/ide/plugins/com.nxp.mcuxpresso.tools.win32_11.7.0.202209140929/tools/bin/../lib/gcc/arm-none-eabi/10.3.1/../../../../arm-none-eabi/lib/thumb/v8-m.main+fp/hard\libcr_c.a(initio.o)
                              d:/mcuxpressoide/ide/plugins/com.nxp.mcuxpresso.tools.win32_11.7.0.202209140929/tools/bin/../lib/gcc/arm-none-eabi/10.3.1/../../../../arm-none-eabi/lib/thumb/v8-m.main+fp/hard\libcr_nohost_nf.a(_cr__main.o) (_initio)
d:/mcuxpressoide/ide/plugins/com.nxp.mcuxpresso.tools.win32_11.7.0.202209140929/tools/bin/../lib/gcc/arm-none-eabi/10.3.1/../../../../arm-none-eabi/lib/thumb/v8-m.main+fp/hard\libcr_c.a(scanf.o)
                              ./utilities/fsl_str.o (strtoul)
d:/mcuxpressoide/ide/plugins/com.nxp.mcuxpresso.tools.win32_11.7.0.202209140929/tools/bin/../lib/gcc/arm-none-eabi/10.3.1/../../../../arm-none-eabi/lib/thumb/v8-m.main+fp/hard\libcr_c.a(setvbuf.o)
                              d:/mcuxpressoide/ide/plugins/com.nxp.mcuxpresso.tools.win32_11.7.0.202209140929/tools/bin/../lib/gcc/arm-none-eabi/10.3.1/../../../../arm-none-eabi/lib/thumb/v8-m.main+fp/hard\libcr_c.a(initio.o) (setvbuf)
d:/mcuxpressoide/ide/plugins/com.nxp.mcuxpresso.tools.win32_11.7.0.202209140929/tools/bin/../lib/gcc/arm-none-eabi/10.3.1/../../../../arm-none-eabi/lib/thumb/v8-m.main+fp/hard\libcr_c.a(strlen.o)
                              ./utilities/fsl_str.o (strlen)
d:/mcuxpressoide/ide/plugins/com.nxp.mcuxpresso.tools.win32_11.7.0.202209140929/tools/bin/../lib/gcc/arm-none-eabi/10.3.1/../../../../arm-none-eabi/lib/thumb/v8-m.main+fp/hard\libcr_c.a(ungetc.o)
                              d:/mcuxpressoide/ide/plugins/com.nxp.mcuxpresso.tools.win32_11.7.0.202209140929/tools/bin/../lib/gcc/arm-none-eabi/10.3.1/../../../../arm-none-eabi/lib/thumb/v8-m.main+fp/hard\libcr_c.a(scanf.o) (ungetc)
d:/mcuxpressoide/ide/plugins/com.nxp.mcuxpresso.tools.win32_11.7.0.202209140929/tools/bin/../lib/gcc/arm-none-eabi/10.3.1/../../../../arm-none-eabi/lib/thumb/v8-m.main+fp/hard\libcr_c.a(__fillbuf.o)
                              d:/mcuxpressoide/ide/plugins/com.nxp.mcuxpresso.tools.win32_11.7.0.202209140929/tools/bin/../lib/gcc/arm-none-eabi/10.3.1/../../../../arm-none-eabi/lib/thumb/v8-m.main+fp/hard\libcr_c.a(scanf.o) (__filbuf)
d:/mcuxpressoide/ide/plugins/com.nxp.mcuxpresso.tools.win32_11.7.0.202209140929/tools/bin/../lib/gcc/arm-none-eabi/10.3.1/../../../../arm-none-eabi/lib/thumb/v8-m.main+fp/hard\libcr_c.a(__init_alloc.o)
                              d:/mcuxpressoide/ide/plugins/com.nxp.mcuxpresso.tools.win32_11.7.0.202209140929/tools/bin/../lib/gcc/arm-none-eabi/10.3.1/../../../../arm-none-eabi/lib/thumb/v8-m.main+fp/hard\libcr_c.a(alloc.o) (__heaps)
d:/mcuxpressoide/ide/plugins/com.nxp.mcuxpresso.tools.win32_11.7.0.202209140929/tools/bin/../lib/gcc/arm-none-eabi/10.3.1/../../../../arm-none-eabi/lib/thumb/v8-m.main+fp/hard\libcr_c.a(_cr_sbrk.o)
                              d:/mcuxpressoide/ide/plugins/com.nxp.mcuxpresso.tools.win32_11.7.0.202209140929/tools/bin/../lib/gcc/arm-none-eabi/10.3.1/../../../../arm-none-eabi/lib/thumb/v8-m.main+fp/hard\libcr_c.a(alloc.o) (_sbrk)
d:/mcuxpressoide/ide/plugins/com.nxp.mcuxpresso.tools.win32_11.7.0.202209140929/tools/bin/../lib/gcc/arm-none-eabi/10.3.1/../../../../arm-none-eabi/lib/thumb/v8-m.main+fp/hard\libcr_c.a(_deferredlazyseek.o)
                              d:/mcuxpressoide/ide/plugins/com.nxp.mcuxpresso.tools.win32_11.7.0.202209140929/tools/bin/../lib/gcc/arm-none-eabi/10.3.1/../../../../arm-none-eabi/lib/thumb/v8-m.main+fp/hard\libcr_c.a(__fillbuf.o) (_deferredlazyseek)
[...]
Memory Configuration

Name             Origin             Length             Attributes
PROGRAM_FLASH    0x00000000         0x0009d800         xr
SRAM             0x20000000         0x00040000         xrw
SRAMX            0x04000000         0x00008000         xrw
USB_RAM          0x40100000         0x00004000         xrw
SRAM4            0x20040000         0x00004000         xrw
*default*        0x00000000         0xffffffff

Linker script and memory map

LOAD ./utilities/fsl_assert.o
LOAD ./utilities/fsl_debug_console.o
LOAD ./utilities/fsl_str.o
LOAD ./startup/boot_multicore_slave.o
LOAD ./startup/startup_lpc55s69_cm33_core0.o
LOAD ./source/PSA_Lab03.o
LOAD ./source/semihost_hardfault.o
LOAD ./drivers/fsl_clock.o
LOAD ./drivers/fsl_common.o
LOAD ./drivers/fsl_common_arm.o
LOAD ./drivers/fsl_ctimer.o
LOAD ./drivers/fsl_flexcomm.o
LOAD ./drivers/fsl_gpio.o
LOAD ./drivers/fsl_i2c.o
LOAD ./drivers/fsl_power.o
LOAD ./drivers/fsl_reset.o
LOAD ./drivers/fsl_usart.o
LOAD ./device/system_LPC55S69_cm33_core0.o
LOAD ./component/uart/fsl_adapter_usart.o
LOAD ./component/serial_manager/fsl_component_serial_manager.o
LOAD ./component/serial_manager/fsl_component_serial_port_uart.o
LOAD ./component/lists/fsl_component_generic_list.o
LOAD ./board/board.o
LOAD ./board/clock_config.o
LOAD ./board/peripherals.o
LOAD ./board/pin_mux.o
START GROUP
LOAD d:/mcuxpressoide/ide/plugins/com.nxp.mcuxpresso.tools.win32_11.7.0.202209140929/tools/bin/../lib/gcc/arm-none-eabi/10.3.1/../../../../arm-none-eabi/lib/thumb/v8-m.main+fp/hard\libcr_nohost_nf.a
LOAD d:/mcuxpressoide/ide/plugins/com.nxp.mcuxpresso.tools.win32_11.7.0.202209140929/tools/bin/../lib/gcc/arm-none-eabi/10.3.1/../../../../arm-none-eabi/lib/thumb/v8-m.main+fp/hard\libcr_c.a
LOAD d:/mcuxpressoide/ide/plugins/com.nxp.mcuxpresso.tools.win32_11.7.0.202209140929/tools/bin/../lib/gcc/arm-none-eabi/10.3.1/thumb/v8-m.main+fp/hard\libcr_eabihelpers.a
LOAD d:/mcuxpressoide/ide/plugins/com.nxp.mcuxpresso.tools.win32_11.7.0.202209140929/tools/bin/../lib/gcc/arm-none-eabi/10.3.1/thumb/v8-m.main+fp/hard\libgcc.a
END GROUP
                0x00000000                __base_PROGRAM_FLASH = 0x0
                0x00000000                __base_Flash = 0x0
                0x0009d800                __top_PROGRAM_FLASH = 0x9d800
                0x0009d800                __top_Flash = 0x9d800
                0x20000000                __base_SRAM = 0x20000000
                0x20000000                __base_RAM = 0x20000000
                0x20040000                __top_SRAM = 0x20040000
                0x20040000                __top_RAM = 0x20040000
                0x04000000                __base_SRAMX = 0x4000000
                0x04000000                __base_RAM2 = 0x4000000
                0x04008000                __top_SRAMX = 0x4008000
                0x04008000                __top_RAM2 = 0x4008000
                0x40100000                __base_USB_RAM = 0x40100000
                0x40100000                __base_RAM3 = 0x40100000
                0x40104000                __top_USB_RAM = 0x40104000
                0x40104000                __top_RAM3 = 0x40104000
                0x20040000                __base_SRAM4 = 0x20040000
                0x20040000                __base_RAM4 = 0x20040000
                0x20044000                __top_SRAM4 = 0x20044000
                0x20044000                __top_RAM4 = 0x20044000

.text           0x00000000     0x454c
 FILL mask 0xff
                0x00000000                __vectors_start__ = ABSOLUTE (.)
 *(SORT_BY_ALIGNMENT(.isr_vector))
 .isr_vector    0x00000000      0x130 ./startup/startup_lpc55s69_cm33_core0.o
                0x00000000                g_pfnVectors
                0x00000000                __Vectors
                0x00000130                . = ALIGN (0x4)
                0x00000130                __section_table_start = .
                0x00000130                __data_section_table = .
                0x00000130        0x4 LONG 0x454c LOADADDR (.data)
                0x00000134        0x4 LONG 0x20000000 ADDR (.data)
                0x00000138        0x4 LONG 0x8 SIZEOF (.data)
                0x0000013c        0x4 LONG 0x454c LOADADDR (.data_RAM2)
                0x00000140        0x4 LONG 0x4000000 ADDR (.data_RAM2)
                0x00000144        0x4 LONG 0x0 SIZEOF (.data_RAM2)
                0x00000148        0x4 LONG 0x454c LOADADDR (.data_RAM3)
                0x0000014c        0x4 LONG 0x40100000 ADDR (.data_RAM3)
                0x00000150        0x4 LONG 0x0 SIZEOF (.data_RAM3)
                0x00000154        0x4 LONG 0x454c LOADADDR (.data_RAM4)
                0x00000158        0x4 LONG 0x20040000 ADDR (.data_RAM4)
                0x0000015c        0x4 LONG 0x0 SIZEOF (.data_RAM4)
                0x00000160                __data_section_table_end = .
                0x00000160                __bss_section_table = .
                0x00000160        0x4 LONG 0x20000008 ADDR (.bss)
                0x00000164        0x4 LONG 0x148 SIZEOF (.bss)
                0x00000168        0x4 LONG 0x4000000 ADDR (.bss_RAM2)
                0x0000016c        0x4 LONG 0x0 SIZEOF (.bss_RAM2)
                0x00000170        0x4 LONG 0x40100000 ADDR (.bss_RAM3)
                0x00000174        0x4 LONG 0x0 SIZEOF (.bss_RAM3)
                0x00000178        0x4 LONG 0x20040000 ADDR (.bss_RAM4)
                0x0000017c        0x4 LONG 0x0 SIZEOF (.bss_RAM4)
                0x00000180                __bss_section_table_end = .
                0x00000180                __section_table_end = .
 *(SORT_BY_ALIGNMENT(.after_vectors*))
 .after_vectors.reset
                0x00000180       0x68 ./startup/startup_lpc55s69_cm33_core0.o
                0x00000180                ResetISR
 .after_vectors.init_data
                0x000001e8       0x1e ./startup/startup_lpc55s69_cm33_core0.o
                0x000001e8                data_init
 .after_vectors.init_bss
                0x00000206       0x12 ./startup/startup_lpc55s69_cm33_core0.o
                0x00000206                bss_init
 .after_vectors
                0x00000218       0x16 ./startup/startup_lpc55s69_cm33_core0.o
                0x00000218                NMI_Handler
                0x0000021c                MemManage_Handler
                0x0000021e                BusFault_Handler
                0x00000220                UsageFault_Handler
                0x00000222                SecureFault_Handler
                0x00000224                SVC_Handler
                0x00000226                DebugMon_Handler
                0x00000228                PendSV_Handler
                0x0000022a                SysTick_Handler
                0x0000022c                Reserved56_DriverIRQHandler
                0x0000022c                PIN_INT0_DriverIRQHandler
                0x0000022c                PIN_INT2_DriverIRQHandler
                0x0000022c                PIN_INT3_DriverIRQHandler
                0x0000022c                IntDefaultHandler
                0x0000022c                USB0_DriverIRQHandler
                0x0000022c                CASER_DriverIRQHandler
                0x0000022c                MRT0_DriverIRQHandler
                0x0000022c                UTICK0_DriverIRQHandler
                0x0000022c                Reserved41_DriverIRQHandler
                0x0000022c                PIN_INT4_DriverIRQHandler
                0x0000022c                PIN_INT5_DriverIRQHandler
                0x0000022c                SEC_GPIO_INT0_IRQ0_DriverIRQHandler
                0x0000022c                GINT1_DriverIRQHandler
                0x0000022c                PIN_INT7_DriverIRQHandler
                0x0000022c                Reserved55_DriverIRQHandler
                0x0000022c                SEC_VIO_DriverIRQHandler
                0x0000022c                USB0_NEEDCLK_DriverIRQHandler
                0x0000022c                Reserved42_DriverIRQHandler
                0x0000022c                PIN_INT6_DriverIRQHandler
                0x0000022c                PQ_DriverIRQHandler
                0x0000022c                MAILBOX_DriverIRQHandler
                0x0000022c                PIN_INT1_DriverIRQHandler
                0x0000022c                Reserved61_DriverIRQHandler
                0x0000022c                SEC_GPIO_INT0_IRQ1_DriverIRQHandler
                0x0000022c                PUF_DriverIRQHandler
                0x0000022c                RTC_DriverIRQHandler
                0x0000022c                DMA0_DriverIRQHandler
                0x0000022c                Reserved39_DriverIRQHandler
                0x0000022c                USB1_DriverIRQHandler
                0x0000022c                Reserved60_DriverIRQHandler
                0x0000022c                DMA1_DriverIRQHandler
                0x0000022c                ADC0_DriverIRQHandler
                0x0000022c                USB1_NEEDCLK_DriverIRQHandler
                0x0000022c                Reserved59_DriverIRQHandler
                0x0000022c                SDIO_DriverIRQHandler
                0x0000022c                GINT0_DriverIRQHandler
                0x0000022c                USB1_PHY_DriverIRQHandler
                0x0000022c                ACMP_DriverIRQHandler
                0x0000022c                Reserved57_DriverIRQHandler
                0x0000022c                HASHCRYPT_DriverIRQHandler
                0x0000022c                Reserved46_DriverIRQHandler
                0x0000022c                WDT_BOD_DriverIRQHandler
                0x0000022c                SCT0_DriverIRQHandler
                0x0000022c                PLU_DriverIRQHandler
                0x0000022c                OS_EVENT_DriverIRQHandler
                0x0000022c                SEC_HYPERVISOR_CALL_DriverIRQHandler
 *(SORT_BY_ALIGNMENT(.text*))
 *fill*         0x0000022e        0x2 ff
 .text.__assertion_failed
                0x00000230       0x18 ./utilities/fsl_assert.o
                0x00000230                __assertion_failed
 .text.DbgConsole_SendDataReliable
                0x00000248       0x54 ./utilities/fsl_debug_console.o
                0x00000248                DbgConsole_SendDataReliable
 .text.DbgConsole_Init
                0x0000029c      0x12c ./utilities/fsl_debug_console.o
                0x0000029c                DbgConsole_Init
 .text.DbgConsole_Vprintf
                0x000003c8       0x6c ./utilities/fsl_debug_console.o
                0x000003c8                DbgConsole_Vprintf
 .text.PrintCheckFlags
                0x00000434       0xd4 ./utilities/fsl_str.o
 .text.motorsPower
                0x00000508       0xc8 ./source/PSA_Lab03.o
                0x00000508                motorsPower
 .text.main     0x000005d0       0xa4 ./source/PSA_Lab03.o
                0x000005d0                main
 .text.POWER_EnablePD
                0x00000674       0x20 ./drivers/fsl_clock.o
 .text.POWER_DisablePD
                0x00000694       0x20 ./drivers/fsl_clock.o
 .text.CLOCK_AttachClk
                0x000006b4       0xa0 ./drivers/fsl_clock.o
                0x000006b4                CLOCK_AttachClk
 .text.CLOCK_SetClkDiv
                0x00000754       0x80 ./drivers/fsl_clock.o
                0x00000754                CLOCK_SetClkDiv
 .text.CLOCK_SetupFROClocking
                0x000007d4       0x80 ./drivers/fsl_clock.o
                0x000007d4                CLOCK_SetupFROClocking
 .text.CLOCK_SetFLASHAccessCyclesForFreq
                0x00000854      0x148 ./drivers/fsl_clock.o
                0x00000854                CLOCK_SetFLASHAccessCyclesForFreq
 .text.CLOCK_SetupExtClocking
                0x0000099c       0x50 ./drivers/fsl_clock.o
                0x0000099c                CLOCK_SetupExtClocking
 .text.CLOCK_GetFro1MFreq
                0x000009ec       0x28 ./drivers/fsl_clock.o
                0x000009ec                CLOCK_GetFro1MFreq
 .text.CLOCK_GetExtClkFreq
                0x00000a14       0x2c ./drivers/fsl_clock.o
                0x00000a14                CLOCK_GetExtClkFreq
 .text.CLOCK_GetOsc32KFreq
                0x00000a40       0x58 ./drivers/fsl_clock.o
                0x00000a40                CLOCK_GetOsc32KFreq
 .text.CLOCK_GetPLL0InClockRate
                0x00000a98       0x64 ./drivers/fsl_clock.o
                0x00000a98                CLOCK_GetPLL0InClockRate
 .text.CLOCK_SetPLL0Freq
                0x00000afc      0x12c ./drivers/fsl_clock.o
                0x00000afc                CLOCK_SetPLL0Freq
 .text.SDK_DelayAtLeastUs
                0x00000c28       0x8c ./drivers/fsl_common_arm.o
                0x00000c28                SDK_DelayAtLeastUs
 .text.__NVIC_EnableIRQ
                0x00000cb4       0x3c ./drivers/fsl_ctimer.o
 .text.CTIMER_GetInstance
                0x00000cf0       0x54 ./drivers/fsl_ctimer.o
 .text.CTIMER_Init
                0x00000d44       0x74 ./drivers/fsl_ctimer.o
                0x00000d44                CTIMER_Init
 .text.CTIMER_SetupPwmPeriod
                0x00000db8       0xd8 ./drivers/fsl_ctimer.o
                0x00000db8                CTIMER_SetupPwmPeriod
 .text.CTIMER_UpdatePwmDutycycle
                0x00000e90       0x6c ./drivers/fsl_ctimer.o
                0x00000e90                CTIMER_UpdatePwmDutycycle
 .text.CTIMER_GenericIRQHandler
                0x00000efc       0xb4 ./drivers/fsl_ctimer.o
 .text.FLEXCOMM_GetInstance
                0x00000fb0       0x50 ./drivers/fsl_flexcomm.o
                0x00000fb0                FLEXCOMM_GetInstance
 .text.FLEXCOMM_Init
                0x00001000       0x50 ./drivers/fsl_flexcomm.o
                0x00001000                FLEXCOMM_Init
 .text.FLEXCOMM0_DriverIRQHandler
                0x00001050       0x5c ./drivers/fsl_flexcomm.o
                0x00001050                FLEXCOMM0_DriverIRQHandler
 .text.FLEXCOMM1_DriverIRQHandler
                0x000010ac       0x5c ./drivers/fsl_flexcomm.o
                0x000010ac                FLEXCOMM1_DriverIRQHandler
 .text.FLEXCOMM2_DriverIRQHandler
                0x00001108       0x5c ./drivers/fsl_flexcomm.o
                0x00001108                FLEXCOMM2_DriverIRQHandler
 .text.FLEXCOMM3_DriverIRQHandler
                0x00001164       0x5c ./drivers/fsl_flexcomm.o
                0x00001164                FLEXCOMM3_DriverIRQHandler
 .text.FLEXCOMM4_DriverIRQHandler
                0x000011c0       0x5c ./drivers/fsl_flexcomm.o
                0x000011c0                FLEXCOMM4_DriverIRQHandler
 .text.FLEXCOMM5_DriverIRQHandler
                0x0000121c       0x5c ./drivers/fsl_flexcomm.o
                0x0000121c                FLEXCOMM5_DriverIRQHandler
 .text.FLEXCOMM6_DriverIRQHandler
                0x00001278       0x5c ./drivers/fsl_flexcomm.o
                0x00001278                FLEXCOMM6_DriverIRQHandler
 .text.FLEXCOMM7_DriverIRQHandler
                0x000012d4       0x5c ./drivers/fsl_flexcomm.o
                0x000012d4                FLEXCOMM7_DriverIRQHandler
 .text.FLEXCOMM8_DriverIRQHandler
                0x00001330       0x5c ./drivers/fsl_flexcomm.o
                0x00001330                FLEXCOMM8_DriverIRQHandler
 .text.GPIO_EnablePortClock
                0x0000138c       0x34 ./drivers/fsl_gpio.o
 .text.lowpower_set_system_voltage
                0x000013c0      0x154 ./drivers/fsl_power.o
 .text.lowpower_set_dcdc_power_profile
                0x00001514       0xec ./drivers/fsl_power.o
 .text.lowpower_get_part_process_corner
                0x00001600       0x94 ./drivers/fsl_power.o
 .text.POWER_SetVoltageForFreq
                0x00001694       0x50 ./drivers/fsl_power.o
                0x00001694                POWER_SetVoltageForFreq
 .text.RESET_SetPeripheralReset
                0x000016e4       0x5c ./drivers/fsl_reset.o
                0x000016e4                RESET_SetPeripheralReset
 .text.RESET_ClearPeripheralReset
                0x00001740       0x60 ./drivers/fsl_reset.o
                0x00001740                RESET_ClearPeripheralReset
 .text.USART_Init
                0x000017a0      0x1cc ./drivers/fsl_usart.o
                0x000017a0                USART_Init
 .text.USART_GetDefaultConfig
                0x0000196c       0x80 ./drivers/fsl_usart.o
                0x0000196c                USART_GetDefaultConfig
 .text.USART_SetBaudRate
                0x000019ec      0x18c ./drivers/fsl_usart.o
                0x000019ec                USART_SetBaudRate
 .text.USART_WriteBlocking
                0x00001b78       0x8c ./drivers/fsl_usart.o
                0x00001b78                USART_WriteBlocking
 .text.SystemInit
                0x00001c04       0x64 ./device/system_LPC55S69_cm33_core0.o
                0x00001c04                SystemInit
 .text.HAL_UartInitCommon
                0x00001c68      0x110 ./component/uart/fsl_adapter_usart.o
 .text.HAL_UartSendBlocking
                0x00001d78       0x64 ./component/uart/fsl_adapter_usart.o
                0x00001d78                HAL_UartSendBlocking
 .text.BOARD_InitDebugConsole
                0x00001ddc       0x38 ./board/board.o
                0x00001ddc                BOARD_InitDebugConsole
 .text.POWER_DisablePD
                0x00001e14       0x20 ./board/clock_config.o
 .text.BOARD_BootClockPLL150M
                0x00001e34       0xe8 ./board/clock_config.o
                0x00001e34                BOARD_BootClockPLL150M
 .text.CTIMER2_init
                0x00001f1c       0x4c ./board/peripherals.o
 .text.BOARD_InitDEBUG_UARTPins
                0x00001f68       0x3c ./board/pin_mux.o
                0x00001f68                BOARD_InitDEBUG_UARTPins
 .text.BOARD_InitMotorsPins
                0x00001fa4      0x110 ./board/pin_mux.o
                0x00001fa4                BOARD_InitMotorsPins
 .text._initio  0x000020b4       0x78 d:/mcuxpressoide/ide/plugins/com.nxp.mcuxpresso.tools.win32_11.7.0.202209140929/tools/bin/../lib/gcc/arm-none-eabi/10.3.1/../../../../arm-none-eabi/lib/thumb/v8-m.main+fp/hard\libcr_c.a(initio.o)
                0x000020b4                _initio
 .text._Cwritebuf
                0x0000212c       0x6c d:/mcuxpressoide/ide/plugins/com.nxp.mcuxpresso.tools.win32_11.7.0.202209140929/tools/bin/../lib/gcc/arm-none-eabi/10.3.1/../../../../arm-none-eabi/lib/thumb/v8-m.main+fp/hard\libcr_c.a(_writebuf.o)
                0x0000212c                _Cwritebuf
 .text.fflush   0x00002198       0x3c d:/mcuxpressoide/ide/plugins/com.nxp.mcuxpresso.tools.win32_11.7.0.202209140929/tools/bin/../lib/gcc/arm-none-eabi/10.3.1/../../../../arm-none-eabi/lib/thumb/v8-m.main+fp/hard\libcr_c.a(fflush.o)
                0x00002198                fflush
 .text.fseek    0x000021d4       0xfc d:/mcuxpressoide/ide/plugins/com.nxp.mcuxpresso.tools.win32_11.7.0.202209140929/tools/bin/../lib/gcc/arm-none-eabi/10.3.1/../../../../arm-none-eabi/lib/thumb/v8-m.main+fp/hard\libcr_c.a(fseek.o)
                0x000021d4                fseek
 .text.ftell    0x000022d0       0x44 d:/mcuxpressoide/ide/plugins/com.nxp.mcuxpresso.tools.win32_11.7.0.202209140929/tools/bin/../lib/gcc/arm-none-eabi/10.3.1/../../../../arm-none-eabi/lib/thumb/v8-m.main+fp/hard\libcr_c.a(ftell.o)
                0x000022d0                ftell
 .text.DbgConsole_PrintCallback
                0x00002314       0x66 ./utilities/fsl_debug_console.o
 .text.DbgConsole_Printf
                0x0000237a       0x2c ./utilities/fsl_debug_console.o
                0x0000237a                DbgConsole_Printf
 .text.PrintGetSignChar
                0x000023a6       0x5e ./utilities/fsl_str.o
 .text.PrintGetWidth
                0x00002404       0x80 ./utilities/fsl_str.o
 .text.PrintGetPrecision
                0x00002484       0xc6 ./utilities/fsl_str.o
 .text.PrintIsobpu
                0x0000254a       0x38 ./utilities/fsl_str.o
 .text.PrintIsdi
                0x00002582       0x2c ./utilities/fsl_str.o
 .text.PrintOutputdifFobpu
                0x000025ae       0xc4 ./utilities/fsl_str.o
 .text.PrintOutputxX
                0x00002672      0x132 ./utilities/fsl_str.o
 .text.PrintIsfF
                0x000027a4       0x2c ./utilities/fsl_str.o
 .text.PrintIsxX
                0x000027d0       0x2c ./utilities/fsl_str.o
 .text.PrintGetLengthFlag
                0x000027fc       0xa4 ./utilities/fsl_str.o
 .text.PrintGetRadixFromobpu
                0x000028a0       0x40 ./utilities/fsl_str.o
 .text.ConvertRadixNumToString
                0x000028e0      0x2b0 ./utilities/fsl_str.o
 .text.StrFormatPrintf
                0x00002b90      0x490 ./utilities/fsl_str.o
                0x00002b90                StrFormatPrintf
 .text.WDT_BOD_IRQHandler
                0x00003020        0x8 ./startup/startup_lpc55s69_cm33_core0.o
                0x00003020                WDT_BOD_IRQHandler
 .text.DMA0_IRQHandler
                0x00003028        0x8 ./startup/startup_lpc55s69_cm33_core0.o
                0x00003028                DMA0_IRQHandler
 .text.GINT0_IRQHandler
                0x00003030        0x8 ./startup/startup_lpc55s69_cm33_core0.o
                0x00003030                GINT0_IRQHandler
 .text.GINT1_IRQHandler
                0x00003038        0x8 ./startup/startup_lpc55s69_cm33_core0.o
                0x00003038                GINT1_IRQHandler
 .text.PIN_INT0_IRQHandler
                0x00003040        0x8 ./startup/startup_lpc55s69_cm33_core0.o
                0x00003040                PIN_INT0_IRQHandler
 .text.PIN_INT1_IRQHandler
                0x00003048        0x8 ./startup/startup_lpc55s69_cm33_core0.o
                0x00003048                PIN_INT1_IRQHandler
 .text.PIN_INT2_IRQHandler
                0x00003050        0x8 ./startup/startup_lpc55s69_cm33_core0.o
                0x00003050                PIN_INT2_IRQHandler
 .text.PIN_INT3_IRQHandler
                0x00003058        0x8 ./startup/startup_lpc55s69_cm33_core0.o
                0x00003058                PIN_INT3_IRQHandler
 .text.UTICK0_IRQHandler
                0x00003060        0x8 ./startup/startup_lpc55s69_cm33_core0.o
                0x00003060                UTICK0_IRQHandler
 .text.MRT0_IRQHandler
                0x00003068        0x8 ./startup/startup_lpc55s69_cm33_core0.o
                0x00003068                MRT0_IRQHandler
 .text.CTIMER0_IRQHandler
                0x00003070        0x8 ./startup/startup_lpc55s69_cm33_core0.o
                0x00003070                CTIMER0_IRQHandler
 .text.CTIMER1_IRQHandler
                0x00003078        0x8 ./startup/startup_lpc55s69_cm33_core0.o
                0x00003078                CTIMER1_IRQHandler
 .text.SCT0_IRQHandler
                0x00003080        0x8 ./startup/startup_lpc55s69_cm33_core0.o
                0x00003080                SCT0_IRQHandler
 .text.CTIMER3_IRQHandler
                0x00003088        0x8 ./startup/startup_lpc55s69_cm33_core0.o
                0x00003088                CTIMER3_IRQHandler
 .text.FLEXCOMM0_IRQHandler
                0x00003090        0x8 ./startup/startup_lpc55s69_cm33_core0.o
                0x00003090                FLEXCOMM0_IRQHandler
 .text.FLEXCOMM1_IRQHandler
                0x00003098        0x8 ./startup/startup_lpc55s69_cm33_core0.o
                0x00003098                FLEXCOMM1_IRQHandler
 .text.FLEXCOMM2_IRQHandler
                0x000030a0        0x8 ./startup/startup_lpc55s69_cm33_core0.o
                0x000030a0                FLEXCOMM2_IRQHandler
 .text.FLEXCOMM3_IRQHandler
                0x000030a8        0x8 ./startup/startup_lpc55s69_cm33_core0.o
                0x000030a8                FLEXCOMM3_IRQHandler
 .text.FLEXCOMM4_IRQHandler
                0x000030b0        0x8 ./startup/startup_lpc55s69_cm33_core0.o
                0x000030b0                FLEXCOMM4_IRQHandler
 .text.FLEXCOMM5_IRQHandler
                0x000030b8        0x8 ./startup/startup_lpc55s69_cm33_core0.o
                0x000030b8                FLEXCOMM5_IRQHandler
 .text.FLEXCOMM6_IRQHandler
                0x000030c0        0x8 ./startup/startup_lpc55s69_cm33_core0.o
                0x000030c0                FLEXCOMM6_IRQHandler
 .text.FLEXCOMM7_IRQHandler
                0x000030c8        0x8 ./startup/startup_lpc55s69_cm33_core0.o
                0x000030c8                FLEXCOMM7_IRQHandler
 .text.ADC0_IRQHandler
                0x000030d0        0x8 ./startup/startup_lpc55s69_cm33_core0.o
                0x000030d0                ADC0_IRQHandler
 .text.Reserved39_IRQHandler
                0x000030d8        0x8 ./startup/startup_lpc55s69_cm33_core0.o
                0x000030d8                Reserved39_IRQHandler
 .text.ACMP_IRQHandler
                0x000030e0        0x8 ./startup/startup_lpc55s69_cm33_core0.o
                0x000030e0                ACMP_IRQHandler
 .text.Reserved41_IRQHandler
                0x000030e8        0x8 ./startup/startup_lpc55s69_cm33_core0.o
                0x000030e8                Reserved41_IRQHandler
 .text.Reserved42_IRQHandler
                0x000030f0        0x8 ./startup/startup_lpc55s69_cm33_core0.o
                0x000030f0                Reserved42_IRQHandler
 .text.USB0_NEEDCLK_IRQHandler
                0x000030f8        0x8 ./startup/startup_lpc55s69_cm33_core0.o
                0x000030f8                USB0_NEEDCLK_IRQHandler
 .text.USB0_IRQHandler
                0x00003100        0x8 ./startup/startup_lpc55s69_cm33_core0.o
                0x00003100                USB0_IRQHandler
 .text.RTC_IRQHandler
                0x00003108        0x8 ./startup/startup_lpc55s69_cm33_core0.o
                0x00003108                RTC_IRQHandler
 .text.Reserved46_IRQHandler
                0x00003110        0x8 ./startup/startup_lpc55s69_cm33_core0.o
                0x00003110                Reserved46_IRQHandler
 .text.MAILBOX_IRQHandler
                0x00003118        0x8 ./startup/startup_lpc55s69_cm33_core0.o
                0x00003118                MAILBOX_IRQHandler
 .text.PIN_INT4_IRQHandler
                0x00003120        0x8 ./startup/startup_lpc55s69_cm33_core0.o
                0x00003120                PIN_INT4_IRQHandler
 .text.PIN_INT5_IRQHandler
                0x00003128        0x8 ./startup/startup_lpc55s69_cm33_core0.o
                0x00003128                PIN_INT5_IRQHandler
 .text.PIN_INT6_IRQHandler
                0x00003130        0x8 ./startup/startup_lpc55s69_cm33_core0.o
                0x00003130                PIN_INT6_IRQHandler
 .text.PIN_INT7_IRQHandler
                0x00003138        0x8 ./startup/startup_lpc55s69_cm33_core0.o
                0x00003138                PIN_INT7_IRQHandler
 .text.CTIMER2_IRQHandler
                0x00003140        0x8 ./startup/startup_lpc55s69_cm33_core0.o
                0x00003140                CTIMER2_IRQHandler
 .text.CTIMER4_IRQHandler
                0x00003148        0x8 ./startup/startup_lpc55s69_cm33_core0.o
                0x00003148                CTIMER4_IRQHandler
 .text.OS_EVENT_IRQHandler
                0x00003150        0x8 ./startup/startup_lpc55s69_cm33_core0.o
                0x00003150                OS_EVENT_IRQHandler
 .text.Reserved55_IRQHandler
                0x00003158        0x8 ./startup/startup_lpc55s69_cm33_core0.o
                0x00003158                Reserved55_IRQHandler
 .text.Reserved56_IRQHandler
                0x00003160        0x8 ./startup/startup_lpc55s69_cm33_core0.o
                0x00003160                Reserved56_IRQHandler
 .text.Reserved57_IRQHandler
                0x00003168        0x8 ./startup/startup_lpc55s69_cm33_core0.o
                0x00003168                Reserved57_IRQHandler
 .text.SDIO_IRQHandler
                0x00003170        0x8 ./startup/startup_lpc55s69_cm33_core0.o
                0x00003170                SDIO_IRQHandler
 .text.Reserved59_IRQHandler
                0x00003178        0x8 ./startup/startup_lpc55s69_cm33_core0.o
                0x00003178                Reserved59_IRQHandler
 .text.Reserved60_IRQHandler
                0x00003180        0x8 ./startup/startup_lpc55s69_cm33_core0.o
                0x00003180                Reserved60_IRQHandler
 .text.Reserved61_IRQHandler
                0x00003188        0x8 ./startup/startup_lpc55s69_cm33_core0.o
                0x00003188                Reserved61_IRQHandler
 .text.USB1_PHY_IRQHandler
                0x00003190        0x8 ./startup/startup_lpc55s69_cm33_core0.o
                0x00003190                USB1_PHY_IRQHandler
 .text.USB1_IRQHandler
                0x00003198        0x8 ./startup/startup_lpc55s69_cm33_core0.o
                0x00003198                USB1_IRQHandler
 .text.USB1_NEEDCLK_IRQHandler
                0x000031a0        0x8 ./startup/startup_lpc55s69_cm33_core0.o
                0x000031a0                USB1_NEEDCLK_IRQHandler
 .text.SEC_HYPERVISOR_CALL_IRQHandler
                0x000031a8        0x8 ./startup/startup_lpc55s69_cm33_core0.o
                0x000031a8                SEC_HYPERVISOR_CALL_IRQHandler
 .text.SEC_GPIO_INT0_IRQ0_IRQHandler
                0x000031b0        0x8 ./startup/startup_lpc55s69_cm33_core0.o
                0x000031b0                SEC_GPIO_INT0_IRQ0_IRQHandler
 .text.SEC_GPIO_INT0_IRQ1_IRQHandler
                0x000031b8        0x8 ./startup/startup_lpc55s69_cm33_core0.o
                0x000031b8                SEC_GPIO_INT0_IRQ1_IRQHandler
 .text.PLU_IRQHandler
                0x000031c0        0x8 ./startup/startup_lpc55s69_cm33_core0.o
                0x000031c0                PLU_IRQHandler
 .text.SEC_VIO_IRQHandler
                0x000031c8        0x8 ./startup/startup_lpc55s69_cm33_core0.o
                0x000031c8                SEC_VIO_IRQHandler
 .text.HASHCRYPT_IRQHandler
                0x000031d0        0x8 ./startup/startup_lpc55s69_cm33_core0.o
                0x000031d0                HASHCRYPT_IRQHandler
 .text.CASER_IRQHandler
                0x000031d8        0x8 ./startup/startup_lpc55s69_cm33_core0.o
                0x000031d8                CASER_IRQHandler
 .text.PUF_IRQHandler
                0x000031e0        0x8 ./startup/startup_lpc55s69_cm33_core0.o
                0x000031e0                PUF_IRQHandler
 .text.PQ_IRQHandler
                0x000031e8        0x8 ./startup/startup_lpc55s69_cm33_core0.o
                0x000031e8                PQ_IRQHandler
 .text.DMA1_IRQHandler
                0x000031f0        0x8 ./startup/startup_lpc55s69_cm33_core0.o
                0x000031f0                DMA1_IRQHandler
 .text.FLEXCOMM8_IRQHandler
                0x000031f8        0x8 ./startup/startup_lpc55s69_cm33_core0.o
                0x000031f8                FLEXCOMM8_IRQHandler
 .text.GPIO_PinWrite
                0x00003200       0x2a ./source/PSA_Lab03.o
 .text.HardFault_Handler
                0x0000322a       0x2c ./source/semihost_hardfault.o
                0x0000322a                HardFault_Handler
 .text.CLOCK_IsPLL0Locked
                0x00003256       0x24 ./drivers/fsl_clock.o
 .text.findPll0PreDiv
                0x0000327a       0x3e ./drivers/fsl_clock.o
 .text.DelayLoop
                0x000032b8       0x20 ./drivers/fsl_common_arm.o
 .text.CLOCK_EnableClock
                0x000032d8       0x30 ./drivers/fsl_ctimer.o
 .text.EnableIRQ
                0x00003308       0x32 ./drivers/fsl_ctimer.o
 .text.CTIMER_GetStatusFlags
                0x0000333a       0x18 ./drivers/fsl_ctimer.o
 .text.CTIMER_ClearStatusFlags
                0x00003352       0x1c ./drivers/fsl_ctimer.o
 .text.CTIMER0_DriverIRQHandler
                0x0000336e        0xe ./drivers/fsl_ctimer.o
                0x0000336e                CTIMER0_DriverIRQHandler
 .text.CTIMER1_DriverIRQHandler
                0x0000337c        0xe ./drivers/fsl_ctimer.o
                0x0000337c                CTIMER1_DriverIRQHandler
 .text.CTIMER2_DriverIRQHandler
                0x0000338a        0xe ./drivers/fsl_ctimer.o
                0x0000338a                CTIMER2_DriverIRQHandler
 .text.CTIMER3_DriverIRQHandler
                0x00003398        0xe ./drivers/fsl_ctimer.o
                0x00003398                CTIMER3_DriverIRQHandler
 .text.CTIMER4_DriverIRQHandler
                0x000033a6        0xe ./drivers/fsl_ctimer.o
                0x000033a6                CTIMER4_DriverIRQHandler
 .text.CLOCK_EnableClock
                0x000033b4       0x30 ./drivers/fsl_flexcomm.o
 .text.FLEXCOMM_PeripheralIsPresent
                0x000033e4       0x64 ./drivers/fsl_flexcomm.o
 .text.FLEXCOMM_SetPeriph
                0x00003448       0x74 ./drivers/fsl_flexcomm.o
 .text.CLOCK_EnableClock
                0x000034bc       0x30 ./drivers/fsl_gpio.o
 .text.GPIO_PinInit
                0x000034ec       0xa4 ./drivers/fsl_gpio.o
                0x000034ec                GPIO_PinInit
 .text.lowpower_set_voltage_for_process
                0x00003590       0xaa ./drivers/fsl_power.o
 .text.RESET_PeripheralReset
                0x0000363a       0x1c ./drivers/fsl_reset.o
                0x0000363a                RESET_PeripheralReset
 .text.USART_EnableContinuousSCLK
                0x00003656       0x38 ./drivers/fsl_usart.o
 .text.SystemInitHook
                0x0000368e        0xe ./device/system_LPC55S69_cm33_core0.o
                0x0000368e                SystemInitHook
 .text.HAL_UartGetStatus
                0x0000369c       0x22 ./component/uart/fsl_adapter_usart.o
 .text.HAL_UartInit
                0x000036be       0x36 ./component/uart/fsl_adapter_usart.o
                0x000036be                HAL_UartInit
 .text.DisableGlobalIRQ
                0x000036f4       0x22 ./component/serial_manager/fsl_component_serial_manager.o
 .text.EnableGlobalIRQ
                0x00003716       0x20 ./component/serial_manager/fsl_component_serial_manager.o
 .text.SerialManager_StartWriting
                0x00003736       0x38 ./component/serial_manager/fsl_component_serial_manager.o
 .text.SerialManager_Write
                0x0000376e       0x44 ./component/serial_manager/fsl_component_serial_manager.o
 .text.SerialManager_Init
                0x000037b2       0x60 ./component/serial_manager/fsl_component_serial_manager.o
                0x000037b2                SerialManager_Init
 .text.SerialManager_OpenWriteHandle
                0x00003812       0x50 ./component/serial_manager/fsl_component_serial_manager.o
                0x00003812                SerialManager_OpenWriteHandle
 .text.SerialManager_OpenReadHandle
                0x00003862       0x60 ./component/serial_manager/fsl_component_serial_manager.o
                0x00003862                SerialManager_OpenReadHandle
 .text.SerialManager_WriteBlocking
                0x000038c2       0x20 ./component/serial_manager/fsl_component_serial_manager.o
                0x000038c2                SerialManager_WriteBlocking
 .text.Serial_UartInit
                0x000038e2       0x3e ./component/serial_manager/fsl_component_serial_port_uart.o
                0x000038e2                Serial_UartInit
 .text.Serial_UartWrite
                0x00003920       0x38 ./component/serial_manager/fsl_component_serial_port_uart.o
                0x00003920                Serial_UartWrite
 .text.BOARD_InitBootClocks
                0x00003958        0xc ./board/clock_config.o
                0x00003958                BOARD_InitBootClocks
 .text.CTIMER_StartTimer
                0x00003964       0x20 ./board/peripherals.o
 .text.BOARD_InitPeripherals_cm33_core0
                0x00003984        0xc ./board/peripherals.o
                0x00003984                BOARD_InitPeripherals_cm33_core0
 .text.BOARD_InitBootPeripherals
                0x00003990        0xc ./board/peripherals.o
                0x00003990                BOARD_InitBootPeripherals
 .text.CLOCK_EnableClock
                0x0000399c       0x30 ./board/pin_mux.o
 .text.IOCON_PinMuxSet
                0x000039cc       0x2e ./board/pin_mux.o
 .text.BOARD_InitBootPins
                0x000039fa       0x10 ./board/pin_mux.o
                0x000039fa                BOARD_InitBootPins
 .text.__main   0x00003a0a        0xe d:/mcuxpressoide/ide/plugins/com.nxp.mcuxpresso.tools.win32_11.7.0.202209140929/tools/bin/../lib/gcc/arm-none-eabi/10.3.1/../../../../arm-none-eabi/lib/thumb/v8-m.main+fp/hard\libcr_nohost_nf.a(_cr__main.o)
                0x00003a0a                __main
 .text.memcpy   0x00003a18        0x4 d:/mcuxpressoide/ide/plugins/com.nxp.mcuxpresso.tools.win32_11.7.0.202209140929/tools/bin/../lib/gcc/arm-none-eabi/10.3.1/../../../../arm-none-eabi/lib/thumb/v8-m.main+fp/hard\libcr_c.a(memcpy.o)
                0x00003a18                memcpy
 .text.memset   0x00003a1c        0x4 d:/mcuxpressoide/ide/plugins/com.nxp.mcuxpresso.tools.win32_11.7.0.202209140929/tools/bin/../lib/gcc/arm-none-eabi/10.3.1/../../../../arm-none-eabi/lib/thumb/v8-m.main+fp/hard\libcr_c.a(memset.o)
                0x00003a1c                memset
 .text.free     0x00003a20       0x30 d:/mcuxpressoide/ide/plugins/com.nxp.mcuxpresso.tools.win32_11.7.0.202209140929/tools/bin/../lib/gcc/arm-none-eabi/10.3.1/../../../../arm-none-eabi/lib/thumb/v8-m.main+fp/hard\libcr_c.a(alloc.o)
                0x00003a20                free
 .text.setvbuf  0x00003a50       0x3e d:/mcuxpressoide/ide/plugins/com.nxp.mcuxpresso.tools.win32_11.7.0.202209140929/tools/bin/../lib/gcc/arm-none-eabi/10.3.1/../../../../arm-none-eabi/lib/thumb/v8-m.main+fp/hard\libcr_c.a(setvbuf.o)
                0x00003a50                setvbuf
 .text.strlen   0x00003a8e       0x48 d:/mcuxpressoide/ide/plugins/com.nxp.mcuxpresso.tools.win32_11.7.0.202209140929/tools/bin/../lib/gcc/arm-none-eabi/10.3.1/../../../../arm-none-eabi/lib/thumb/v8-m.main+fp/hard\libcr_c.a(strlen.o)
                0x00003a8e                strlen
 .text._deferredlazyseek
                0x00003ad6       0x40 d:/mcuxpressoide/ide/plugins/com.nxp.mcuxpresso.tools.win32_11.7.0.202209140929/tools/bin/../lib/gcc/arm-none-eabi/10.3.1/../../../../arm-none-eabi/lib/thumb/v8-m.main+fp/hard\libcr_c.a(_deferredlazyseek.o)
                0x00003ad6                _deferredlazyseek
 .text._fdopen  0x00003b16       0x68 d:/mcuxpressoide/ide/plugins/com.nxp.mcuxpresso.tools.win32_11.7.0.202209140929/tools/bin/../lib/gcc/arm-none-eabi/10.3.1/../../../../arm-none-eabi/lib/thumb/v8-m.main+fp/hard\libcr_c.a(_fdopen.o)
                0x00003b16                _fdopen
 .text._fflush  0x00003b7e       0x52 d:/mcuxpressoide/ide/plugins/com.nxp.mcuxpresso.tools.win32_11.7.0.202209140929/tools/bin/../lib/gcc/arm-none-eabi/10.3.1/../../../../arm-none-eabi/lib/thumb/v8-m.main+fp/hard\libcr_c.a(_fflush.o)
                0x00003b7e                _fflush
 .text.fclose   0x00003bd0       0x58 d:/mcuxpressoide/ide/plugins/com.nxp.mcuxpresso.tools.win32_11.7.0.202209140929/tools/bin/../lib/gcc/arm-none-eabi/10.3.1/../../../../arm-none-eabi/lib/thumb/v8-m.main+fp/hard\libcr_c.a(fclose.o)
                0x00003bd0                fclose
 .text.remove   0x00003c28       0x14 d:/mcuxpressoide/ide/plugins/com.nxp.mcuxpresso.tools.win32_11.7.0.202209140929/tools/bin/../lib/gcc/arm-none-eabi/10.3.1/../../../../arm-none-eabi/lib/thumb/v8-m.main+fp/hard\libcr_c.a(remove.o)
                0x00003c28                remove
 .text._do_fflush
                0x00003c3c       0x40 d:/mcuxpressoide/ide/plugins/com.nxp.mcuxpresso.tools.win32_11.7.0.202209140929/tools/bin/../lib/gcc/arm-none-eabi/10.3.1/../../../../arm-none-eabi/lib/thumb/v8-m.main+fp/hard\libcr_c.a(_do_fflush.o)
                0x00003c3c                _do_fflush
 .text.__aeabi_division_ldivmod
                0x00003c7c       0x26 d:/mcuxpressoide/ide/plugins/com.nxp.mcuxpresso.tools.win32_11.7.0.202209140929/tools/bin/../lib/gcc/arm-none-eabi/10.3.1/thumb/v8-m.main+fp/hard\libcr_eabihelpers.a(division_64.o)
                0x00003c7c                __aeabi_ldivmod
 .text.__aeabi_division_uldivmod
                0x00003ca2      0x174 d:/mcuxpressoide/ide/plugins/com.nxp.mcuxpresso.tools.win32_11.7.0.202209140929/tools/bin/../lib/gcc/arm-none-eabi/10.3.1/thumb/v8-m.main+fp/hard\libcr_eabihelpers.a(division_64.o)
                0x00003ca2                __aeabi_uldivmod
                0x00003ca6                __bhs_ldivmod1
 .text.__aeabi_division_idiv0
                0x00003e16        0x2 d:/mcuxpressoide/ide/plugins/com.nxp.mcuxpresso.tools.win32_11.7.0.202209140929/tools/bin/../lib/gcc/arm-none-eabi/10.3.1/thumb/v8-m.main+fp/hard\libcr_eabihelpers.a(division_idiv0.o)
                0x00003e16                __aeabi_idiv0
 .text.__aeabi_memcpy
                0x00003e18       0x34 d:/mcuxpressoide/ide/plugins/com.nxp.mcuxpresso.tools.win32_11.7.0.202209140929/tools/bin/../lib/gcc/arm-none-eabi/10.3.1/thumb/v8-m.main+fp/hard\libcr_eabihelpers.a(memcpy.o)
                0x00003e18                __aeabi_memcpy
                0x00003e22                __aeabi_memcpy8
                0x00003e22                __aeabi_memcpy4
 .text.__aeabi_memset_lowlevel
                0x00003e4c       0x32 d:/mcuxpressoide/ide/plugins/com.nxp.mcuxpresso.tools.win32_11.7.0.202209140929/tools/bin/../lib/gcc/arm-none-eabi/10.3.1/thumb/v8-m.main+fp/hard\libcr_eabihelpers.a(memcpy.o)
                0x00003e4c                __aeabi_lowlevel_memset
 .text.__sys_close
                0x00003e7e        0x6 d:/mcuxpressoide/ide/plugins/com.nxp.mcuxpresso.tools.win32_11.7.0.202209140929/tools/bin/../lib/gcc/arm-none-eabi/10.3.1/../../../../arm-none-eabi/lib/thumb/v8-m.main+fp/hard\libcr_nohost_nf.a(__sys_close.o)
                0x00003e7e                __sys_close
 .text.__sys_flen
                0x00003e84        0x6 d:/mcuxpressoide/ide/plugins/com.nxp.mcuxpresso.tools.win32_11.7.0.202209140929/tools/bin/../lib/gcc/arm-none-eabi/10.3.1/../../../../arm-none-eabi/lib/thumb/v8-m.main+fp/hard\libcr_nohost_nf.a(__sys_flen.o)
                0x00003e84                __sys_flen
 .text.__sys_istty
                0x00003e8a        0x6 d:/mcuxpressoide/ide/plugins/com.nxp.mcuxpresso.tools.win32_11.7.0.202209140929/tools/bin/../lib/gcc/arm-none-eabi/10.3.1/../../../../arm-none-eabi/lib/thumb/v8-m.main+fp/hard\libcr_nohost_nf.a(__sys_istty.o)
                0x00003e8a                __sys_istty
 .text.__sys_remove
                0x00003e90        0x6 d:/mcuxpressoide/ide/plugins/com.nxp.mcuxpresso.tools.win32_11.7.0.202209140929/tools/bin/../lib/gcc/arm-none-eabi/10.3.1/../../../../arm-none-eabi/lib/thumb/v8-m.main+fp/hard\libcr_nohost_nf.a(__sys_remove.o)
                0x00003e90                __sys_remove
 .text.__sys_seek
                0x00003e96        0x6 d:/mcuxpressoide/ide/plugins/com.nxp.mcuxpresso.tools.win32_11.7.0.202209140929/tools/bin/../lib/gcc/arm-none-eabi/10.3.1/../../../../arm-none-eabi/lib/thumb/v8-m.main+fp/hard\libcr_nohost_nf.a(__sys_seek.o)
                0x00003e96                __sys_seek
 .text.__sys_tmpnam
                0x00003e9c        0x6 d:/mcuxpressoide/ide/plugins/com.nxp.mcuxpresso.tools.win32_11.7.0.202209140929/tools/bin/../lib/gcc/arm-none-eabi/10.3.1/../../../../arm-none-eabi/lib/thumb/v8-m.main+fp/hard\libcr_nohost_nf.a(__sys_tmpnam.o)
                0x00003e9c                __sys_tmpnam
 .text.__sys_write
                0x00003ea2        0x4 d:/mcuxpressoide/ide/plugins/com.nxp.mcuxpresso.tools.win32_11.7.0.202209140929/tools/bin/../lib/gcc/arm-none-eabi/10.3.1/../../../../arm-none-eabi/lib/thumb/v8-m.main+fp/hard\libcr_nohost_nf.a(__sys_write.o)
                0x00003ea2                __sys_write
 *(SORT_BY_ALIGNMENT(.rodata) SORT_BY_ALIGNMENT(.rodata.*) SORT_BY_ALIGNMENT(.constdata) SORT_BY_ALIGNMENT(.constdata.*))
 *fill*         0x00003ea6        0x2 ff
 .rodata.__assertion_failed.str1.4
                0x00003ea8       0x14 ./utilities/fsl_assert.o
 .rodata.main.str1.4
                0x00003ebc       0x18 ./source/PSA_Lab03.o
 .rodata.SDK_DelayAtLeastUs.str1.4
                0x00003ed4       0x2b ./drivers/fsl_common_arm.o
 *fill*         0x00003eff        0x1 ff
 .rodata.s_ctimerBases
                0x00003f00       0x14 ./drivers/fsl_ctimer.o
 .rodata.s_ctimerClocks
                0x00003f14        0xa ./drivers/fsl_ctimer.o
 *fill*         0x00003f1e        0x2 ff
 .rodata.s_ctimerResets
                0x00003f20       0x14 ./drivers/fsl_ctimer.o
 .rodata.s_ctimerIRQ
                0x00003f34        0x5 ./drivers/fsl_ctimer.o
 *fill*         0x00003f39        0x3 ff
 .rodata.CTIMER_GetInstance.str1.4
                0x00003f3c       0x2e ./drivers/fsl_ctimer.o
 *fill*         0x00003f6a        0x2 ff
 .rodata.CTIMER_Init.str1.4
                0x00003f6c       0x22 ./drivers/fsl_ctimer.o
 *fill*         0x00003f8e        0x2 ff
 .rodata.s_flexcommBaseAddrs
                0x00003f90       0x24 ./drivers/fsl_flexcomm.o
 .rodata.s_flexcommClocks
                0x00003fb4       0x12 ./drivers/fsl_flexcomm.o
 *fill*         0x00003fc6        0x2 ff
 .rodata.s_flexcommResets
                0x00003fc8       0x24 ./drivers/fsl_flexcomm.o
 .rodata.FLEXCOMM_GetInstance.str1.4
                0x00003fec       0x42 ./drivers/fsl_flexcomm.o
 *fill*         0x0000402e        0x2 ff
 .rodata.FLEXCOMM0_DriverIRQHandler.str1.4
                0x00004030       0x3c ./drivers/fsl_flexcomm.o
 .rodata.FLEXCOMM1_DriverIRQHandler.str1.4
                0x0000406c       0x3c ./drivers/fsl_flexcomm.o
 .rodata.FLEXCOMM2_DriverIRQHandler.str1.4
                0x000040a8       0x3c ./drivers/fsl_flexcomm.o
 .rodata.FLEXCOMM3_DriverIRQHandler.str1.4
                0x000040e4       0x3c ./drivers/fsl_flexcomm.o
 .rodata.FLEXCOMM4_DriverIRQHandler.str1.4
                0x00004120       0x3c ./drivers/fsl_flexcomm.o
 .rodata.FLEXCOMM5_DriverIRQHandler.str1.4
                0x0000415c       0x3c ./drivers/fsl_flexcomm.o
 .rodata.FLEXCOMM6_DriverIRQHandler.str1.4
                0x00004198       0x3c ./drivers/fsl_flexcomm.o
 .rodata.FLEXCOMM7_DriverIRQHandler.str1.4
                0x000041d4       0x3c ./drivers/fsl_flexcomm.o
 .rodata.FLEXCOMM8_DriverIRQHandler.str1.4
                0x00004210       0x3c ./drivers/fsl_flexcomm.o
 .rodata.s_gpioClockName
                0x0000424c        0x8 ./drivers/fsl_gpio.o
 .rodata.GPIO_EnablePortClock.str1.4
                0x00004254       0x33 ./drivers/fsl_gpio.o
 *fill*         0x00004287        0x1 ff
 .rodata.RESET_SetPeripheralReset.str1.4
                0x00004288       0x1e ./drivers/fsl_reset.o
 *fill*         0x000042a6        0x2 ff
 .rodata.RESET_ClearPeripheralReset.str1.4
                0x000042a8       0x1e ./drivers/fsl_reset.o
 *fill*         0x000042c6        0x2 ff
 .rodata.USART_Init.str1.4
                0x000042c8       0x4f ./drivers/fsl_usart.o
 *fill*         0x00004317        0x1 ff
 .rodata.USART_GetDefaultConfig.str1.4
                0x00004318       0x21 ./drivers/fsl_usart.o
 *fill*         0x00004339        0x3 ff
 .rodata.USART_SetBaudRate.str1.4
                0x0000433c       0x53 ./drivers/fsl_usart.o
 *fill*         0x0000438f        0x1 ff
 .rodata.USART_WriteBlocking.str1.4
                0x00004390       0x36 ./drivers/fsl_usart.o
 *fill*         0x000043c6        0x2 ff
 .rodata.s_UsartAdapterBase
                0x000043c8       0x20 ./component/uart/fsl_adapter_usart.o
 .rodata.HAL_UartInitCommon.str1.4
                0x000043e8       0xeb ./component/uart/fsl_adapter_usart.o
 *fill*         0x000044d3        0x1 ff
 .rodata.HAL_UartSendBlocking.str1.4
                0x000044d4       0x65 ./component/uart/fsl_adapter_usart.o
 *fill*         0x00004539        0x3 ff
 .rodata.CTIMER2_config
                0x0000453c        0x8 ./board/peripherals.o
                0x0000453c                CTIMER2_config
 .rodata.__num_Ciob_streams
                0x00004544        0x4 d:/mcuxpressoide/ide/plugins/com.nxp.mcuxpresso.tools.win32_11.7.0.202209140929/tools/bin/../lib/gcc/arm-none-eabi/10.3.1/../../../../arm-none-eabi/lib/thumb/v8-m.main+fp/hard\libcr_nohost_nf.a(__ciob.o)
                0x00004544                __num_Ciob_streams
 .rodata._initio.str1.1
                0x00004548        0x4 d:/mcuxpressoide/ide/plugins/com.nxp.mcuxpresso.tools.win32_11.7.0.202209140929/tools/bin/../lib/gcc/arm-none-eabi/10.3.1/../../../../arm-none-eabi/lib/thumb/v8-m.main+fp/hard\libcr_c.a(initio.o)
                0x0000454c                . = ALIGN (0x4)

.glue_7         0x0000454c        0x0
 .glue_7        0x0000454c        0x0 linker stubs

.glue_7t        0x0000454c        0x0
 .glue_7t       0x0000454c        0x0 linker stubs

.vfp11_veneer   0x0000454c        0x0
 .vfp11_veneer  0x0000454c        0x0 linker stubs

.v4_bx          0x0000454c        0x0
 .v4_bx         0x0000454c        0x0 linker stubs

.iplt           0x0000454c        0x0
 .iplt          0x0000454c        0x0 ./utilities/fsl_assert.o

.rel.dyn        0x0000454c        0x0
 .rel.iplt      0x0000454c        0x0 ./utilities/fsl_assert.o

.ARM.extab
 *(SORT_BY_ALIGNMENT(.ARM.extab*) SORT_BY_ALIGNMENT(.gnu.linkonce.armextab.*))

.ARM.exidx      0x0000454c        0x0
                0x0000454c                __exidx_start = .
 *(SORT_BY_ALIGNMENT(.ARM.exidx*) SORT_BY_ALIGNMENT(.gnu.linkonce.armexidx.*))
                0x0000454c                __exidx_end = .
                0x0000454c                _etext = .

.m_usb_data
 *(SORT_BY_ALIGNMENT(m_usb_global))

.data_RAM2      0x04000000        0x0 load address 0x0000454c
 FILL mask 0xff
                [!provide]                PROVIDE (__start_data_RAM2 = .)
                [!provide]                PROVIDE (__start_data_SRAMX = .)
 *(SORT_BY_ALIGNMENT(.ramfunc.$RAM2))
 *(SORT_BY_ALIGNMENT(.ramfunc.$SRAMX))
 *(SORT_BY_ALIGNMENT(.data.$RAM2))
 *(SORT_BY_ALIGNMENT(.data.$SRAMX))
 *(SORT_BY_ALIGNMENT(.data.$RAM2.*))
 *(SORT_BY_ALIGNMENT(.data.$SRAMX.*))
                0x04000000                . = ALIGN (0x4)
                [!provide]                PROVIDE (__end_data_RAM2 = .)
                [!provide]                PROVIDE (__end_data_SRAMX = .)

.data_RAM3      0x40100000        0x0 load address 0x0000454c
 FILL mask 0xff
                [!provide]                PROVIDE (__start_data_RAM3 = .)
                [!provide]                PROVIDE (__start_data_USB_RAM = .)
 *(SORT_BY_ALIGNMENT(.ramfunc.$RAM3))
 *(SORT_BY_ALIGNMENT(.ramfunc.$USB_RAM))
 *(SORT_BY_ALIGNMENT(.data.$RAM3))
 *(SORT_BY_ALIGNMENT(.data.$USB_RAM))
 *(SORT_BY_ALIGNMENT(.data.$RAM3.*))
 *(SORT_BY_ALIGNMENT(.data.$USB_RAM.*))
                0x40100000                . = ALIGN (0x4)
                [!provide]                PROVIDE (__end_data_RAM3 = .)
                [!provide]                PROVIDE (__end_data_USB_RAM = .)

.data_RAM4      0x20040000        0x0 load address 0x0000454c
 FILL mask 0xff
                [!provide]                PROVIDE (__start_data_RAM4 = .)
                [!provide]                PROVIDE (__start_data_SRAM4 = .)
 *(SORT_BY_ALIGNMENT(.ramfunc.$RAM4))
 *(SORT_BY_ALIGNMENT(.ramfunc.$SRAM4))
 *(SORT_BY_ALIGNMENT(.data.$RAM4))
 *(SORT_BY_ALIGNMENT(.data.$SRAM4))
 *(SORT_BY_ALIGNMENT(.data.$RAM4.*))
 *(SORT_BY_ALIGNMENT(.data.$SRAM4.*))
                0x20040000                . = ALIGN (0x4)
                [!provide]                PROVIDE (__end_data_RAM4 = .)
                [!provide]                PROVIDE (__end_data_SRAM4 = .)

.uninit_RESERVED
                0x20000000        0x0
                0x20000000                _start_uninit_RESERVED = .
 *(SORT_BY_ALIGNMENT(.bss.$RESERVED*))
                0x20000000                . = ALIGN (0x4)
                0x20000000                _end_uninit_RESERVED = .

.data           0x20000000        0x8 load address 0x0000454c
 FILL mask 0xff
                0x20000000                _data = .
                [!provide]                PROVIDE (__start_data_RAM = .)
                [!provide]                PROVIDE (__start_data_SRAM = .)
 *(SORT_BY_ALIGNMENT(vtable))
 *(SORT_BY_ALIGNMENT(.ramfunc*))
 *(SORT_BY_ALIGNMENT(CodeQuickAccess))
 *(SORT_BY_ALIGNMENT(DataQuickAccess))
 *(SORT_BY_ALIGNMENT(RamFunction))
 *(SORT_BY_ALIGNMENT(.data*))
 .data.s_Ext_Clk_Freq
                0x20000000        0x4 ./drivers/fsl_clock.o
 .data.SystemCoreClock
                0x20000004        0x4 ./device/system_LPC55S69_cm33_core0.o
                0x20000004                SystemCoreClock
                0x20000008                . = ALIGN (0x4)
                0x20000008                _edata = .
                [!provide]                PROVIDE (__end_data_RAM = .)
                [!provide]                PROVIDE (__end_data_SRAM = .)

.igot.plt       0x20000008        0x0 load address 0x00004554
 .igot.plt      0x20000008        0x0 ./utilities/fsl_assert.o

.bss_RAM2       0x04000000        0x0
                [!provide]                PROVIDE (__start_bss_RAM2 = .)
                [!provide]                PROVIDE (__start_bss_SRAMX = .)
 *(SORT_BY_ALIGNMENT(.bss.$RAM2))
 *(SORT_BY_ALIGNMENT(.bss.$SRAMX))
 *(SORT_BY_ALIGNMENT(.bss.$RAM2.*))
 *(SORT_BY_ALIGNMENT(.bss.$SRAMX.*))
                0x04000000                . = ALIGN ((. != 0x0)?0x4:0x1)
                [!provide]                PROVIDE (__end_bss_RAM2 = .)
                [!provide]                PROVIDE (__end_bss_SRAMX = .)

.bss_RAM3       0x40100000        0x0
                [!provide]                PROVIDE (__start_bss_RAM3 = .)
                [!provide]                PROVIDE (__start_bss_USB_RAM = .)
 *(SORT_BY_ALIGNMENT(.bss.$RAM3))
 *(SORT_BY_ALIGNMENT(.bss.$USB_RAM))
 *(SORT_BY_ALIGNMENT(.bss.$RAM3.*))
 *(SORT_BY_ALIGNMENT(.bss.$USB_RAM.*))
                0x40100000                . = ALIGN ((. != 0x0)?0x4:0x1)
                [!provide]                PROVIDE (__end_bss_RAM3 = .)
                [!provide]                PROVIDE (__end_bss_USB_RAM = .)

.bss_RAM4       0x20040000        0x0
                [!provide]                PROVIDE (__start_bss_RAM4 = .)
                [!provide]                PROVIDE (__start_bss_SRAM4 = .)
 *(SORT_BY_ALIGNMENT(.bss.$RAM4))
 *(SORT_BY_ALIGNMENT(.bss.$SRAM4))
 *(SORT_BY_ALIGNMENT(.bss.$RAM4.*))
 *(SORT_BY_ALIGNMENT(.bss.$SRAM4.*))
                0x20040000                . = ALIGN ((. != 0x0)?0x4:0x1)
                [!provide]                PROVIDE (__end_bss_RAM4 = .)
                [!provide]                PROVIDE (__end_bss_SRAM4 = .)

.bss            0x20000008      0x148
                0x20000008                _bss = .
                [!provide]                PROVIDE (__start_bss_RAM = .)
                [!provide]                PROVIDE (__start_bss_SRAM = .)
 *(SORT_BY_ALIGNMENT(.bss*))
 .bss.s_debugConsoleState
                0x20000008       0x20 ./utilities/fsl_debug_console.o
 .bss.g_serialHandle
                0x20000028        0x4 ./utilities/fsl_debug_console.o
                0x20000028                g_serialHandle
 .bss.s_Pll0_Freq
                0x2000002c        0x4 ./drivers/fsl_clock.o
 .bss.s_ctimerCallback
                0x20000030       0x14 ./drivers/fsl_ctimer.o
 .bss.ctimerCallbackType
                0x20000044        0x5 ./drivers/fsl_ctimer.o
 *fill*         0x20000049        0x3 
 .bss.s_flexcommIrqHandler
                0x2000004c       0x24 ./drivers/fsl_flexcomm.o
 .bss.s_flexcommHandle
                0x20000070       0x24 ./drivers/fsl_flexcomm.o
 .bss.errno     0x20000094        0x4 d:/mcuxpressoide/ide/plugins/com.nxp.mcuxpresso.tools.win32_11.7.0.202209140929/tools/bin/../lib/gcc/arm-none-eabi/10.3.1/../../../../arm-none-eabi/lib/thumb/v8-m.main+fp/hard\libcr_c.a(errno.o)
                0x20000094                errno
 .bss.__Ciob    0x20000098       0xb4 d:/mcuxpressoide/ide/plugins/com.nxp.mcuxpresso.tools.win32_11.7.0.202209140929/tools/bin/../lib/gcc/arm-none-eabi/10.3.1/../../../../arm-none-eabi/lib/thumb/v8-m.main+fp/hard\libcr_nohost_nf.a(__ciob.o)
                0x20000098                __Ciob
 .bss.s_debugConsoleReadWaitSemaphore
                0x2000014c        0x1 ./utilities/fsl_debug_console.o
 *(SORT_BY_ALIGNMENT(COMMON))
                0x20000150                . = ALIGN (0x4)
 *fill*         0x2000014d        0x3 
                0x20000150                _ebss = .
                [!provide]                PROVIDE (__end_bss_RAM = .)
                [!provide]                PROVIDE (__end_bss_SRAM = .)
                [!provide]                PROVIDE (end = .)

.noinit_RAM2    0x04000000        0x0
                [!provide]                PROVIDE (__start_noinit_RAM2 = .)
                [!provide]                PROVIDE (__start_noinit_SRAMX = .)
 *(SORT_BY_ALIGNMENT(.noinit.$RAM2))
 *(SORT_BY_ALIGNMENT(.noinit.$SRAMX))
 *(SORT_BY_ALIGNMENT(.noinit.$RAM2.*))
 *(SORT_BY_ALIGNMENT(.noinit.$SRAMX.*))
                0x04000000                . = ALIGN (0x4)
                [!provide]                PROVIDE (__end_noinit_RAM2 = .)
                [!provide]                PROVIDE (__end_noinit_SRAMX = .)

.noinit_RAM3    0x40100000        0x0
                [!provide]                PROVIDE (__start_noinit_RAM3 = .)
                [!provide]                PROVIDE (__start_noinit_USB_RAM = .)
 *(SORT_BY_ALIGNMENT(.noinit.$RAM3))
 *(SORT_BY_ALIGNMENT(.noinit.$USB_RAM))
 *(SORT_BY_ALIGNMENT(.noinit.$RAM3.*))
 *(SORT_BY_ALIGNMENT(.noinit.$USB_RAM.*))
                0x40100000                . = ALIGN (0x4)
                [!provide]                PROVIDE (__end_noinit_RAM3 = .)
                [!provide]                PROVIDE (__end_noinit_USB_RAM = .)

.noinit_RAM4    0x20040000        0x0
                [!provide]                PROVIDE (__start_noinit_RAM4 = .)
                [!provide]                PROVIDE (__start_noinit_SRAM4 = .)
 *(SORT_BY_ALIGNMENT(.noinit.$RAM4))
 *(SORT_BY_ALIGNMENT(.noinit.$SRAM4))
 *(SORT_BY_ALIGNMENT(.noinit.$RAM4.*))
 *(SORT_BY_ALIGNMENT(.noinit.$SRAM4.*))
                0x20040000                . = ALIGN (0x4)
                [!provide]                PROVIDE (__end_noinit_RAM4 = .)
                [!provide]                PROVIDE (__end_noinit_SRAM4 = .)

.noinit         0x20000150        0x0
                0x20000150                _noinit = .
                [!provide]                PROVIDE (__start_noinit_RAM = .)
                [!provide]                PROVIDE (__start_noinit_SRAM = .)
 *(SORT_BY_ALIGNMENT(.noinit*))
                0x20000150                . = ALIGN (0x4)
                0x20000150                _end_noinit = .
                [!provide]                PROVIDE (__end_noinit_RAM = .)
                [!provide]                PROVIDE (__end_noinit_SRAM = .)
                0x00001000                _HeapSize = 0x1000

.heap           0x20000150     0x1000
                0x20000150                _pvHeapStart = .
                0x20001150                . = (. + _HeapSize)
 *fill*         0x20000150     0x1000 
                0x20001150                . = ALIGN (0x4)
                0x20001150                _pvHeapLimit = .
                0x00001000                _StackSize = 0x1000

.heap2stackfill
                0x20001150     0x1000
                0x20002150                . = (. + _StackSize)
 *fill*         0x20001150     0x1000 

.stack          0x2003f000        0x0
                0x2003f000                _vStackBase = .
                0x2003f000                . = ALIGN (0x4)
                0x20040000                _vStackTop = (. + _StackSize)
                [!provide]                PROVIDE (__valid_user_code_checksum = (0x0 - ((((((_vStackTop + (ResetISR + 0x1)) + (NMI_Handler + 0x1)) + (HardFault_Handler + 0x1)) + (DEFINED (MemManage_Handler)?MemManage_Handler:0x0 + 0x1)) + (DEFINED (BusFault_Handler)?BusFault_Handler:0x0 + 0x1)) + (DEFINED (UsageFault_Handler)?UsageFault_Handler:0x0 + 0x1))))
                0x00000000                _image_start = LOADADDR (.text)
                0x00004554                _image_end = (LOADADDR (.data) + SIZEOF (.data))
                0x00004554                _image_size = (_image_end - _image_start)
OUTPUT(PSA_Lab03.axf elf32-littlearm)
LOAD linker stubs

.debug_info     0x00000000    0x1729d
 .debug_info    0x00000000       0xaa ./utilities/fsl_assert.o
 .debug_info    0x000000aa      0xcb8 ./utilities/fsl_debug_console.o
 .debug_info    0x00000d62      0xc4a ./utilities/fsl_str.o
 .debug_info    0x000019ac      0x707 ./startup/startup_lpc55s69_cm33_core0.o
 .debug_info    0x000020b3      0x4bd ./source/PSA_Lab03.o
 .debug_info    0x00002570       0x3c ./source/semihost_hardfault.o
 .debug_info    0x000025ac     0x3359 ./drivers/fsl_clock.o
 .debug_info    0x00005905      0x604 ./drivers/fsl_common_arm.o
 .debug_info    0x00005f09     0x2286 ./drivers/fsl_ctimer.o
 .debug_info    0x0000818f     0x1b09 ./drivers/fsl_flexcomm.o
 .debug_info    0x00009c98     0x1781 ./drivers/fsl_gpio.o
 .debug_info    0x0000b419     0x2a66 ./drivers/fsl_power.o
 .debug_info    0x0000de7f      0xee3 ./drivers/fsl_reset.o
 .debug_info    0x0000ed62     0x17fe ./drivers/fsl_usart.o
 .debug_info    0x00010560     0x14be ./device/system_LPC55S69_cm33_core0.o
 .debug_info    0x00011a1e      0xc8b ./component/uart/fsl_adapter_usart.o
 .debug_info    0x000126a9      0xcfe ./component/serial_manager/fsl_component_serial_manager.o
 .debug_info    0x000133a7      0x48c ./component/serial_manager/fsl_component_serial_port_uart.o
 .debug_info    0x00013833      0x829 ./board/board.o
 .debug_info    0x0001405c     0x16e1 ./board/clock_config.o
 .debug_info    0x0001573d      0x632 ./board/peripherals.o
 .debug_info    0x00015d6f     0x152e ./board/pin_mux.o

.debug_abbrev   0x00000000     0x2b5a
 .debug_abbrev  0x00000000       0x66 ./utilities/fsl_assert.o
 .debug_abbrev  0x00000066      0x232 ./utilities/fsl_debug_console.o
 .debug_abbrev  0x00000298      0x233 ./utilities/fsl_str.o
 .debug_abbrev  0x000004cb      0x165 ./startup/startup_lpc55s69_cm33_core0.o
 .debug_abbrev  0x00000630      0x19e ./source/PSA_Lab03.o
 .debug_abbrev  0x000007ce       0x31 ./source/semihost_hardfault.o
 .debug_abbrev  0x000007ff      0x374 ./drivers/fsl_clock.o
 .debug_abbrev  0x00000b73      0x153 ./drivers/fsl_common_arm.o
 .debug_abbrev  0x00000cc6      0x382 ./drivers/fsl_ctimer.o
 .debug_abbrev  0x00001048      0x2c0 ./drivers/fsl_flexcomm.o
 .debug_abbrev  0x00001308      0x210 ./drivers/fsl_gpio.o
 .debug_abbrev  0x00001518      0x335 ./drivers/fsl_power.o
 .debug_abbrev  0x0000184d      0x15a ./drivers/fsl_reset.o
 .debug_abbrev  0x000019a7      0x30b ./drivers/fsl_usart.o
 .debug_abbrev  0x00001cb2      0x216 ./device/system_LPC55S69_cm33_core0.o
 .debug_abbrev  0x00001ec8      0x1e0 ./component/uart/fsl_adapter_usart.o
 .debug_abbrev  0x000020a8      0x299 ./component/serial_manager/fsl_component_serial_manager.o
 .debug_abbrev  0x00002341      0x167 ./component/serial_manager/fsl_component_serial_port_uart.o
 .debug_abbrev  0x000024a8       0xd1 ./board/board.o
 .debug_abbrev  0x00002579      0x1ea ./board/clock_config.o
 .debug_abbrev  0x00002763      0x179 ./board/peripherals.o
 .debug_abbrev  0x000028dc      0x27e ./board/pin_mux.o

.debug_aranges  0x00000000      0xd30
 .debug_aranges
                0x00000000       0x20 ./utilities/fsl_assert.o
 .debug_aranges
                0x00000020       0xa8 ./utilities/fsl_debug_console.o
 .debug_aranges
                0x000000c8       0xc8 ./utilities/fsl_str.o
 .debug_aranges
                0x00000190      0x268 ./startup/startup_lpc55s69_cm33_core0.o
 .debug_aranges
                0x000003f8       0x30 ./source/PSA_Lab03.o
 .debug_aranges
                0x00000428       0x20 ./source/semihost_hardfault.o
 .debug_aranges
                0x00000448      0x228 ./drivers/fsl_clock.o
 .debug_aranges
                0x00000670       0x38 ./drivers/fsl_common_arm.o
 .debug_aranges
                0x000006a8       0xe0 ./drivers/fsl_ctimer.o
 .debug_aranges
                0x00000788       0x90 ./drivers/fsl_flexcomm.o
 .debug_aranges
                0x00000818       0x38 ./drivers/fsl_gpio.o
 .debug_aranges
                0x00000850       0xc8 ./drivers/fsl_power.o
 .debug_aranges
                0x00000918       0x30 ./drivers/fsl_reset.o
 .debug_aranges
                0x00000948       0xf8 ./drivers/fsl_usart.o
 .debug_aranges
                0x00000a40       0x88 ./device/system_LPC55S69_cm33_core0.o
 .debug_aranges
                0x00000ac8       0x58 ./component/uart/fsl_adapter_usart.o
 .debug_aranges
                0x00000b20       0xa0 ./component/serial_manager/fsl_component_serial_manager.o
 .debug_aranges
                0x00000bc0       0x48 ./component/serial_manager/fsl_component_serial_port_uart.o
 .debug_aranges
                0x00000c08       0x28 ./board/board.o
 .debug_aranges
                0x00000c30       0x50 ./board/clock_config.o
 .debug_aranges
                0x00000c80       0x38 ./board/peripherals.o
 .debug_aranges
                0x00000cb8       0x78 ./board/pin_mux.o

.debug_ranges   0x00000000      0xc00
 .debug_ranges  0x00000000       0x10 ./utilities/fsl_assert.o
 .debug_ranges  0x00000010       0x98 ./utilities/fsl_debug_console.o
 .debug_ranges  0x000000a8       0xe8 ./utilities/fsl_str.o
 .debug_ranges  0x00000190      0x258 ./startup/startup_lpc55s69_cm33_core0.o
 .debug_ranges  0x000003e8       0x20 ./source/PSA_Lab03.o
 .debug_ranges  0x00000408       0x10 ./source/semihost_hardfault.o
 .debug_ranges  0x00000418      0x218 ./drivers/fsl_clock.o
 .debug_ranges  0x00000630       0x28 ./drivers/fsl_common_arm.o
 .debug_ranges  0x00000658       0xd0 ./drivers/fsl_ctimer.o
 .debug_ranges  0x00000728       0x80 ./drivers/fsl_flexcomm.o
 .debug_ranges  0x000007a8       0x28 ./drivers/fsl_gpio.o
 .debug_ranges  0x000007d0       0xb8 ./drivers/fsl_power.o
 .debug_ranges  0x00000888       0x20 ./drivers/fsl_reset.o
 .debug_ranges  0x000008a8       0xe8 ./drivers/fsl_usart.o
 .debug_ranges  0x00000990       0x78 ./device/system_LPC55S69_cm33_core0.o
 .debug_ranges  0x00000a08       0x48 ./component/uart/fsl_adapter_usart.o
 .debug_ranges  0x00000a50       0x90 ./component/serial_manager/fsl_component_serial_manager.o
 .debug_ranges  0x00000ae0       0x38 ./component/serial_manager/fsl_component_serial_port_uart.o
 .debug_ranges  0x00000b18       0x18 ./board/board.o
 .debug_ranges  0x00000b30       0x40 ./board/clock_config.o
 .debug_ranges  0x00000b70       0x28 ./board/peripherals.o
 .debug_ranges  0x00000b98       0x68 ./board/pin_mux.o

.debug_macro    0x00000000    0x188ea
 .debug_macro   0x00000000      0x17a ./utilities/fsl_assert.o
 .debug_macro   0x0000017a      0xac0 ./utilities/fsl_assert.o
 .debug_macro   0x00000c3a       0x10 ./utilities/fsl_assert.o
 .debug_macro   0x00000c4a       0x1c ./utilities/fsl_assert.o
 .debug_macro   0x00000c66       0x22 ./utilities/fsl_assert.o
 .debug_macro   0x00000c88      0x12e ./utilities/fsl_assert.o
 .debug_macro   0x00000db6      0x5b3 ./utilities/fsl_assert.o
 .debug_macro   0x00001369       0x22 ./utilities/fsl_assert.o
 .debug_macro   0x0000138b       0x10 ./utilities/fsl_assert.o
 .debug_macro   0x0000139b       0x46 ./utilities/fsl_assert.o
 .debug_macro   0x000013e1       0x1c ./utilities/fsl_assert.o
 .debug_macro   0x000013fd       0x29 ./utilities/fsl_assert.o
 .debug_macro   0x00001426       0xfb ./utilities/fsl_assert.o
 .debug_macro   0x00001521     0x167e ./utilities/fsl_assert.o
 .debug_macro   0x00002b9f       0x5e ./utilities/fsl_assert.o
 .debug_macro   0x00002bfd       0x2e ./utilities/fsl_assert.o
 .debug_macro   0x00002c2b    0x116df ./utilities/fsl_assert.o
 .debug_macro   0x0001430a      0x466 ./utilities/fsl_assert.o
 .debug_macro   0x00014770       0x7a ./utilities/fsl_assert.o
 .debug_macro   0x000147ea       0xa8 ./utilities/fsl_assert.o
 .debug_macro   0x00014892      0x2ca ./utilities/fsl_assert.o
 .debug_macro   0x00014b5c       0x16 ./utilities/fsl_assert.o
 .debug_macro   0x00014b72       0xee ./utilities/fsl_assert.o
 .debug_macro   0x00014c60       0x70 ./utilities/fsl_assert.o
 .debug_macro   0x00014cd0       0x46 ./utilities/fsl_assert.o
 .debug_macro   0x00014d16       0x16 ./utilities/fsl_assert.o
 .debug_macro   0x00014d2c       0x6d ./utilities/fsl_assert.o
 .debug_macro   0x00014d99       0x16 ./utilities/fsl_assert.o
 .debug_macro   0x00014daf       0x1c ./utilities/fsl_assert.o
 .debug_macro   0x00014dcb       0x1c ./utilities/fsl_assert.o
 .debug_macro   0x00014de7      0x1f2 ./utilities/fsl_debug_console.o
 .debug_macro   0x00014fd9       0x16 ./utilities/fsl_debug_console.o
 .debug_macro   0x00014fef       0x10 ./utilities/fsl_debug_console.o
 .debug_macro   0x00014fff       0x28 ./utilities/fsl_debug_console.o
 .debug_macro   0x00015027       0x49 ./utilities/fsl_debug_console.o
 .debug_macro   0x00015070       0x1c ./utilities/fsl_debug_console.o
 .debug_macro   0x0001508c      0x1b3 ./utilities/fsl_str.o
 .debug_macro   0x0001523f       0xc4 ./utilities/fsl_str.o
 .debug_macro   0x00015303      0x1c7 ./utilities/fsl_str.o
 .debug_macro   0x000154ca       0x29 ./startup/startup_lpc55s69_cm33_core0.o
 .debug_macro   0x000154f3      0x1ee ./source/PSA_Lab03.o
 .debug_macro   0x000156e1       0xd8 ./source/PSA_Lab03.o
 .debug_macro   0x000157b9      0x4a0 ./source/PSA_Lab03.o
 .debug_macro   0x00015c59       0x10 ./source/PSA_Lab03.o
 .debug_macro   0x00015c69       0xfe ./source/PSA_Lab03.o
 .debug_macro   0x00015d67      0x1f0 ./source/PSA_Lab03.o
 .debug_macro   0x00015f57       0x10 ./source/PSA_Lab03.o
 .debug_macro   0x00015f67       0x3a ./source/PSA_Lab03.o
 .debug_macro   0x00015fa1      0x511 ./source/PSA_Lab03.o
 .debug_macro   0x000164b2       0x11 ./source/semihost_hardfault.o
 .debug_macro   0x000164c3      0x1db ./drivers/fsl_clock.o
 .debug_macro   0x0001669e      0x304 ./drivers/fsl_clock.o
 .debug_macro   0x000169a2      0x13c ./drivers/fsl_common_arm.o
 .debug_macro   0x00016ade      0x14c ./drivers/fsl_ctimer.o
 .debug_macro   0x00016c2a      0x145 ./drivers/fsl_flexcomm.o
 .debug_macro   0x00016d6f       0x10 ./drivers/fsl_flexcomm.o
 .debug_macro   0x00016d7f      0x14c ./drivers/fsl_gpio.o
 .debug_macro   0x00016ecb      0x410 ./drivers/fsl_power.o
 .debug_macro   0x000172db      0x13c ./drivers/fsl_reset.o
 .debug_macro   0x00017417      0x154 ./drivers/fsl_usart.o
 .debug_macro   0x0001756b       0x1c ./drivers/fsl_usart.o
 .debug_macro   0x00017587       0xc1 ./device/system_LPC55S69_cm33_core0.o
 .debug_macro   0x00017648      0x151 ./component/uart/fsl_adapter_usart.o
 .debug_macro   0x00017799       0x22 ./component/uart/fsl_adapter_usart.o
 .debug_macro   0x000177bb       0x46 ./component/uart/fsl_adapter_usart.o
 .debug_macro   0x00017801      0x1b5 ./component/serial_manager/fsl_component_serial_manager.o
 .debug_macro   0x000179b6       0x6a ./component/serial_manager/fsl_component_serial_manager.o
 .debug_macro   0x00017a20      0x179 ./component/serial_manager/fsl_component_serial_port_uart.o
 .debug_macro   0x00017b99      0x1ae ./board/board.o
 .debug_macro   0x00017d47      0x4a6 ./board/board.o
 .debug_macro   0x000181ed      0x15c ./board/clock_config.o
 .debug_macro   0x00018349      0x2fe ./board/clock_config.o
 .debug_macro   0x00018647      0x152 ./board/peripherals.o
 .debug_macro   0x00018799      0x151 ./board/pin_mux.o

.debug_line     0x00000000     0xa23b
 .debug_line    0x00000000      0x44a ./utilities/fsl_assert.o
 .debug_line    0x0000044a      0x85b ./utilities/fsl_debug_console.o
 .debug_line    0x00000ca5      0xe4e ./utilities/fsl_str.o
 .debug_line    0x00001af3      0x6b1 ./startup/startup_lpc55s69_cm33_core0.o
 .debug_line    0x000021a4      0x5b5 ./source/PSA_Lab03.o
 .debug_line    0x00002759       0x59 ./source/semihost_hardfault.o
 .debug_line    0x000027b2     0x1739 ./drivers/fsl_clock.o
 .debug_line    0x00003eeb      0x396 ./drivers/fsl_common_arm.o
 .debug_line    0x00004281      0x8bb ./drivers/fsl_ctimer.o
 .debug_line    0x00004b3c      0x5e9 ./drivers/fsl_flexcomm.o
 .debug_line    0x00005125      0x3b3 ./drivers/fsl_gpio.o
 .debug_line    0x000054d8      0xe5a ./drivers/fsl_power.o
 .debug_line    0x00006332      0x3a0 ./drivers/fsl_reset.o
 .debug_line    0x000066d2      0xf46 ./drivers/fsl_usart.o
 .debug_line    0x00007618      0x681 ./device/system_LPC55S69_cm33_core0.o
 .debug_line    0x00007c99      0x53b ./component/uart/fsl_adapter_usart.o
 .debug_line    0x000081d4      0x797 ./component/serial_manager/fsl_component_serial_manager.o
 .debug_line    0x0000896b      0x536 ./component/serial_manager/fsl_component_serial_port_uart.o
 .debug_line    0x00008ea1      0x4d3 ./board/board.o
 .debug_line    0x00009374      0x472 ./board/clock_config.o
 .debug_line    0x000097e6      0x3b5 ./board/peripherals.o
 .debug_line    0x00009b9b      0x6a0 ./board/pin_mux.o

.debug_str      0x00000000    0xc4924
 .debug_str     0x00000000    0xb3904 ./utilities/fsl_assert.o
                              0xb3988 (size before relaxing)
 .debug_str     0x000b3904     0x1676 ./utilities/fsl_debug_console.o
                              0xb5065 (size before relaxing)
 .debug_str     0x000b4f7a      0xcf5 ./utilities/fsl_str.o
                              0xb46a9 (size before relaxing)
 .debug_str     0x000b5c6f      0x680 ./startup/startup_lpc55s69_cm33_core0.o
                               0x34d6 (size before relaxing)
 .debug_str     0x000b62ef     0x4c6f ./source/PSA_Lab03.o
                              0xb8623 (size before relaxing)
 .debug_str     0x000baf5e       0x1f ./source/semihost_hardfault.o
                               0x2e18 (size before relaxing)
 .debug_str     0x000baf7d     0x4296 ./drivers/fsl_clock.o
                              0xb7ca1 (size before relaxing)
 .debug_str     0x000bf213      0x3a5 ./drivers/fsl_common_arm.o
                              0xb31e0 (size before relaxing)
 .debug_str     0x000bf5b8     0x10c6 ./drivers/fsl_ctimer.o
                              0xb584b (size before relaxing)
 .debug_str     0x000c067e      0x345 ./drivers/fsl_flexcomm.o
                              0xb534f (size before relaxing)
 .debug_str     0x000c09c3      0x11c ./drivers/fsl_gpio.o
                              0xb4cc4 (size before relaxing)
 .debug_str     0x000c0adf     0x2157 ./drivers/fsl_power.o
                              0xb81a4 (size before relaxing)
 .debug_str     0x000c2c36       0xae ./drivers/fsl_reset.o
                              0xb3c4a (size before relaxing)
 .debug_str     0x000c2ce4      0xd91 ./drivers/fsl_usart.o
                              0xb4d22 (size before relaxing)
 .debug_str     0x000c3a75      0x12f ./device/system_LPC55S69_cm33_core0.o
                              0xb0fb8 (size before relaxing)
 .debug_str     0x000c3ba4      0x318 ./component/uart/fsl_adapter_usart.o
                              0xb4466 (size before relaxing)
 .debug_str     0x000c3ebc      0x553 ./component/serial_manager/fsl_component_serial_manager.o
                              0xb4bb0 (size before relaxing)
 .debug_str     0x000c440f      0x106 ./component/serial_manager/fsl_component_serial_port_uart.o
                              0xb3d45 (size before relaxing)
 .debug_str     0x000c4515       0x54 ./board/board.o
                              0xb7ecc (size before relaxing)
 .debug_str     0x000c4569       0xac ./board/clock_config.o
                              0xb77ca (size before relaxing)
 .debug_str     0x000c4615       0x80 ./board/peripherals.o
                              0xb3bb4 (size before relaxing)
 .debug_str     0x000c4695      0x28f ./board/pin_mux.o
                              0xb5a0e (size before relaxing)

.comment        0x00000000       0x49
 .comment       0x00000000       0x49 ./utilities/fsl_assert.o
                                 0x4a (size before relaxing)
 .comment       0x00000049       0x4a ./utilities/fsl_debug_console.o
 .comment       0x00000049       0x4a ./utilities/fsl_str.o
 .comment       0x00000049       0x4a ./startup/startup_lpc55s69_cm33_core0.o
 .comment       0x00000049       0x4a ./source/PSA_Lab03.o
 .comment       0x00000049       0x4a ./source/semihost_hardfault.o
 .comment       0x00000049       0x4a ./drivers/fsl_clock.o
 .comment       0x00000049       0x4a ./drivers/fsl_common_arm.o
 .comment       0x00000049       0x4a ./drivers/fsl_ctimer.o
 .comment       0x00000049       0x4a ./drivers/fsl_flexcomm.o
 .comment       0x00000049       0x4a ./drivers/fsl_gpio.o
 .comment       0x00000049       0x4a ./drivers/fsl_power.o
 .comment       0x00000049       0x4a ./drivers/fsl_reset.o
 .comment       0x00000049       0x4a ./drivers/fsl_usart.o
 .comment       0x00000049       0x4a ./device/system_LPC55S69_cm33_core0.o
 .comment       0x00000049       0x4a ./component/uart/fsl_adapter_usart.o
 .comment       0x00000049       0x4a ./component/serial_manager/fsl_component_serial_manager.o
 .comment       0x00000049       0x4a ./component/serial_manager/fsl_component_serial_port_uart.o
 .comment       0x00000049       0x4a ./board/board.o
 .comment       0x00000049       0x4a ./board/clock_config.o
 .comment       0x00000049       0x4a ./board/peripherals.o
 .comment       0x00000049       0x4a ./board/pin_mux.o
 .comment       0x00000049       0x4a d:/mcuxpressoide/ide/plugins/com.nxp.mcuxpresso.tools.win32_11.7.0.202209140929/tools/bin/../lib/gcc/arm-none-eabi/10.3.1/../../../../arm-none-eabi/lib/thumb/v8-m.main+fp/hard\libcr_nohost_nf.a(_cr__main.o)
 .comment       0x00000049       0x4a d:/mcuxpressoide/ide/plugins/com.nxp.mcuxpresso.tools.win32_11.7.0.202209140929/tools/bin/../lib/gcc/arm-none-eabi/10.3.1/../../../../arm-none-eabi/lib/thumb/v8-m.main+fp/hard\libcr_c.a(memcpy.o)
 .comment       0x00000049       0x4a d:/mcuxpressoide/ide/plugins/com.nxp.mcuxpresso.tools.win32_11.7.0.202209140929/tools/bin/../lib/gcc/arm-none-eabi/10.3.1/../../../../arm-none-eabi/lib/thumb/v8-m.main+fp/hard\libcr_c.a(memset.o)
 .comment       0x00000049       0x4a d:/mcuxpressoide/ide/plugins/com.nxp.mcuxpresso.tools.win32_11.7.0.202209140929/tools/bin/../lib/gcc/arm-none-eabi/10.3.1/../../../../arm-none-eabi/lib/thumb/v8-m.main+fp/hard\libcr_c.a(alloc.o)
 .comment       0x00000049       0x4a d:/mcuxpressoide/ide/plugins/com.nxp.mcuxpresso.tools.win32_11.7.0.202209140929/tools/bin/../lib/gcc/arm-none-eabi/10.3.1/../../../../arm-none-eabi/lib/thumb/v8-m.main+fp/hard\libcr_c.a(errno.o)
 .comment       0x00000049       0x4a d:/mcuxpressoide/ide/plugins/com.nxp.mcuxpresso.tools.win32_11.7.0.202209140929/tools/bin/../lib/gcc/arm-none-eabi/10.3.1/../../../../arm-none-eabi/lib/thumb/v8-m.main+fp/hard\libcr_c.a(initio.o)
 .comment       0x00000049       0x4a d:/mcuxpressoide/ide/plugins/com.nxp.mcuxpresso.tools.win32_11.7.0.202209140929/tools/bin/../lib/gcc/arm-none-eabi/10.3.1/../../../../arm-none-eabi/lib/thumb/v8-m.main+fp/hard\libcr_c.a(setvbuf.o)
 .comment       0x00000049       0x4a d:/mcuxpressoide/ide/plugins/com.nxp.mcuxpresso.tools.win32_11.7.0.202209140929/tools/bin/../lib/gcc/arm-none-eabi/10.3.1/../../../../arm-none-eabi/lib/thumb/v8-m.main+fp/hard\libcr_c.a(strlen.o)
 .comment       0x00000049       0x4a d:/mcuxpressoide/ide/plugins/com.nxp.mcuxpresso.tools.win32_11.7.0.202209140929/tools/bin/../lib/gcc/arm-none-eabi/10.3.1/../../../../arm-none-eabi/lib/thumb/v8-m.main+fp/hard\libcr_c.a(_deferredlazyseek.o)
 .comment       0x00000049       0x4a d:/mcuxpressoide/ide/plugins/com.nxp.mcuxpresso.tools.win32_11.7.0.202209140929/tools/bin/../lib/gcc/arm-none-eabi/10.3.1/../../../../arm-none-eabi/lib/thumb/v8-m.main+fp/hard\libcr_c.a(_fdopen.o)
 .comment       0x00000049       0x4a d:/mcuxpressoide/ide/plugins/com.nxp.mcuxpresso.tools.win32_11.7.0.202209140929/tools/bin/../lib/gcc/arm-none-eabi/10.3.1/../../../../arm-none-eabi/lib/thumb/v8-m.main+fp/hard\libcr_c.a(_fflush.o)
 .comment       0x00000049       0x4a d:/mcuxpressoide/ide/plugins/com.nxp.mcuxpresso.tools.win32_11.7.0.202209140929/tools/bin/../lib/gcc/arm-none-eabi/10.3.1/../../../../arm-none-eabi/lib/thumb/v8-m.main+fp/hard\libcr_c.a(_writebuf.o)
 .comment       0x00000049       0x4a d:/mcuxpressoide/ide/plugins/com.nxp.mcuxpresso.tools.win32_11.7.0.202209140929/tools/bin/../lib/gcc/arm-none-eabi/10.3.1/../../../../arm-none-eabi/lib/thumb/v8-m.main+fp/hard\libcr_c.a(fclose.o)
 .comment       0x00000049       0x4a d:/mcuxpressoide/ide/plugins/com.nxp.mcuxpresso.tools.win32_11.7.0.202209140929/tools/bin/../lib/gcc/arm-none-eabi/10.3.1/../../../../arm-none-eabi/lib/thumb/v8-m.main+fp/hard\libcr_c.a(fflush.o)
 .comment       0x00000049       0x4a d:/mcuxpressoide/ide/plugins/com.nxp.mcuxpresso.tools.win32_11.7.0.202209140929/tools/bin/../lib/gcc/arm-none-eabi/10.3.1/../../../../arm-none-eabi/lib/thumb/v8-m.main+fp/hard\libcr_c.a(fseek.o)
 .comment       0x00000049       0x4a d:/mcuxpressoide/ide/plugins/com.nxp.mcuxpresso.tools.win32_11.7.0.202209140929/tools/bin/../lib/gcc/arm-none-eabi/10.3.1/../../../../arm-none-eabi/lib/thumb/v8-m.main+fp/hard\libcr_c.a(ftell.o)
 .comment       0x00000049       0x4a d:/mcuxpressoide/ide/plugins/com.nxp.mcuxpresso.tools.win32_11.7.0.202209140929/tools/bin/../lib/gcc/arm-none-eabi/10.3.1/../../../../arm-none-eabi/lib/thumb/v8-m.main+fp/hard\libcr_c.a(remove.o)
 .comment       0x00000049       0x4a d:/mcuxpressoide/ide/plugins/com.nxp.mcuxpresso.tools.win32_11.7.0.202209140929/tools/bin/../lib/gcc/arm-none-eabi/10.3.1/../../../../arm-none-eabi/lib/thumb/v8-m.main+fp/hard\libcr_c.a(_do_fflush.o)
 .comment       0x00000049       0x4a d:/mcuxpressoide/ide/plugins/com.nxp.mcuxpresso.tools.win32_11.7.0.202209140929/tools/bin/../lib/gcc/arm-none-eabi/10.3.1/../../../../arm-none-eabi/lib/thumb/v8-m.main+fp/hard\libcr_nohost_nf.a(__ciob.o)
 .comment       0x00000049       0x4a d:/mcuxpressoide/ide/plugins/com.nxp.mcuxpresso.tools.win32_11.7.0.202209140929/tools/bin/../lib/gcc/arm-none-eabi/10.3.1/../../../../arm-none-eabi/lib/thumb/v8-m.main+fp/hard\libcr_nohost_nf.a(__sys_close.o)
 .comment       0x00000049       0x4a d:/mcuxpressoide/ide/plugins/com.nxp.mcuxpresso.tools.win32_11.7.0.202209140929/tools/bin/../lib/gcc/arm-none-eabi/10.3.1/../../../../arm-none-eabi/lib/thumb/v8-m.main+fp/hard\libcr_nohost_nf.a(__sys_flen.o)
 .comment       0x00000049       0x4a d:/mcuxpressoide/ide/plugins/com.nxp.mcuxpresso.tools.win32_11.7.0.202209140929/tools/bin/../lib/gcc/arm-none-eabi/10.3.1/../../../../arm-none-eabi/lib/thumb/v8-m.main+fp/hard\libcr_nohost_nf.a(__sys_istty.o)
 .comment       0x00000049       0x4a d:/mcuxpressoide/ide/plugins/com.nxp.mcuxpresso.tools.win32_11.7.0.202209140929/tools/bin/../lib/gcc/arm-none-eabi/10.3.1/../../../../arm-none-eabi/lib/thumb/v8-m.main+fp/hard\libcr_nohost_nf.a(__sys_remove.o)
 .comment       0x00000049       0x4a d:/mcuxpressoide/ide/plugins/com.nxp.mcuxpresso.tools.win32_11.7.0.202209140929/tools/bin/../lib/gcc/arm-none-eabi/10.3.1/../../../../arm-none-eabi/lib/thumb/v8-m.main+fp/hard\libcr_nohost_nf.a(__sys_seek.o)
 .comment       0x00000049       0x4a d:/mcuxpressoide/ide/plugins/com.nxp.mcuxpresso.tools.win32_11.7.0.202209140929/tools/bin/../lib/gcc/arm-none-eabi/10.3.1/../../../../arm-none-eabi/lib/thumb/v8-m.main+fp/hard\libcr_nohost_nf.a(__sys_tmpnam.o)
 .comment       0x00000049       0x4a d:/mcuxpressoide/ide/plugins/com.nxp.mcuxpresso.tools.win32_11.7.0.202209140929/tools/bin/../lib/gcc/arm-none-eabi/10.3.1/../../../../arm-none-eabi/lib/thumb/v8-m.main+fp/hard\libcr_nohost_nf.a(__sys_write.o)

.ARM.attributes
                0x00000000       0x38
 .ARM.attributes
                0x00000000       0x3a ./utilities/fsl_assert.o
 .ARM.attributes
                0x0000003a       0x3a ./utilities/fsl_debug_console.o
 .ARM.attributes
                0x00000074       0x3a ./utilities/fsl_str.o
 .ARM.attributes
                0x000000ae       0x3a ./startup/startup_lpc55s69_cm33_core0.o
 .ARM.attributes
                0x000000e8       0x3a ./source/PSA_Lab03.o
 .ARM.attributes
                0x00000122       0x3a ./source/semihost_hardfault.o
 .ARM.attributes
                0x0000015c       0x3a ./drivers/fsl_clock.o
 .ARM.attributes
                0x00000196       0x3a ./drivers/fsl_common_arm.o
 .ARM.attributes
                0x000001d0       0x3a ./drivers/fsl_ctimer.o
 .ARM.attributes
                0x0000020a       0x3a ./drivers/fsl_flexcomm.o
 .ARM.attributes
                0x00000244       0x3a ./drivers/fsl_gpio.o
 .ARM.attributes
                0x0000027e       0x3a ./drivers/fsl_power.o
 .ARM.attributes
                0x000002b8       0x3a ./drivers/fsl_reset.o
 .ARM.attributes
                0x000002f2       0x3a ./drivers/fsl_usart.o
 .ARM.attributes
                0x0000032c       0x3a ./device/system_LPC55S69_cm33_core0.o
 .ARM.attributes
                0x00000366       0x3a ./component/uart/fsl_adapter_usart.o
 .ARM.attributes
                0x000003a0       0x3a ./component/serial_manager/fsl_component_serial_manager.o
 .ARM.attributes
                0x000003da       0x3a ./component/serial_manager/fsl_component_serial_port_uart.o
 .ARM.attributes
                0x00000414       0x3a ./board/board.o
 .ARM.attributes
                0x0000044e       0x3a ./board/clock_config.o
 .ARM.attributes
                0x00000488       0x3a ./board/peripherals.o
 .ARM.attributes
                0x000004c2       0x3a ./board/pin_mux.o
 .ARM.attributes
                0x000004fc       0x38 d:/mcuxpressoide/ide/plugins/com.nxp.mcuxpresso.tools.win32_11.7.0.202209140929/tools/bin/../lib/gcc/arm-none-eabi/10.3.1/../../../../arm-none-eabi/lib/thumb/v8-m.main+fp/hard\libcr_nohost_nf.a(_cr__main.o)
 .ARM.attributes
                0x00000534       0x38 d:/mcuxpressoide/ide/plugins/com.nxp.mcuxpresso.tools.win32_11.7.0.202209140929/tools/bin/../lib/gcc/arm-none-eabi/10.3.1/../../../../arm-none-eabi/lib/thumb/v8-m.main+fp/hard\libcr_c.a(memcpy.o)
 .ARM.attributes
                0x0000056c       0x38 d:/mcuxpressoide/ide/plugins/com.nxp.mcuxpresso.tools.win32_11.7.0.202209140929/tools/bin/../lib/gcc/arm-none-eabi/10.3.1/../../../../arm-none-eabi/lib/thumb/v8-m.main+fp/hard\libcr_c.a(memset.o)
 .ARM.attributes
                0x000005a4       0x38 d:/mcuxpressoide/ide/plugins/com.nxp.mcuxpresso.tools.win32_11.7.0.202209140929/tools/bin/../lib/gcc/arm-none-eabi/10.3.1/../../../../arm-none-eabi/lib/thumb/v8-m.main+fp/hard\libcr_c.a(alloc.o)
 .ARM.attributes
                0x000005dc       0x38 d:/mcuxpressoide/ide/plugins/com.nxp.mcuxpresso.tools.win32_11.7.0.202209140929/tools/bin/../lib/gcc/arm-none-eabi/10.3.1/../../../../arm-none-eabi/lib/thumb/v8-m.main+fp/hard\libcr_c.a(errno.o)
 .ARM.attributes
                0x00000614       0x38 d:/mcuxpressoide/ide/plugins/com.nxp.mcuxpresso.tools.win32_11.7.0.202209140929/tools/bin/../lib/gcc/arm-none-eabi/10.3.1/../../../../arm-none-eabi/lib/thumb/v8-m.main+fp/hard\libcr_c.a(initio.o)
 .ARM.attributes
                0x0000064c       0x38 d:/mcuxpressoide/ide/plugins/com.nxp.mcuxpresso.tools.win32_11.7.0.202209140929/tools/bin/../lib/gcc/arm-none-eabi/10.3.1/../../../../arm-none-eabi/lib/thumb/v8-m.main+fp/hard\libcr_c.a(setvbuf.o)
 .ARM.attributes
                0x00000684       0x38 d:/mcuxpressoide/ide/plugins/com.nxp.mcuxpresso.tools.win32_11.7.0.202209140929/tools/bin/../lib/gcc/arm-none-eabi/10.3.1/../../../../arm-none-eabi/lib/thumb/v8-m.main+fp/hard\libcr_c.a(strlen.o)
 .ARM.attributes
                0x000006bc       0x38 d:/mcuxpressoide/ide/plugins/com.nxp.mcuxpresso.tools.win32_11.7.0.202209140929/tools/bin/../lib/gcc/arm-none-eabi/10.3.1/../../../../arm-none-eabi/lib/thumb/v8-m.main+fp/hard\libcr_c.a(_deferredlazyseek.o)
 .ARM.attributes
                0x000006f4       0x38 d:/mcuxpressoide/ide/plugins/com.nxp.mcuxpresso.tools.win32_11.7.0.202209140929/tools/bin/../lib/gcc/arm-none-eabi/10.3.1/../../../../arm-none-eabi/lib/thumb/v8-m.main+fp/hard\libcr_c.a(_fdopen.o)
 .ARM.attributes
                0x0000072c       0x38 d:/mcuxpressoide/ide/plugins/com.nxp.mcuxpresso.tools.win32_11.7.0.202209140929/tools/bin/../lib/gcc/arm-none-eabi/10.3.1/../../../../arm-none-eabi/lib/thumb/v8-m.main+fp/hard\libcr_c.a(_fflush.o)
 .ARM.attributes
                0x00000764       0x38 d:/mcuxpressoide/ide/plugins/com.nxp.mcuxpresso.tools.win32_11.7.0.202209140929/tools/bin/../lib/gcc/arm-none-eabi/10.3.1/../../../../arm-none-eabi/lib/thumb/v8-m.main+fp/hard\libcr_c.a(_writebuf.o)
 .ARM.attributes
                0x0000079c       0x38 d:/mcuxpressoide/ide/plugins/com.nxp.mcuxpresso.tools.win32_11.7.0.202209140929/tools/bin/../lib/gcc/arm-none-eabi/10.3.1/../../../../arm-none-eabi/lib/thumb/v8-m.main+fp/hard\libcr_c.a(fclose.o)
 .ARM.attributes
                0x000007d4       0x38 d:/mcuxpressoide/ide/plugins/com.nxp.mcuxpresso.tools.win32_11.7.0.202209140929/tools/bin/../lib/gcc/arm-none-eabi/10.3.1/../../../../arm-none-eabi/lib/thumb/v8-m.main+fp/hard\libcr_c.a(fflush.o)
 .ARM.attributes
                0x0000080c       0x38 d:/mcuxpressoide/ide/plugins/com.nxp.mcuxpresso.tools.win32_11.7.0.202209140929/tools/bin/../lib/gcc/arm-none-eabi/10.3.1/../../../../arm-none-eabi/lib/thumb/v8-m.main+fp/hard\libcr_c.a(fseek.o)
 .ARM.attributes
                0x00000844       0x38 d:/mcuxpressoide/ide/plugins/com.nxp.mcuxpresso.tools.win32_11.7.0.202209140929/tools/bin/../lib/gcc/arm-none-eabi/10.3.1/../../../../arm-none-eabi/lib/thumb/v8-m.main+fp/hard\libcr_c.a(ftell.o)
 .ARM.attributes
                0x0000087c       0x38 d:/mcuxpressoide/ide/plugins/com.nxp.mcuxpresso.tools.win32_11.7.0.202209140929/tools/bin/../lib/gcc/arm-none-eabi/10.3.1/../../../../arm-none-eabi/lib/thumb/v8-m.main+fp/hard\libcr_c.a(remove.o)
 .ARM.attributes
                0x000008b4       0x38 d:/mcuxpressoide/ide/plugins/com.nxp.mcuxpresso.tools.win32_11.7.0.202209140929/tools/bin/../lib/gcc/arm-none-eabi/10.3.1/../../../../arm-none-eabi/lib/thumb/v8-m.main+fp/hard\libcr_c.a(_do_fflush.o)
 .ARM.attributes
                0x000008ec       0x24 d:/mcuxpressoide/ide/plugins/com.nxp.mcuxpresso.tools.win32_11.7.0.202209140929/tools/bin/../lib/gcc/arm-none-eabi/10.3.1/thumb/v8-m.main+fp/hard\libcr_eabihelpers.a(division_64.o)
 .ARM.attributes
                0x00000910       0x24 d:/mcuxpressoide/ide/plugins/com.nxp.mcuxpresso.tools.win32_11.7.0.202209140929/tools/bin/../lib/gcc/arm-none-eabi/10.3.1/thumb/v8-m.main+fp/hard\libcr_eabihelpers.a(division_idiv0.o)
 .ARM.attributes
                0x00000934       0x24 d:/mcuxpressoide/ide/plugins/com.nxp.mcuxpresso.tools.win32_11.7.0.202209140929/tools/bin/../lib/gcc/arm-none-eabi/10.3.1/thumb/v8-m.main+fp/hard\libcr_eabihelpers.a(memcpy.o)
 .ARM.attributes
                0x00000958       0x38 d:/mcuxpressoide/ide/plugins/com.nxp.mcuxpresso.tools.win32_11.7.0.202209140929/tools/bin/../lib/gcc/arm-none-eabi/10.3.1/../../../../arm-none-eabi/lib/thumb/v8-m.main+fp/hard\libcr_nohost_nf.a(__ciob.o)
 .ARM.attributes
                0x00000990       0x38 d:/mcuxpressoide/ide/plugins/com.nxp.mcuxpresso.tools.win32_11.7.0.202209140929/tools/bin/../lib/gcc/arm-none-eabi/10.3.1/../../../../arm-none-eabi/lib/thumb/v8-m.main+fp/hard\libcr_nohost_nf.a(__sys_close.o)
 .ARM.attributes
                0x000009c8       0x38 d:/mcuxpressoide/ide/plugins/com.nxp.mcuxpresso.tools.win32_11.7.0.202209140929/tools/bin/../lib/gcc/arm-none-eabi/10.3.1/../../../../arm-none-eabi/lib/thumb/v8-m.main+fp/hard\libcr_nohost_nf.a(__sys_flen.o)
 .ARM.attributes
                0x00000a00       0x38 d:/mcuxpressoide/ide/plugins/com.nxp.mcuxpresso.tools.win32_11.7.0.202209140929/tools/bin/../lib/gcc/arm-none-eabi/10.3.1/../../../../arm-none-eabi/lib/thumb/v8-m.main+fp/hard\libcr_nohost_nf.a(__sys_istty.o)
 .ARM.attributes
                0x00000a38       0x38 d:/mcuxpressoide/ide/plugins/com.nxp.mcuxpresso.tools.win32_11.7.0.202209140929/tools/bin/../lib/gcc/arm-none-eabi/10.3.1/../../../../arm-none-eabi/lib/thumb/v8-m.main+fp/hard\libcr_nohost_nf.a(__sys_remove.o)
 .ARM.attributes
                0x00000a70       0x38 d:/mcuxpressoide/ide/plugins/com.nxp.mcuxpresso.tools.win32_11.7.0.202209140929/tools/bin/../lib/gcc/arm-none-eabi/10.3.1/../../../../arm-none-eabi/lib/thumb/v8-m.main+fp/hard\libcr_nohost_nf.a(__sys_seek.o)
 .ARM.attributes
                0x00000aa8       0x38 d:/mcuxpressoide/ide/plugins/com.nxp.mcuxpresso.tools.win32_11.7.0.202209140929/tools/bin/../lib/gcc/arm-none-eabi/10.3.1/../../../../arm-none-eabi/lib/thumb/v8-m.main+fp/hard\libcr_nohost_nf.a(__sys_tmpnam.o)
 .ARM.attributes
                0x00000ae0       0x38 d:/mcuxpressoide/ide/plugins/com.nxp.mcuxpresso.tools.win32_11.7.0.202209140929/tools/bin/../lib/gcc/arm-none-eabi/10.3.1/../../../../arm-none-eabi/lib/thumb/v8-m.main+fp/hard\libcr_nohost_nf.a(__sys_write.o)

.debug_frame    0x00000000     0x30e4
 .debug_frame   0x00000000       0x30 ./utilities/fsl_assert.o
 .debug_frame   0x00000030      0x2d4 ./utilities/fsl_debug_console.o
 .debug_frame   0x00000304      0x394 ./utilities/fsl_str.o
 .debug_frame   0x00000698      0x69c ./startup/startup_lpc55s69_cm33_core0.o
 .debug_frame   0x00000d34       0x7c ./source/PSA_Lab03.o
 .debug_frame   0x00000db0       0x20 ./source/semihost_hardfault.o
 .debug_frame   0x00000dd0      0x9a8 ./drivers/fsl_clock.o
 .debug_frame   0x00001778       0xa0 ./drivers/fsl_common_arm.o
 .debug_frame   0x00001818      0x38c ./drivers/fsl_ctimer.o
 .debug_frame   0x00001ba4      0x234 ./drivers/fsl_flexcomm.o
 .debug_frame   0x00001dd8       0xa4 ./drivers/fsl_gpio.o
 .debug_frame   0x00001e7c      0x380 ./drivers/fsl_power.o
 .debug_frame   0x000021fc       0x7c ./drivers/fsl_reset.o
 .debug_frame   0x00002278      0x41c ./drivers/fsl_usart.o
 .debug_frame   0x00002694      0x20c ./device/system_LPC55S69_cm33_core0.o
 .debug_frame   0x000028a0      0x134 ./component/uart/fsl_adapter_usart.o
 .debug_frame   0x000029d4      0x280 ./component/serial_manager/fsl_component_serial_manager.o
 .debug_frame   0x00002c54       0xe8 ./component/serial_manager/fsl_component_serial_port_uart.o
 .debug_frame   0x00002d3c       0x58 ./board/board.o
 .debug_frame   0x00002d94       0xf8 ./board/clock_config.o
 .debug_frame   0x00002e8c       0x94 ./board/peripherals.o
 .debug_frame   0x00002f20      0x1c4 ./board/pin_mux.o

Cross Reference Table

Symbol                                            File
ACMP_DriverIRQHandler                             ./startup/startup_lpc55s69_cm33_core0.o
ACMP_IRQHandler                                   ./startup/startup_lpc55s69_cm33_core0.o
ADC0_DriverIRQHandler                             ./startup/startup_lpc55s69_cm33_core0.o
ADC0_IRQHandler                                   ./startup/startup_lpc55s69_cm33_core0.o
BOARD_BootClockFRO12M                             ./board/clock_config.o
BOARD_BootClockFROHF96M                           ./board/clock_config.o
BOARD_BootClockPLL100M                            ./board/clock_config.o
BOARD_BootClockPLL150M                            ./board/clock_config.o
BOARD_BootClockPLL1_150M                          ./board/clock_config.o
BOARD_InitACCELPins                               ./board/pin_mux.o